ROC=2
Bank=0x0201
!V1495 slave 1, electron single event mode
! module.type, module.num,  chan.num, det.type, det.name,  plane,  strip.num
V1495,	       	0,	0,	esingle,	compton_e,   1,    0
V1495,	       	0,	1,	esingle,	compton_e,   1,    1
V1495,	       	0,	2,	esingle,	compton_e,   1,    2
V1495,	       	0,	3,	esingle,	compton_e,   1,    3
V1495,	       	0,	4,	esingle,	compton_e,   1,    4
V1495,	       	0,	5,	esingle,	compton_e,   1,    5
V1495,	       	0,	6,	esingle,	compton_e,   1,    6
V1495,	       	0,	7,	esingle,	compton_e,   1,    7
V1495,	       	0,	8,	esingle,	compton_e,   1,    8
V1495,	       	0,	9,	esingle,	compton_e,   1,    9
V1495,	       	0,     10,	esingle,	compton_e,   1,   10
V1495,	       	0,     11,	esingle,	compton_e,   1,   11
V1495,	       	0,     12,	esingle,	compton_e,   1,   12
V1495,	       	0,     13,	esingle,	compton_e,   1,   13
V1495,	       	0,     14,	esingle,	compton_e,   1,   14
V1495,	       	0,     15,	esingle,	compton_e,   1,   15
V1495,	       	0,     16,	esingle,	compton_e,   1,   16
V1495,	       	0,     17,	esingle,	compton_e,   1,   17
V1495,	       	0,     18,	esingle,	compton_e,   1,   18
V1495,	       	0,     19,	esingle,	compton_e,   1,   19
V1495,	       	0,     20,	esingle,	compton_e,   1,   20
V1495,	       	0,     21,	esingle,	compton_e,   1,   21
V1495,	       	0,     22,	esingle,	compton_e,   1,   22
V1495,	       	0,     23,	esingle,	compton_e,   1,   23
V1495,	       	0,     24,	esingle,	compton_e,   1,   24
V1495,	       	0,     25,	esingle,	compton_e,   1,   25
V1495,	       	0,     26,	esingle,	compton_e,   1,   26
V1495,	       	0,     27,	esingle,	compton_e,   1,   27
V1495,	       	0,     28,	esingle,	compton_e,   1,   28
V1495,	       	0,     29,	esingle,	compton_e,   1,   29
V1495,	       	0,     30,	esingle,	compton_e,   1,   30
V1495,	       	0,     31,	esingle,	compton_e,   1,   31
V1495,	       	0,     32,	esingle,	compton_e,   2,    0
V1495,	       	0,     33,	esingle,	compton_e,   2,    1
V1495,	       	0,     34,	esingle,	compton_e,   2,    2
V1495,	       	0,     35,	esingle,	compton_e,   2,    3
V1495,	       	0,     36,	esingle,	compton_e,   2,    4
V1495,	       	0,     37,	esingle,	compton_e,   2,    5
V1495,	       	0,     38,	esingle,	compton_e,   2,    6
V1495,	       	0,     39,	esingle,	compton_e,   2,    7
V1495,	       	0,     40,	esingle,	compton_e,   2,    8
V1495,	       	0,     41,	esingle,	compton_e,   2,    9
V1495,	       	0,     42,	esingle,	compton_e,   2,   10
V1495,	       	0,     43,	esingle,	compton_e,   2,   11
V1495,	       	0,     44,	esingle,	compton_e,   2,   12
V1495,	       	0,     45,	esingle,	compton_e,   2,   13
V1495,	       	0,     46,	esingle,	compton_e,   2,   14
V1495,	       	0,     47,	esingle,	compton_e,   2,   15
V1495,	       	0,     48,	esingle,	compton_e,   2,   16
V1495,	       	0,     49,	esingle,	compton_e,   2,   17
V1495,	       	0,     50,	esingle,	compton_e,   2,   18
V1495,	       	0,     51,	esingle,	compton_e,   2,   19
V1495,	       	0,     52,	esingle,	compton_e,   2,   20
V1495,	       	0,     53,	esingle,	compton_e,   2,   21
V1495,	       	0,     54,	esingle,	compton_e,   2,   22
V1495,	       	0,     55,	esingle,	compton_e,   2,   23
V1495,	       	0,     56,	esingle,	compton_e,   2,   24
V1495,	       	0,     57,	esingle,	compton_e,   2,   25
V1495,	       	0,     58,	esingle,	compton_e,   2,   26
V1495,	       	0,     59,	esingle,	compton_e,   2,   27
V1495,	       	0,     60,	esingle,	compton_e,   2,   28
V1495,	       	0,     61,	esingle,	compton_e,   2,   29
V1495,	       	0,     62,	esingle,	compton_e,   2,   30
V1495,	       	0,     63,	esingle,	compton_e,   2,   31
V1495,	       	0,     64,	esingle,	compton_e,   3,    0
V1495,	       	0,     65,	esingle,	compton_e,   3,    1
V1495,	       	0,     66,	esingle,	compton_e,   3,    2
V1495,	       	0,     67,	esingle,	compton_e,   3,    3
V1495,	       	0,     68,	esingle,	compton_e,   3,    4
V1495,	       	0,     69,	esingle,	compton_e,   3,    5
V1495,	       	0,     70,	esingle,	compton_e,   3,    6
V1495,	       	0,     71,	esingle,	compton_e,   3,    7
V1495,	       	0,     72,	esingle,	compton_e,   3,    8
V1495,	       	0,     73,	esingle,	compton_e,   3,    9
V1495,	       	0,     74,	esingle,	compton_e,   3,   10
V1495,	       	0,     75,	esingle,	compton_e,   3,   11
V1495,	       	0,     76,	esingle,	compton_e,   3,   12
V1495,	       	0,     77,	esingle,	compton_e,   3,   13
V1495,	       	0,     78,	esingle,	compton_e,   3,   14
V1495,	       	0,     79,	esingle,	compton_e,   3,   15
V1495,	       	0,     80,	esingle,	compton_e,   3,   16
V1495,	       	0,     81,	esingle,	compton_e,   3,   17
V1495,	       	0,     82,	esingle,	compton_e,   3,   18
V1495,	       	0,     83,	esingle,	compton_e,   3,   19
V1495,	       	0,     84,	esingle,	compton_e,   3,   20
V1495,	       	0,     85,	esingle,	compton_e,   3,   21
V1495,	       	0,     86,	esingle,	compton_e,   3,   22
V1495,	       	0,     87,	esingle,	compton_e,   3,   23
V1495,	       	0,     88,	esingle,	compton_e,   3,   24
V1495,	       	0,     89,	esingle,	compton_e,   3,   25
V1495,	       	0,     90,	esingle,	compton_e,   3,   26
V1495,	       	0,     91,	esingle,	compton_e,   3,   27
V1495,	       	0,     92,	esingle,	compton_e,   3,   28
V1495,	       	0,     93,	esingle,	compton_e,   3,   29
V1495,	       	0,     94,	esingle,	compton_e,   3,   30
V1495,	       	0,     95,	esingle,	compton_e,   3,   31
V1495,	       	0,     96,	esingle,	compton_e,   4,    0
V1495,	       	0,     97,	esingle,	compton_e,   4,    1
V1495,	       	0,     98,	esingle,	compton_e,   4,    2
V1495,	       	0,     99,	esingle,	compton_e,   4,    3
V1495,	       	0,    100,	esingle,	compton_e,   4,    4
V1495,	       	0,    101,	esingle,	compton_e,   4,    5
V1495,	       	0,    102,	esingle,	compton_e,   4,    6
V1495,	       	0,    103,	esingle,	compton_e,   4,    7
V1495,	       	0,    104,	esingle,	compton_e,   4,    8
V1495,	       	0,    105,	esingle,	compton_e,   4,    9
V1495,	       	0,    106,	esingle,	compton_e,   4,   10
V1495,	       	0,    107,	esingle,	compton_e,   4,   11
V1495,	       	0,    108,	esingle,	compton_e,   4,   12
V1495,	       	0,    109,	esingle,	compton_e,   4,   13
V1495,	       	0,    110,	esingle,	compton_e,   4,   14
V1495,	       	0,    111,	esingle,	compton_e,   4,   15
V1495,	       	0,    112,	esingle,	compton_e,   4,   16
V1495,	       	0,    113,	esingle,	compton_e,   4,   17
V1495,	       	0,    114,	esingle,	compton_e,   4,   18
V1495,	       	0,    115,	esingle,	compton_e,   4,   19
V1495,	       	0,    116,	esingle,	compton_e,   4,   20
V1495,	       	0,    117,	esingle,	compton_e,   4,   21
V1495,	       	0,    118,	esingle,	compton_e,   4,   22
V1495,	       	0,    119,	esingle,	compton_e,   4,   23
V1495,	       	0,    120,	esingle,	compton_e,   4,   24
V1495,	       	0,    121,	esingle,	compton_e,   4,   25
V1495,	       	0,    122,	esingle,	compton_e,   4,   26
V1495,	       	0,    123,	esingle,	compton_e,   4,   27
V1495,	       	0,    124,	esingle,	compton_e,   4,   28
V1495,	       	0,    125,	esingle,	compton_e,   4,   29
V1495,	       	0,    126,	esingle,	compton_e,   4,   30
V1495,	       	0,    127,	esingle,	compton_e,   4,   31


Bank=0x0202
!V1495 slave 2, electron single event mode
! module.type, module.num,  chan.num, det.type, det.name,  plane,  strip.num
V1495,	       	1,    128,	esingle,	compton_e,   1,   32
V1495,	       	1,    129,	esingle,	compton_e,   1,   33
V1495,	       	1,    130,	esingle,	compton_e,   1,   34
V1495,	       	1,    131,	esingle,	compton_e,   1,   35
V1495,	       	1,    132,	esingle,	compton_e,   1,   36
V1495,	       	1,    133,	esingle,	compton_e,   1,   37
V1495,	       	1,    134,	esingle,	compton_e,   1,   38
V1495,	       	1,    135,	esingle,	compton_e,   1,   39
V1495,	       	1,    136,	esingle,	compton_e,   1,   40
V1495,	       	1,    137,	esingle,	compton_e,   1,   41
V1495,	       	1,    138,	esingle,	compton_e,   1,   42
V1495,	       	1,    138,	esingle,	compton_e,   1,   43
V1495,	       	1,    140,	esingle,	compton_e,   1,   44
V1495,	       	1,    141,	esingle,	compton_e,   1,   45
V1495,	       	1,    142,	esingle,	compton_e,   1,   46
V1495,	       	1,    143,	esingle,	compton_e,   1,   47
V1495,	       	1,    144,	esingle,	compton_e,   1,   48
V1495,	       	1,    145,	esingle,	compton_e,   1,   49
V1495,	       	1,    146,	esingle,	compton_e,   1,   50
V1495,	       	1,    147,	esingle,	compton_e,   1,   51
V1495,	       	1,    148,	esingle,	compton_e,   1,   52
V1495,	       	1,    149,	esingle,	compton_e,   1,   53
V1495,	       	1,    150,	esingle,	compton_e,   1,   54
V1495,	       	1,    151,	esingle,	compton_e,   1,   55
V1495,	       	1,    152,	esingle,	compton_e,   1,   56
V1495,	       	1,    153,	esingle,	compton_e,   1,   57
V1495,	       	1,    154,	esingle,	compton_e,   1,   58
V1495,	       	1,    155,	esingle,	compton_e,   1,   59
V1495,	       	1,    156,	esingle,	compton_e,   1,   60
V1495,	       	1,    157,	esingle,	compton_e,   1,   61
V1495,	       	1,    158,	esingle,	compton_e,   1,   62
V1495,	       	1,    159,	esingle,	compton_e,   1,   63
V1495,	       	1,    160,	esingle,	compton_e,   2,   32
V1495,	       	1,    161,	esingle,	compton_e,   2,   33
V1495,	       	1,    162,	esingle,	compton_e,   2,   34
V1495,	       	1,    163,	esingle,	compton_e,   2,   35
V1495,	       	1,    164,	esingle,	compton_e,   2,   36
V1495,	       	1,    165,	esingle,	compton_e,   2,   37
V1495,	       	1,    166,	esingle,	compton_e,   2,   38
V1495,	       	1,    167,	esingle,	compton_e,   2,   39
V1495,	       	1,    168,	esingle,	compton_e,   2,   40
V1495,	       	1,    169,	esingle,	compton_e,   2,   41
V1495,	       	1,    170,	esingle,	compton_e,   2,   42
V1495,	       	1,    171,	esingle,	compton_e,   2,   43
V1495,	       	1,    172,	esingle,	compton_e,   2,   44
V1495,	       	1,    173,	esingle,	compton_e,   2,   45
V1495,	       	1,    174,	esingle,	compton_e,   2,   46
V1495,	       	1,    175,	esingle,	compton_e,   2,   47
V1495,	       	1,    176,	esingle,	compton_e,   2,   48
V1495,	       	1,    177,	esingle,	compton_e,   2,   49
V1495,	       	1,    178,	esingle,	compton_e,   2,   50
V1495,	       	1,    179,	esingle,	compton_e,   2,   51
V1495,	       	1,    180,	esingle,	compton_e,   2,   52
V1495,	       	1,    181,	esingle,	compton_e,   2,   53
V1495,	       	1,    182,	esingle,	compton_e,   2,   54
V1495,	       	1,    183,	esingle,	compton_e,   2,   55
V1495,	       	1,    184,	esingle,	compton_e,   2,   56
V1495,	       	1,    185,	esingle,	compton_e,   2,   57
V1495,	       	1,    186,	esingle,	compton_e,   2,   58
V1495,	       	1,    187,	esingle,	compton_e,   2,   59
V1495,	       	1,    188,	esingle,	compton_e,   2,   60
V1495,	       	1,    189,	esingle,	compton_e,   2,   61
V1495,	       	1,    190,	esingle,	compton_e,   2,   62
V1495,	       	1,    191,	esingle,	compton_e,   2,   63
V1495,	       	1,    192,	esingle,	compton_e,   3,   32
V1495,	       	1,    193,	esingle,	compton_e,   3,   33
V1495,	       	1,    194,	esingle,	compton_e,   3,   34
V1495,	       	1,    195,	esingle,	compton_e,   3,   35
V1495,	       	1,    196,	esingle,	compton_e,   3,   36
V1495,	       	1,    197,	esingle,	compton_e,   3,   37
V1495,	       	1,    198,	esingle,	compton_e,   3,   38
V1495,	       	1,    199,	esingle,	compton_e,   3,   39
V1495,	       	1,    200,	esingle,	compton_e,   3,   40
V1495,	       	1,    201,	esingle,	compton_e,   3,   41
V1495,	       	1,    202,	esingle,	compton_e,   3,   42
V1495,	       	1,    203,	esingle,	compton_e,   3,   43
V1495,	       	1,    204,	esingle,	compton_e,   3,   44
V1495,	       	1,    205,	esingle,	compton_e,   3,   45
V1495,	       	1,    206,	esingle,	compton_e,   3,   46
V1495,	       	1,    207,	esingle,	compton_e,   3,   47
V1495,	       	1,    208,	esingle,	compton_e,   3,   48
V1495,	       	1,    209,	esingle,	compton_e,   3,   49
V1495,	       	1,    210,	esingle,	compton_e,   3,   50
V1495,	       	1,    211,	esingle,	compton_e,   3,   51
V1495,	        1,    212,	esingle,	compton_e,   3,   52
V1495,	       	1,    213,	esingle,	compton_e,   3,   53
V1495,	       	1,    214,	esingle,	compton_e,   3,   54
V1495,	       	1,    215,	esingle,	compton_e,   3,   55
V1495,	       	1,    216,	esingle,	compton_e,   3,   56
V1495,	       	1,    217,	esingle,	compton_e,   3,   57
V1495,	       	1,    218,	esingle,	compton_e,   3,   58
V1495,	       	1,    219,	esingle,	compton_e,   3,   59
V1495,	       	1,    220,	esingle,	compton_e,   3,   60
V1495,	       	1,    221,	esingle,	compton_e,   3,   61
V1495,	       	1,    222,	esingle,	compton_e,   3,   62
V1495,	       	1,    223,	esingle,	compton_e,   3,   63
V1495,	       	1,    224,	esingle,	compton_e,   4,   32
V1495,	       	1,    225,	esingle,	compton_e,   4,   33
V1495,	       	1,    226,	esingle,	compton_e,   4,   34
V1495,	       	1,    227,	esingle,	compton_e,   4,   35
V1495,	       	1,    228,	esingle,	compton_e,   4,   36
V1495,	       	1,    229,	esingle,	compton_e,   4,   37
V1495,	       	1,    230,	esingle,	compton_e,   4,   38
V1495,	       	1,    231,	esingle,	compton_e,   4,   39
V1495,	       	1,    232,	esingle,	compton_e,   4,   40
V1495,	       	1,    233,	esingle,	compton_e,   4,   41
V1495,	       	1,    234,	esingle,	compton_e,   4,   42
V1495,	       	1,    235,	esingle,	compton_e,   4,   43
V1495,	       	1,    236,	esingle,	compton_e,   4,   44
V1495,	       	1,    237,	esingle,	compton_e,   4,   45
V1495,	       	1,    238,	esingle,	compton_e,   4,   46
V1495,	       	1,    239,	esingle,	compton_e,   4,   47
V1495,	       	1,    240,	esingle,	compton_e,   4,   48
V1495,	       	1,    241,	esingle,	compton_e,   4,   49
V1495,	       	1,    242,	esingle,	compton_e,   4,   50
V1495,	       	1,    243	esingle,	compton_e,   4,   51
V1495,	       	1,    244,	esingle,	compton_e,   4,   52
V1495,	       	1,    245,	esingle,	compton_e,   4,   53
V1495,	       	1,    246,	esingle,	compton_e,   4,   54
V1495,	       	1,    247,	esingle,	compton_e,   4,   55
V1495,	       	1,    248,	esingle,	compton_e,   4,   56
V1495,	       	1,    249,	esingle,	compton_e,   4,   57
V1495,	       	1,    250,	esingle,	compton_e,   4,   58
V1495,	       	1,    251,	esingle,	compton_e,   4,   59
V1495,	       	1,    252,	esingle,	compton_e,   4,   60
V1495,	       	1,    253,	esingle,	compton_e,   4,   61
V1495,	       	1,    254,	esingle,	compton_e,   4,   62
V1495,	       	1,    255,	esingle,	compton_e,   4,   63


Bank=0x0204
! V1495 Slave 1, electron accumulation mode
! module.type, module.num,  chan.num, det.type, det.name,  plane,  strip.num
V1495,	       	0,	0,	eaccum,		compton_e,   1,    0
V1495,	       	0,	1,	eaccum,		compton_e,   1,    1
V1495,	       	0,	2,	eaccum,		compton_e,   1,    2
V1495,	       	0,	3,	eaccum,		compton_e,   1,    3
V1495,	       	0,	4,	eaccum,		compton_e,   1,    4
V1495,	       	0,	5,	eaccum,		compton_e,   1,    5
V1495,	       	0,	6,	eaccum,		compton_e,   1,    6
V1495,	       	0,	7,	eaccum,		compton_e,   1,    7
V1495,	       	0,	8,	eaccum,		compton_e,   1,    8
V1495,	       	0,	9,	eaccum,		compton_e,   1,    9
V1495,	       	0,     10,	eaccum,		compton_e,   1,   10
V1495,	       	0,     11,	eaccum,		compton_e,   1,   11
V1495,	       	0,     12,	eaccum,		compton_e,   1,   12
V1495,	       	0,     13,	eaccum,		compton_e,   1,   13
V1495,	       	0,     14,	eaccum,		compton_e,   1,   14
V1495,	       	0,     15,	eaccum,		compton_e,   1,   15
V1495,	       	0,     16,	eaccum,		compton_e,   1,   16
V1495,	       	0,     17,	eaccum,		compton_e,   1,   17
V1495,	       	0,     18,	eaccum,		compton_e,   1,   18
V1495,	       	0,     19,	eaccum,		compton_e,   1,   19
V1495,	       	0,     20,	eaccum,		compton_e,   1,   20
V1495,	       	0,     21,	eaccum,		compton_e,   1,   21
V1495,	       	0,     22,	eaccum,		compton_e,   1,   22
V1495,	       	0,     23,	eaccum,		compton_e,   1,   23
V1495,	       	0,     24,	eaccum,		compton_e,   1,   24
V1495,	       	0,     25,	eaccum,		compton_e,   1,   25
V1495,	       	0,     26,	eaccum,		compton_e,   1,   26
V1495,	       	0,     27,	eaccum,		compton_e,   1,   27
V1495,	       	0,     28,	eaccum,		compton_e,   1,   28
V1495,	       	0,     29,	eaccum,		compton_e,   1,   29
V1495,	       	0,     30,	eaccum,		compton_e,   1,   30
V1495,	       	0,     31,	eaccum,		compton_e,   1,   31
V1495,	       	0,     32,	eaccum,		compton_e,   2,    0
V1495,	       	0,     33,	eaccum,		compton_e,   2,    1
V1495,	       	0,     34,	eaccum,		compton_e,   2,    2
V1495,	       	0,     35,	eaccum,		compton_e,   2,    3
V1495,	       	0,     36,	eaccum,		compton_e,   2,    4
V1495,	       	0,     37,	eaccum,		compton_e,   2,    5
V1495,	       	0,     38,	eaccum,		compton_e,   2,    6
V1495,	       	0,     39,	eaccum,		compton_e,   2,    7
V1495,	       	0,     40,	eaccum,		compton_e,   2,    8
V1495,	       	0,     41,	eaccum,		compton_e,   2,    9
V1495,	       	0,     42,	eaccum,		compton_e,   2,   10
V1495,	       	0,     43,	eaccum,		compton_e,   2,   11
V1495,	       	0,     44,	eaccum,		compton_e,   2,   12
V1495,	       	0,     45,	eaccum,		compton_e,   2,   13
V1495,	       	0,     46,	eaccum,		compton_e,   2,   14
V1495,	       	0,     47,	eaccum,		compton_e,   2,   15
V1495,	       	0,     48,	eaccum,		compton_e,   2,   16
V1495,	       	0,     49,	eaccum,		compton_e,   2,   17
V1495,	       	0,     50,	eaccum,		compton_e,   2,   18
V1495,	       	0,     51,	eaccum,		compton_e,   2,   19
V1495,	       	0,     52,	eaccum,		compton_e,   2,   20
V1495,	       	0,     53,	eaccum,		compton_e,   2,   21
V1495,	       	0,     54,	eaccum,		compton_e,   2,   22
V1495,	       	0,     55,	eaccum,		compton_e,   2,   23
V1495,	       	0,     56,	eaccum,		compton_e,   2,   24
V1495,	       	0,     57,	eaccum,		compton_e,   2,   25
V1495,	       	0,     58,	eaccum,		compton_e,   2,   26
V1495,	       	0,     59,	eaccum,		compton_e,   2,   27
V1495,	       	0,     60,	eaccum,		compton_e,   2,   28
V1495,	       	0,     61,	eaccum,		compton_e,   2,   29
V1495,	       	0,     62,	eaccum,		compton_e,   2,   30
V1495,	       	0,     63,	eaccum,		compton_e,   2,   31
V1495,	       	0,     64,	eaccum,		compton_e,   3,    0
V1495,	       	0,     65,	eaccum,		compton_e,   3,    1
V1495,	       	0,     66,	eaccum,		compton_e,   3,    2
V1495,	       	0,     67,	eaccum,		compton_e,   3,    3
V1495,	       	0,     68,	eaccum,		compton_e,   3,    4
V1495,	       	0,     69,	eaccum,		compton_e,   3,    5
V1495,	       	0,     70,	eaccum,		compton_e,   3,    6
V1495,	       	0,     71,	eaccum,		compton_e,   3,    7
V1495,	       	0,     72,	eaccum,		compton_e,   3,    8
V1495,	       	0,     73,	eaccum,		compton_e,   3,    9
V1495,	       	0,     74,	eaccum,		compton_e,   3,   10
V1495,	       	0,     75,	eaccum,		compton_e,   3,   11
V1495,	       	0,     76,	eaccum,		compton_e,   3,   12
V1495,	       	0,     77,	eaccum,		compton_e,   3,   13
V1495,	       	0,     78,	eaccum,		compton_e,   3,   14
V1495,	       	0,     79,	eaccum,		compton_e,   3,   15
V1495,	       	0,     80,	eaccum,		compton_e,   3,   16
V1495,	       	0,     81,	eaccum,		compton_e,   3,   17
V1495,	       	0,     82,	eaccum,		compton_e,   3,   18
V1495,	       	0,     83,	eaccum,		compton_e,   3,   19
V1495,	       	0,     84,	eaccum,		compton_e,   3,   20
V1495,	       	0,     85,	eaccum,		compton_e,   3,   21
V1495,	       	0,     86,	eaccum,		compton_e,   3,   22
V1495,	       	0,     87,	eaccum,		compton_e,   3,   23
V1495,	       	0,     88,	eaccum,		compton_e,   3,   24
V1495,	       	0,     89,	eaccum,		compton_e,   3,   25
V1495,	       	0,     90,	eaccum,		compton_e,   3,   26
V1495,	       	0,     91,	eaccum,		compton_e,   3,   27
V1495,	       	0,     92,	eaccum,		compton_e,   3,   28
V1495,	       	0,     93,	eaccum,		compton_e,   3,   29
V1495,	       	0,     94,	eaccum,		compton_e,   3,   30
V1495,	       	0,     95,	eaccum,		compton_e,   3,   31
V1495,	       	0,     96,	eaccum,		compton_e,   4,    0
V1495,	       	0,     97,	eaccum,		compton_e,   4,    1
V1495,	       	0,     98,	eaccum,		compton_e,   4,    2
V1495,	       	0,     99,	eaccum,		compton_e,   4,    3
V1495,	       	0,    100,	eaccum,		compton_e,   4,    4
V1495,	       	0,    101,	eaccum,		compton_e,   4,    5
V1495,	       	0,    102,	eaccum,		compton_e,   4,    6
V1495,	       	0,    103,	eaccum,		compton_e,   4,    7
V1495,	       	0,    104,	eaccum,		compton_e,   4,    8
V1495,	       	0,    105,	eaccum,		compton_e,   4,    9
V1495,	       	0,    106,	eaccum,		compton_e,   4,   10
V1495,	       	0,    107,	eaccum,		compton_e,   4,   11
V1495,	       	0,    108,	eaccum,		compton_e,   4,   12
V1495,	       	0,    109,	eaccum,		compton_e,   4,   13
V1495,	       	0,    110,	eaccum,		compton_e,   4,   14
V1495,	       	0,    111,	eaccum,		compton_e,   4,   15
V1495,	       	0,    112,	eaccum,		compton_e,   4,   16
V1495,	       	0,    113,	eaccum,		compton_e,   4,   17
V1495,	       	0,    114,	eaccum,		compton_e,   4,   18
V1495,	       	0,    115,	eaccum,		compton_e,   4,   19
V1495,	       	0,    116,	eaccum,		compton_e,   4,   20
V1495,	       	0,    117,	eaccum,		compton_e,   4,   21
V1495,	       	0,    118,	eaccum,		compton_e,   4,   22
V1495,	       	0,    119,	eaccum,		compton_e,   4,   23
V1495,	       	0,    120,	eaccum,		compton_e,   4,   24
V1495,	       	0,    121,	eaccum,		compton_e,   4,   25
V1495,	       	0,    122,	eaccum,		compton_e,   4,   26
V1495,	       	0,    123,	eaccum,		compton_e,   4,   27
V1495,	       	0,    124,	eaccum,		compton_e,   4,   28
V1495,	       	0,    125,	eaccum,		compton_e,   4,   29
V1495,	       	0,    126,	eaccum,		compton_e,   4,   30
V1495,	       	0,    127,	eaccum,		compton_e,   4,   31



Bank=0x0205
! V1495 Slave 2, electron accumulation mode
! module.type, module.num,  chan.num, det.type, det.name,  plane,  strip.num
V1495,	       	1,    128,	eaccum,	compton_e,   1,   32
V1495,	       	1,    129,	eaccum,	compton_e,   1,   33
V1495,	       	1,    130,	eaccum,	compton_e,   1,   34
V1495,	       	1,    131,	eaccum,	compton_e,   1,   35
V1495,	       	1,    132,	eaccum,	compton_e,   1,   36
V1495,	       	1,    133,	eaccum,	compton_e,   1,   37
V1495,	       	1,    134,	eaccum,	compton_e,   1,   38
V1495,	       	1,    135,	eaccum,	compton_e,   1,   39
V1495,	       	1,    136,	eaccum,	compton_e,   1,   40
V1495,	       	1,    137,	eaccum,	compton_e,   1,   41
V1495,	       	1,    138,	eaccum,	compton_e,   1,   42
V1495,	       	1,    138,	eaccum,	compton_e,   1,   43
V1495,	       	1,    140,	eaccum,	compton_e,   1,   44
V1495,	       	1,    141,	eaccum,	compton_e,   1,   45
V1495,	       	1,    142,	eaccum,	compton_e,   1,   46
V1495,	       	1,    143,	eaccum,	compton_e,   1,   47
V1495,	       	1,    144,	eaccum,	compton_e,   1,   48
V1495,	       	1,    145,	eaccum,	compton_e,   1,   49
V1495,	       	1,    146,	eaccum,	compton_e,   1,   50
V1495,	       	1,    147,	eaccum,	compton_e,   1,   51
V1495,	       	1,    148,	eaccum,	compton_e,   1,   52
V1495,	       	1,    149,	eaccum,	compton_e,   1,   53
V1495,	       	1,    150,	eaccum,	compton_e,   1,   54
V1495,	       	1,    151,	eaccum,	compton_e,   1,   55
V1495,	       	1,    152,	eaccum,	compton_e,   1,   56
V1495,	       	1,    153,	eaccum,	compton_e,   1,   57
V1495,	       	1,    154,	eaccum,	compton_e,   1,   58
V1495,	       	1,    155,	eaccum,	compton_e,   1,   59
V1495,	       	1,    156,	eaccum,	compton_e,   1,   60
V1495,	       	1,    157,	eaccum,	compton_e,   1,   61
V1495,	       	1,    158,	eaccum,	compton_e,   1,   62
V1495,	       	1,    159,	eaccum,	compton_e,   1,   63
V1495,	       	1,    160,	eaccum,	compton_e,   2,   32
V1495,	       	1,    161,	eaccum,	compton_e,   2,   33
V1495,	       	1,    162,	eaccum,	compton_e,   2,   34
V1495,	       	1,    163,	eaccum,	compton_e,   2,   35
V1495,	       	1,    164,	eaccum,	compton_e,   2,   36
V1495,	       	1,    165,	eaccum,	compton_e,   2,   37
V1495,	       	1,    166,	eaccum,	compton_e,   2,   38
V1495,	       	1,    167,	eaccum,	compton_e,   2,   39
V1495,	       	1,    168,	eaccum,	compton_e,   2,   40
V1495,	       	1,    169,	eaccum,	compton_e,   2,   41
V1495,	       	1,    170,	eaccum,	compton_e,   2,   42
V1495,	       	1,    171,	eaccum,	compton_e,   2,   43
V1495,	       	1,    172,	eaccum,	compton_e,   2,   44
V1495,	       	1,    173,	eaccum,	compton_e,   2,   45
V1495,	       	1,    174,	eaccum,	compton_e,   2,   46
V1495,	       	1,    175,	eaccum,	compton_e,   2,   47
V1495,	       	1,    176,	eaccum,	compton_e,   2,   48
V1495,	       	1,    177,	eaccum,	compton_e,   2,   49
V1495,	       	1,    178,	eaccum,	compton_e,   2,   50
V1495,	       	1,    179,	eaccum,	compton_e,   2,   51
V1495,	       	1,    180,	eaccum,	compton_e,   2,   52
V1495,	       	1,    181,	eaccum,	compton_e,   2,   53
V1495,	       	1,    182,	eaccum,	compton_e,   2,   54
V1495,	       	1,    183,	eaccum,	compton_e,   2,   55
V1495,	       	1,    184,	eaccum,	compton_e,   2,   56
V1495,	       	1,    185,	eaccum,	compton_e,   2,   57
V1495,	       	1,    186,	eaccum,	compton_e,   2,   58
V1495,	       	1,    187,	eaccum,	compton_e,   2,   59
V1495,	       	1,    188,	eaccum,	compton_e,   2,   60
V1495,	       	1,    189,	eaccum,	compton_e,   2,   61
V1495,	       	1,    190,	eaccum,	compton_e,   2,   62
V1495,	       	1,    191,	eaccum,	compton_e,   2,   63
V1495,	       	1,    192,	eaccum,	compton_e,   3,   32
V1495,	       	1,    193,	eaccum,	compton_e,   3,   33
V1495,	       	1,    194,	eaccum,	compton_e,   3,   34
V1495,	       	1,    195,	eaccum,	compton_e,   3,   35
V1495,	       	1,    196,	eaccum,	compton_e,   3,   36
V1495,	       	1,    197,	eaccum,	compton_e,   3,   37
V1495,	       	1,    198,	eaccum,	compton_e,   3,   38
V1495,	       	1,    199,	eaccum,	compton_e,   3,   39
V1495,	       	1,    200,	eaccum,	compton_e,   3,   40
V1495,	       	1,    201,	eaccum,	compton_e,   3,   41
V1495,	       	1,    202,	eaccum,	compton_e,   3,   42
V1495,	       	1,    203,	eaccum,	compton_e,   3,   43
V1495,	       	1,    204,	eaccum,	compton_e,   3,   44
V1495,	       	1,    205,	eaccum,	compton_e,   3,   45
V1495,	       	1,    206,	eaccum,	compton_e,   3,   46
V1495,	       	1,    207,	eaccum,	compton_e,   3,   47
V1495,	       	1,    208,	eaccum,	compton_e,   3,   48
V1495,	       	1,    209,	eaccum,	compton_e,   3,   49
V1495,	       	1,    210,	eaccum,	compton_e,   3,   50
V1495,	       	1,    211,	eaccum,	compton_e,   3,   51
V1495,	        1,    212,	eaccum,	compton_e,   3,   52
V1495,	       	1,    213,	eaccum,	compton_e,   3,   53
V1495,	       	1,    214,	eaccum,	compton_e,   3,   54
V1495,	       	1,    215,	eaccum,	compton_e,   3,   55
V1495,	       	1,    216,	eaccum,	compton_e,   3,   56
V1495,	       	1,    217,	eaccum,	compton_e,   3,   57
V1495,	       	1,    218,	eaccum,	compton_e,   3,   58
V1495,	       	1,    219,	eaccum,	compton_e,   3,   59
V1495,	       	1,    220,	eaccum,	compton_e,   3,   60
V1495,	       	1,    221,	eaccum,	compton_e,   3,   61
V1495,	       	1,    222,	eaccum,	compton_e,   3,   62
V1495,	       	1,    223,	eaccum,	compton_e,   3,   63
V1495,	       	1,    224,	eaccum,	compton_e,   4,   32
V1495,	       	1,    225,	eaccum,	compton_e,   4,   33
V1495,	       	1,    226,	eaccum,	compton_e,   4,   34
V1495,	       	1,    227,	eaccum,	compton_e,   4,   35
V1495,	       	1,    228,	eaccum,	compton_e,   4,   36
V1495,	       	1,    229,	eaccum,	compton_e,   4,   37
V1495,	       	1,    230,	eaccum,	compton_e,   4,   38
V1495,	       	1,    231,	eaccum,	compton_e,   4,   39
V1495,	       	1,    232,	eaccum,	compton_e,   4,   40
V1495,	       	1,    233,	eaccum,	compton_e,   4,   41
V1495,	       	1,    234,	eaccum,	compton_e,   4,   42
V1495,	       	1,    235,	eaccum,	compton_e,   4,   43
V1495,	       	1,    236,	eaccum,	compton_e,   4,   44
V1495,	       	1,    237,	eaccum,	compton_e,   4,   45
V1495,	       	1,    238,	eaccum,	compton_e,   4,   46
V1495,	       	1,    239,	eaccum,	compton_e,   4,   47
V1495,	       	1,    240,	eaccum,	compton_e,   4,   48
V1495,	       	1,    241,	eaccum,	compton_e,   4,   49
V1495,	       	1,    242,	eaccum,	compton_e,   4,   50
V1495,	       	1,    243	eaccum,	compton_e,   4,   51
V1495,	       	1,    244,	eaccum,	compton_e,   4,   52
V1495,	       	1,    245,	eaccum,	compton_e,   4,   53
V1495,	       	1,    246,	eaccum,	compton_e,   4,   54
V1495,	       	1,    247,	eaccum,	compton_e,   4,   55
V1495,	       	1,    248,	eaccum,	compton_e,   4,   56
V1495,	       	1,    249,	eaccum,	compton_e,   4,   57
V1495,	       	1,    250,	eaccum,	compton_e,   4,   58
V1495,	       	1,    251,	eaccum,	compton_e,   4,   59
V1495,	       	1,    252,	eaccum,	compton_e,   4,   60
V1495,	       	1,    253,	eaccum,	compton_e,   4,   61
V1495,	       	1,    254,	eaccum,	compton_e,   4,   62
V1495,	       	1,    255,	eaccum,	compton_e,   4,   63

Bank=0x020A
! V1495 Slave 1, electron singles mode
! module.type, module.num,  chan.num, det.type, det.name,  plane,  strip.num
V1495,		0, 	0, 	escalers, 	compton_e,   1,	   0
V1495,	       	0,	1,	escalers, 	compton_e,   1,    1
V1495,	       	0,	2,	escalers,	compton_e,   1,    2
V1495,	       	0,	3,	escalers,	compton_e,   1,    3
V1495,	       	0,	4,	escalers,	compton_e,   1,    4
V1495,	       	0,	5,	escalers,	compton_e,   1,    5
V1495,	       	0,	6,	escalers,	compton_e,   1,    6
V1495,	       	0,	7,	escalers,	compton_e,   1,    7
V1495,	       	0,	8,	escalers,	compton_e,   1,    8
V1495,	       	0,	9,	escalers,	compton_e,   1,    9
V1495,	       	0,     10,	escalers,	compton_e,   1,   10
V1495,	       	0,     11,	escalers,	compton_e,   1,   11
V1495,	       	0,     12,	escalers,	compton_e,   1,   12
V1495,	       	0,     13,	escalers,	compton_e,   1,   13
V1495,	       	0,     14,	escalers,	compton_e,   1,   14
V1495,	       	0,     15,	escalers,	compton_e,   1,   15
V1495,	       	0,     16,	escalers,	compton_e,   1,   16
V1495,	       	0,     17,	escalers,	compton_e,   1,   17
V1495,	       	0,     18,	escalers,	compton_e,   1,   18
V1495,	       	0,     19,	escalers,	compton_e,   1,   19
V1495,	       	0,     20,	escalers,	compton_e,   1,   20
V1495,	       	0,     21,	escalers,	compton_e,   1,   21
V1495,	       	0,     22,	escalers,	compton_e,   1,   22
V1495,	       	0,     23,	escalers,	compton_e,   1,   23
V1495,	       	0,     24,	escalers,	compton_e,   1,   24
V1495,	       	0,     25,	escalers,	compton_e,   1,   25
V1495,	       	0,     26,	escalers,	compton_e,   1,   26
V1495,	       	0,     27,	escalers,	compton_e,   1,   27
V1495,	       	0,     28,	escalers,	compton_e,   1,   28
V1495,	       	0,     29,	escalers,	compton_e,   1,   29
V1495,	       	0,     30,	escalers,	compton_e,   1,   30
V1495,	       	0,     31,	escalers,	compton_e,   1,   31
V1495,	       	0,     32,	escalers,	compton_e,   2,    0
V1495,	       	0,     33,	escalers,	compton_e,   2,    1
V1495,	       	0,     34,	escalers,	compton_e,   2,    2
V1495,	       	0,     35,	escalers,	compton_e,   2,    3
V1495,	       	0,     36,	escalers,	compton_e,   2,    4
V1495,	       	0,     37,	escalers,	compton_e,   2,    5
V1495,	       	0,     38,	escalers,	compton_e,   2,    6
V1495,	       	0,     39,	escalers,	compton_e,   2,    7
V1495,	       	0,     40,	escalers,	compton_e,   2,    8
V1495,	       	0,     41,	escalers,	compton_e,   2,    9
V1495,	       	0,     42,	escalers,	compton_e,   2,   10
V1495,	       	0,     43,	escalers,	compton_e,   2,   11
V1495,	       	0,     44,	escalers,	compton_e,   2,   12
V1495,	       	0,     45,	escalers,	compton_e,   2,   13
V1495,	       	0,     46,	escalers,	compton_e,   2,   14
V1495,	       	0,     47,	escalers,	compton_e,   2,   15
V1495,	       	0,     48,	escalers,	compton_e,   2,   16
V1495,	       	0,     49,	escalers,	compton_e,   2,   17
V1495,	       	0,     50,	escalers,	compton_e,   2,   18
V1495,	       	0,     51,	escalers,	compton_e,   2,   19
V1495,	       	0,     52,	escalers,	compton_e,   2,   20
V1495,	       	0,     53,	escalers,	compton_e,   2,   21
V1495,	       	0,     54,	escalers,	compton_e,   2,   22
V1495,	       	0,     55,	escalers,	compton_e,   2,   23
V1495,	       	0,     56,	escalers,	compton_e,   2,   24
V1495,	       	0,     57,	escalers,	compton_e,   2,   25
V1495,	       	0,     58,	escalers,	compton_e,   2,   26
V1495,	       	0,     59,	escalers,	compton_e,   2,   27
V1495,	       	0,     60,	escalers,	compton_e,   2,   28
V1495,	       	0,     61,	escalers,	compton_e,   2,   29
V1495,	       	0,     62,	escalers,	compton_e,   2,   30
V1495,	       	0,     63,	escalers,	compton_e,   2,   31
V1495,	       	0,     64,	escalers,	compton_e,   3,    0
V1495,	       	0,     65,	escalers,	compton_e,   3,    1
V1495,	       	0,     66,	escalers,	compton_e,   3,    2
V1495,	       	0,     67,	escalers,	compton_e,   3,    3
V1495,	       	0,     68,	escalers,	compton_e,   3,    4
V1495,	       	0,     69,	escalers,	compton_e,   3,    5
V1495,	       	0,     70,	escalers,	compton_e,   3,    6
V1495,	       	0,     71,	escalers,	compton_e,   3,    7
V1495,	       	0,     72,	escalers,	compton_e,   3,    8
V1495,	       	0,     73,	escalers,	compton_e,   3,    9
V1495,	       	0,     74,	escalers,	compton_e,   3,   10
V1495,	       	0,     75,	escalers,	compton_e,   3,   11
V1495,	       	0,     76,	escalers,	compton_e,   3,   12
V1495,	       	0,     77,	escalers,	compton_e,   3,   13
V1495,	       	0,     78,	escalers,	compton_e,   3,   14
V1495,	       	0,     79,	escalers,	compton_e,   3,   15
V1495,	       	0,     80,	escalers,	compton_e,   3,   16
V1495,	       	0,     81,	escalers,	compton_e,   3,   17
V1495,	       	0,     82,	escalers,	compton_e,   3,   18
V1495,	       	0,     83,	escalers,	compton_e,   3,   19
V1495,	       	0,     84,	escalers,	compton_e,   3,   20
V1495,	       	0,     85,	escalers,	compton_e,   3,   21
V1495,	       	0,     86,	escalers,	compton_e,   3,   22
V1495,	       	0,     87,	escalers,	compton_e,   3,   23
V1495,	       	0,     88,	escalers,	compton_e,   3,   24
V1495,	       	0,     89,	escalers,	compton_e,   3,   25
V1495,	       	0,     90,	escalers,	compton_e,   3,   26
V1495,	       	0,     91,	escalers,	compton_e,   3,   27
V1495,	       	0,     92,	escalers,	compton_e,   3,   28
V1495,	       	0,     93,	escalers,	compton_e,   3,   29
V1495,	       	0,     94,	escalers,	compton_e,   3,   30
V1495,	       	0,     95,	escalers,	compton_e,   3,   31
V1495,	       	0,     96,	escalers,	compton_e,   4,    0
V1495,	       	0,     97,	escalers,	compton_e,   4,    1
V1495,	       	0,     98,	escalers,	compton_e,   4,    2
V1495,	       	0,     99,	escalers,	compton_e,   4,    3
V1495,	       	0,    100,	escalers,	compton_e,   4,    4
V1495,	       	0,    101,	escalers,	compton_e,   4,    5
V1495,	       	0,    102,	escalers,	compton_e,   4,    6
V1495,	       	0,    103,	escalers,	compton_e,   4,    7
V1495,	       	0,    104,	escalers,	compton_e,   4,    8
V1495,	       	0,    105,	escalers,	compton_e,   4,    9
V1495,	       	0,    106,	escalers,	compton_e,   4,   10
V1495,	       	0,    107,	escalers,	compton_e,   4,   11
V1495,	       	0,    108,	escalers,	compton_e,   4,   12
V1495,	       	0,    109,	escalers,	compton_e,   4,   13
V1495,	       	0,    110,	escalers,	compton_e,   4,   14
V1495,	       	0,    111,	escalers,	compton_e,   4,   15
V1495,	       	0,    112,	escalers,	compton_e,   4,   16
V1495,	       	0,    113,	escalers,	compton_e,   4,   17
V1495,	       	0,    114,	escalers,	compton_e,   4,   18
V1495,	       	0,    115,	escalers,	compton_e,   4,   19
V1495,	       	0,    116,	escalers,	compton_e,   4,   20
V1495,	       	0,    117,	escalers,	compton_e,   4,   21
V1495,	       	0,    118,	escalers,	compton_e,   4,   22
V1495,	       	0,    119,	escalers,	compton_e,   4,   23
V1495,	       	0,    120,	escalers,	compton_e,   4,   24
V1495,	       	0,    121,	escalers,	compton_e,   4,   25
V1495,	       	0,    122,	escalers,	compton_e,   4,   26
V1495,	       	0,    123,	escalers,	compton_e,   4,   27
V1495,	       	0,    124,	escalers,	compton_e,   4,   28
V1495,	       	0,    125,	escalers,	compton_e,   4,   29
V1495,	       	0,    126,	escalers,	compton_e,   4,   30
V1495,	       	0,    127,	escalers,	compton_e,   4,   31


Bank=0x020B
! V1495 Slave 2, electron singles mode
! module.type, module.num,  chan.num, det.type, det.name,  plane,  strip.num
V1495,	       	1,    128,	escalers,	compton_e,   1,   32
V1495,	       	1,    129,	escalers,	compton_e,   1,   33
V1495,	       	1,    130,	escalers,	compton_e,   1,   34
V1495,	       	1,    131,	escalers,	compton_e,   1,   35
V1495,	       	1,    132,	escalers,	compton_e,   1,   36
V1495,	       	1,    133,	escalers,	compton_e,   1,   37
V1495,	       	1,    134,	escalers,	compton_e,   1,   38
V1495,	       	1,    135,	escalers,	compton_e,   1,   39
V1495,	       	1,    136,	escalers,	compton_e,   1,   40
V1495,	       	1,    137,	escalers,	compton_e,   1,   41
V1495,	       	1,    138,	escalers,	compton_e,   1,   42
V1495,	       	1,    138,	escalers,	compton_e,   1,   43
V1495,	       	1,    140,	escalers,	compton_e,   1,   44
V1495,	       	1,    141,	escalers,	compton_e,   1,   45
V1495,	       	1,    142,	escalers,	compton_e,   1,   46
V1495,	       	1,    143,	escalers,	compton_e,   1,   47
V1495,	       	1,    144,	escalers,	compton_e,   1,   48
V1495,	       	1,    145,	escalers,	compton_e,   1,   49
V1495,	       	1,    146,	escalers,	compton_e,   1,   50
V1495,	       	1,    147,	escalers,	compton_e,   1,   51
V1495,	       	1,    148,	escalers,	compton_e,   1,   52
V1495,	       	1,    149,	escalers,	compton_e,   1,   53
V1495,	       	1,    150,	escalers,	compton_e,   1,   54
V1495,	       	1,    151,	escalers,	compton_e,   1,   55
V1495,	       	1,    152,	escalers,	compton_e,   1,   56
V1495,	       	1,    153,	escalers,	compton_e,   1,   57
V1495,	       	1,    154,	escalers,	compton_e,   1,   58
V1495,	       	1,    155,	escalers,	compton_e,   1,   59
V1495,	       	1,    156,	escalers,	compton_e,   1,   60
V1495,	       	1,    157,	escalers,	compton_e,   1,   61
V1495,	       	1,    158,	escalers,	compton_e,   1,   62
V1495,	       	1,    159,	escalers,	compton_e,   1,   63
V1495,	       	1,    160,	escalers,	compton_e,   2,   32
V1495,	       	1,    161,	escalers,	compton_e,   2,   33
V1495,	       	1,    162,	escalers,	compton_e,   2,   34
V1495,	       	1,    163,	escalers,	compton_e,   2,   35
V1495,	       	1,    164,	escalers,	compton_e,   2,   36
V1495,	       	1,    165,	escalers,	compton_e,   2,   37
V1495,	       	1,    166,	escalers,	compton_e,   2,   38
V1495,	       	1,    167,	escalers,	compton_e,   2,   39
V1495,	       	1,    168,	escalers,	compton_e,   2,   40
V1495,	       	1,    169,	escalers,	compton_e,   2,   41
V1495,	       	1,    170,	escalers,	compton_e,   2,   42
V1495,	       	1,    171,	escalers,	compton_e,   2,   43
V1495,	       	1,    172,	escalers,	compton_e,   2,   44
V1495,	       	1,    173,	escalers,	compton_e,   2,   45
V1495,	       	1,    174,	escalers,	compton_e,   2,   46
V1495,	       	1,    175,	escalers,	compton_e,   2,   47
V1495,	       	1,    176,	escalers,	compton_e,   2,   48
V1495,	       	1,    177,	escalers,	compton_e,   2,   49
V1495,	       	1,    178,	escalers,	compton_e,   2,   50
V1495,	       	1,    179,	escalers,	compton_e,   2,   51
V1495,	       	1,    180,	escalers,	compton_e,   2,   52
V1495,	       	1,    181,	escalers,	compton_e,   2,   53
V1495,	       	1,    182,	escalers,	compton_e,   2,   54
V1495,	       	1,    183,	escalers,	compton_e,   2,   55
V1495,	       	1,    184,	escalers,	compton_e,   2,   56
V1495,	       	1,    185,	escalers,	compton_e,   2,   57
V1495,	       	1,    186,	escalers,	compton_e,   2,   58
V1495,	       	1,    187,	escalers,	compton_e,   2,   59
V1495,	       	1,    188,	escalers,	compton_e,   2,   60
V1495,	       	1,    189,	escalers,	compton_e,   2,   61
V1495,	       	1,    190,	escalers,	compton_e,   2,   62
V1495,	       	1,    191,	escalers,	compton_e,   2,   63
V1495,	       	1,    192,	escalers,	compton_e,   3,   32
V1495,	       	1,    193,	escalers,	compton_e,   3,   33
V1495,	       	1,    194,	escalers,	compton_e,   3,   34
V1495,	       	1,    195,	escalers,	compton_e,   3,   35
V1495,	       	1,    196,	escalers,	compton_e,   3,   36
V1495,	       	1,    197,	escalers,	compton_e,   3,   37
V1495,	       	1,    198,	escalers,	compton_e,   3,   38
V1495,	       	1,    199,	escalers,	compton_e,   3,   39
V1495,	       	1,    200,	escalers,	compton_e,   3,   40
V1495,	       	1,    201,	escalers,	compton_e,   3,   41
V1495,	       	1,    202,	escalers,	compton_e,   3,   42
V1495,	       	1,    203,	escalers,	compton_e,   3,   43
V1495,	       	1,    204,	escalers,	compton_e,   3,   44
V1495,	       	1,    205,	escalers,	compton_e,   3,   45
V1495,	       	1,    206,	escalers,	compton_e,   3,   46
V1495,	       	1,    207,	escalers,	compton_e,   3,   47
V1495,	       	1,    208,	escalers,	compton_e,   3,   48
V1495,	       	1,    209,	escalers,	compton_e,   3,   49
V1495,	       	1,    210,	escalers,	compton_e,   3,   50
V1495,	       	1,    211,	escalers,	compton_e,   3,   51
V1495,	        1,    212,	escalers,	compton_e,   3,   52
V1495,	       	1,    213,	escalers,	compton_e,   3,   53
V1495,	       	1,    214,	escalers,	compton_e,   3,   54
V1495,	       	1,    215,	escalers,	compton_e,   3,   55
V1495,	       	1,    216,	escalers,	compton_e,   3,   56
V1495,	       	1,    217,	escalers,	compton_e,   3,   57
V1495,	       	1,    218,	escalers,	compton_e,   3,   58
V1495,	       	1,    219,	escalers,	compton_e,   3,   59
V1495,	       	1,    220,	escalers,	compton_e,   3,   60
V1495,	       	1,    221,	escalers,	compton_e,   3,   61
V1495,	       	1,    222,	escalers,	compton_e,   3,   62
V1495,	       	1,    223,	escalers,	compton_e,   3,   63
V1495,	       	1,    224,	escalers,	compton_e,   4,   32
V1495,	       	1,    225,	escalers,	compton_e,   4,   33
V1495,	       	1,    226,	escalers,	compton_e,   4,   34
V1495,	       	1,    227,	escalers,	compton_e,   4,   35
V1495,	       	1,    228,	escalers,	compton_e,   4,   36
V1495,	       	1,    229,	escalers,	compton_e,   4,   37
V1495,	       	1,    230,	escalers,	compton_e,   4,   38
V1495,	       	1,    231,	escalers,	compton_e,   4,   39
V1495,	       	1,    232,	escalers,	compton_e,   4,   40
V1495,	       	1,    233,	escalers,	compton_e,   4,   41
V1495,	       	1,    234,	escalers,	compton_e,   4,   42
V1495,	       	1,    235,	escalers,	compton_e,   4,   43
V1495,	       	1,    236,	escalers,	compton_e,   4,   44
V1495,	       	1,    237,	escalers,	compton_e,   4,   45
V1495,	       	1,    238,	escalers,	compton_e,   4,   46
V1495,	       	1,    239,	escalers,	compton_e,   4,   47
V1495,	       	1,    240,	escalers,	compton_e,   4,   48
V1495,	       	1,    241,	escalers,	compton_e,   4,   49
V1495,	       	1,    242,	escalers,	compton_e,   4,   50
V1495,	       	1,    243	escalers,	compton_e,   4,   51
V1495,	       	1,    244,	escalers,	compton_e,   4,   52
V1495,	       	1,    245,	escalers,	compton_e,   4,   53
V1495,	       	1,    246,	escalers,	compton_e,   4,   54
V1495,	       	1,    247,	escalers,	compton_e,   4,   55
V1495,	       	1,    248,	escalers,	compton_e,   4,   56
V1495,	       	1,    249,	escalers,	compton_e,   4,   57
V1495,	       	1,    250,	escalers,	compton_e,   4,   58
V1495,	       	1,    251,	escalers,	compton_e,   4,   59
V1495,	       	1,    252,	escalers,	compton_e,   4,   60
V1495,	       	1,    253,	escalers,	compton_e,   4,   61
V1495,	       	1,    254,	escalers,	compton_e,   4,   62
V1495,	       	1,    255,	escalers,	compton_e,   4,   63


Bank=0x020D
! V1495 Slave 1, electron Accum mode version2 eaccum_v2
! module.type, module.num,  chan.num, det.type, det.name,  plane,  strip.num
V1495,		0, 	0, 	eaccum_v2, 	compton_e,   1,	   0
V1495,	       	0,	1,	eaccum_v2, 	compton_e,   1,    1
V1495,	       	0,	2,	eaccum_v2,	compton_e,   1,    2
V1495,	       	0,	3,	eaccum_v2,	compton_e,   1,    3
V1495,	       	0,	4,	eaccum_v2,	compton_e,   1,    4
V1495,	       	0,	5,	eaccum_v2,	compton_e,   1,    5
V1495,	       	0,	6,	eaccum_v2,	compton_e,   1,    6
V1495,	       	0,	7,	eaccum_v2,	compton_e,   1,    7
V1495,	       	0,	8,	eaccum_v2,	compton_e,   1,    8
V1495,	       	0,	9,	eaccum_v2,	compton_e,   1,    9
V1495,	       	0,     10,	eaccum_v2,	compton_e,   1,   10
V1495,	       	0,     11,	eaccum_v2,	compton_e,   1,   11
V1495,	       	0,     12,	eaccum_v2,	compton_e,   1,   12
V1495,	       	0,     13,	eaccum_v2,	compton_e,   1,   13
V1495,	       	0,     14,	eaccum_v2,	compton_e,   1,   14
V1495,	       	0,     15,	eaccum_v2,	compton_e,   1,   15
V1495,	       	0,     16,	eaccum_v2,	compton_e,   1,   16
V1495,	       	0,     17,	eaccum_v2,	compton_e,   1,   17
V1495,	       	0,     18,	eaccum_v2,	compton_e,   1,   18
V1495,	       	0,     19,	eaccum_v2,	compton_e,   1,   19
V1495,	       	0,     20,	eaccum_v2,	compton_e,   1,   20
V1495,	       	0,     21,	eaccum_v2,	compton_e,   1,   21
V1495,	       	0,     22,	eaccum_v2,	compton_e,   1,   22
V1495,	       	0,     23,	eaccum_v2,	compton_e,   1,   23
V1495,	       	0,     24,	eaccum_v2,	compton_e,   1,   24
V1495,	       	0,     25,	eaccum_v2,	compton_e,   1,   25
V1495,	       	0,     26,	eaccum_v2,	compton_e,   1,   26
V1495,	       	0,     27,	eaccum_v2,	compton_e,   1,   27
V1495,	       	0,     28,	eaccum_v2,	compton_e,   1,   28
V1495,	       	0,     29,	eaccum_v2,	compton_e,   1,   29
V1495,	       	0,     30,	eaccum_v2,	compton_e,   1,   30
V1495,	       	0,     31,	eaccum_v2,	compton_e,   1,   31
V1495,	       	0,     32,	eaccum_v2,	compton_e,   2,    0
V1495,	       	0,     33,	eaccum_v2,	compton_e,   2,    1
V1495,	       	0,     34,	eaccum_v2,	compton_e,   2,    2
V1495,	       	0,     35,	eaccum_v2,	compton_e,   2,    3
V1495,	       	0,     36,	eaccum_v2,	compton_e,   2,    4
V1495,	       	0,     37,	eaccum_v2,	compton_e,   2,    5
V1495,	       	0,     38,	eaccum_v2,	compton_e,   2,    6
V1495,	       	0,     39,	eaccum_v2,	compton_e,   2,    7
V1495,	       	0,     40,	eaccum_v2,	compton_e,   2,    8
V1495,	       	0,     41,	eaccum_v2,	compton_e,   2,    9
V1495,	       	0,     42,	eaccum_v2,	compton_e,   2,   10
V1495,	       	0,     43,	eaccum_v2,	compton_e,   2,   11
V1495,	       	0,     44,	eaccum_v2,	compton_e,   2,   12
V1495,	       	0,     45,	eaccum_v2,	compton_e,   2,   13
V1495,	       	0,     46,	eaccum_v2,	compton_e,   2,   14
V1495,	       	0,     47,	eaccum_v2,	compton_e,   2,   15
V1495,	       	0,     48,	eaccum_v2,	compton_e,   2,   16
V1495,	       	0,     49,	eaccum_v2,	compton_e,   2,   17
V1495,	       	0,     50,	eaccum_v2,	compton_e,   2,   18
V1495,	       	0,     51,	eaccum_v2,	compton_e,   2,   19
V1495,	       	0,     52,	eaccum_v2,	compton_e,   2,   20
V1495,	       	0,     53,	eaccum_v2,	compton_e,   2,   21
V1495,	       	0,     54,	eaccum_v2,	compton_e,   2,   22
V1495,	       	0,     55,	eaccum_v2,	compton_e,   2,   23
V1495,	       	0,     56,	eaccum_v2,	compton_e,   2,   24
V1495,	       	0,     57,	eaccum_v2,	compton_e,   2,   25
V1495,	       	0,     58,	eaccum_v2,	compton_e,   2,   26
V1495,	       	0,     59,	eaccum_v2,	compton_e,   2,   27
V1495,	       	0,     60,	eaccum_v2,	compton_e,   2,   28
V1495,	       	0,     61,	eaccum_v2,	compton_e,   2,   29
V1495,	       	0,     62,	eaccum_v2,	compton_e,   2,   30
V1495,	       	0,     63,	eaccum_v2,	compton_e,   2,   31
V1495,	       	0,     64,	eaccum_v2,	compton_e,   3,    0
V1495,	       	0,     65,	eaccum_v2,	compton_e,   3,    1
V1495,	       	0,     66,	eaccum_v2,	compton_e,   3,    2
V1495,	       	0,     67,	eaccum_v2,	compton_e,   3,    3
V1495,	       	0,     68,	eaccum_v2,	compton_e,   3,    4
V1495,	       	0,     69,	eaccum_v2,	compton_e,   3,    5
V1495,	       	0,     70,	eaccum_v2,	compton_e,   3,    6
V1495,	       	0,     71,	eaccum_v2,	compton_e,   3,    7
V1495,	       	0,     72,	eaccum_v2,	compton_e,   3,    8
V1495,	       	0,     73,	eaccum_v2,	compton_e,   3,    9
V1495,	       	0,     74,	eaccum_v2,	compton_e,   3,   10
V1495,	       	0,     75,	eaccum_v2,	compton_e,   3,   11
V1495,	       	0,     76,	eaccum_v2,	compton_e,   3,   12
V1495,	       	0,     77,	eaccum_v2,	compton_e,   3,   13
V1495,	       	0,     78,	eaccum_v2,	compton_e,   3,   14
V1495,	       	0,     79,	eaccum_v2,	compton_e,   3,   15
V1495,	       	0,     80,	eaccum_v2,	compton_e,   3,   16
V1495,	       	0,     81,	eaccum_v2,	compton_e,   3,   17
V1495,	       	0,     82,	eaccum_v2,	compton_e,   3,   18
V1495,	       	0,     83,	eaccum_v2,	compton_e,   3,   19
V1495,	       	0,     84,	eaccum_v2,	compton_e,   3,   20
V1495,	       	0,     85,	eaccum_v2,	compton_e,   3,   21
V1495,	       	0,     86,	eaccum_v2,	compton_e,   3,   22
V1495,	       	0,     87,	eaccum_v2,	compton_e,   3,   23
V1495,	       	0,     88,	eaccum_v2,	compton_e,   3,   24
V1495,	       	0,     89,	eaccum_v2,	compton_e,   3,   25
V1495,	       	0,     90,	eaccum_v2,	compton_e,   3,   26
V1495,	       	0,     91,	eaccum_v2,	compton_e,   3,   27
V1495,	       	0,     92,	eaccum_v2,	compton_e,   3,   28
V1495,	       	0,     93,	eaccum_v2,	compton_e,   3,   29
V1495,	       	0,     94,	eaccum_v2,	compton_e,   3,   30
V1495,	       	0,     95,	eaccum_v2,	compton_e,   3,   31
V1495,	       	0,     96,	eaccum_v2,	compton_e,   4,    0
V1495,	       	0,     97,	eaccum_v2,	compton_e,   4,    1
V1495,	       	0,     98,	eaccum_v2,	compton_e,   4,    2
V1495,	       	0,     99,	eaccum_v2,	compton_e,   4,    3
V1495,	       	0,    100,	eaccum_v2,	compton_e,   4,    4
V1495,	       	0,    101,	eaccum_v2,	compton_e,   4,    5
V1495,	       	0,    102,	eaccum_v2,	compton_e,   4,    6
V1495,	       	0,    103,	eaccum_v2,	compton_e,   4,    7
V1495,	       	0,    104,	eaccum_v2,	compton_e,   4,    8
V1495,	       	0,    105,	eaccum_v2,	compton_e,   4,    9
V1495,	       	0,    106,	eaccum_v2,	compton_e,   4,   10
V1495,	       	0,    107,	eaccum_v2,	compton_e,   4,   11
V1495,	       	0,    108,	eaccum_v2,	compton_e,   4,   12
V1495,	       	0,    109,	eaccum_v2,	compton_e,   4,   13
V1495,	       	0,    110,	eaccum_v2,	compton_e,   4,   14
V1495,	       	0,    111,	eaccum_v2,	compton_e,   4,   15
V1495,	       	0,    112,	eaccum_v2,	compton_e,   4,   16
V1495,	       	0,    113,	eaccum_v2,	compton_e,   4,   17
V1495,	       	0,    114,	eaccum_v2,	compton_e,   4,   18
V1495,	       	0,    115,	eaccum_v2,	compton_e,   4,   19
V1495,	       	0,    116,	eaccum_v2,	compton_e,   4,   20
V1495,	       	0,    117,	eaccum_v2,	compton_e,   4,   21
V1495,	       	0,    118,	eaccum_v2,	compton_e,   4,   22
V1495,	       	0,    119,	eaccum_v2,	compton_e,   4,   23
V1495,	       	0,    120,	eaccum_v2,	compton_e,   4,   24
V1495,	       	0,    121,	eaccum_v2,	compton_e,   4,   25
V1495,	       	0,    122,	eaccum_v2,	compton_e,   4,   26
V1495,	       	0,    123,	eaccum_v2,	compton_e,   4,   27
V1495,	       	0,    124,	eaccum_v2,	compton_e,   4,   28
V1495,	       	0,    125,	eaccum_v2,	compton_e,   4,   29
V1495,	       	0,    126,	eaccum_v2,	compton_e,   4,   30
V1495,	       	0,    127,	eaccum_v2,	compton_e,   4,   31


Bank=0x020E
! V1495 Slave 2, electron Accum mode version2
! module.type, module.num,  chan.num, det.type, det.name,  plane,  strip.num
V1495,	       	1,    128,	eaccum_v2,	compton_e,   1,   32
V1495,	       	1,    129,	eaccum_v2,	compton_e,   1,   33
V1495,	       	1,    130,	eaccum_v2,	compton_e,   1,   34
V1495,	       	1,    131,	eaccum_v2,	compton_e,   1,   35
V1495,	       	1,    132,	eaccum_v2,	compton_e,   1,   36
V1495,	       	1,    133,	eaccum_v2,	compton_e,   1,   37
V1495,	       	1,    134,	eaccum_v2,	compton_e,   1,   38
V1495,	       	1,    135,	eaccum_v2,	compton_e,   1,   39
V1495,	       	1,    136,	eaccum_v2,	compton_e,   1,   40
V1495,	       	1,    137,	eaccum_v2,	compton_e,   1,   41
V1495,	       	1,    138,	eaccum_v2,	compton_e,   1,   42
V1495,	       	1,    138,	eaccum_v2,	compton_e,   1,   43
V1495,	       	1,    140,	eaccum_v2,	compton_e,   1,   44
V1495,	       	1,    141,	eaccum_v2,	compton_e,   1,   45
V1495,	       	1,    142,	eaccum_v2,	compton_e,   1,   46
V1495,	       	1,    143,	eaccum_v2,	compton_e,   1,   47
V1495,	       	1,    144,	eaccum_v2,	compton_e,   1,   48
V1495,	       	1,    145,	eaccum_v2,	compton_e,   1,   49
V1495,	       	1,    146,	eaccum_v2,	compton_e,   1,   50
V1495,	       	1,    147,	eaccum_v2,	compton_e,   1,   51
V1495,	       	1,    148,	eaccum_v2,	compton_e,   1,   52
V1495,	       	1,    149,	eaccum_v2,	compton_e,   1,   53
V1495,	       	1,    150,	eaccum_v2,	compton_e,   1,   54
V1495,	       	1,    151,	eaccum_v2,	compton_e,   1,   55
V1495,	       	1,    152,	eaccum_v2,	compton_e,   1,   56
V1495,	       	1,    153,	eaccum_v2,	compton_e,   1,   57
V1495,	       	1,    154,	eaccum_v2,	compton_e,   1,   58
V1495,	       	1,    155,	eaccum_v2,	compton_e,   1,   59
V1495,	       	1,    156,	eaccum_v2,	compton_e,   1,   60
V1495,	       	1,    157,	eaccum_v2,	compton_e,   1,   61
V1495,	       	1,    158,	eaccum_v2,	compton_e,   1,   62
V1495,	       	1,    159,	eaccum_v2,	compton_e,   1,   63
V1495,	       	1,    160,	eaccum_v2,	compton_e,   2,   32
V1495,	       	1,    161,	eaccum_v2,	compton_e,   2,   33
V1495,	       	1,    162,	eaccum_v2,	compton_e,   2,   34
V1495,	       	1,    163,	eaccum_v2,	compton_e,   2,   35
V1495,	       	1,    164,	eaccum_v2,	compton_e,   2,   36
V1495,	       	1,    165,	eaccum_v2,	compton_e,   2,   37
V1495,	       	1,    166,	eaccum_v2,	compton_e,   2,   38
V1495,	       	1,    167,	eaccum_v2,	compton_e,   2,   39
V1495,	       	1,    168,	eaccum_v2,	compton_e,   2,   40
V1495,	       	1,    169,	eaccum_v2,	compton_e,   2,   41
V1495,	       	1,    170,	eaccum_v2,	compton_e,   2,   42
V1495,	       	1,    171,	eaccum_v2,	compton_e,   2,   43
V1495,	       	1,    172,	eaccum_v2,	compton_e,   2,   44
V1495,	       	1,    173,	eaccum_v2,	compton_e,   2,   45
V1495,	       	1,    174,	eaccum_v2,	compton_e,   2,   46
V1495,	       	1,    175,	eaccum_v2,	compton_e,   2,   47
V1495,	       	1,    176,	eaccum_v2,	compton_e,   2,   48
V1495,	       	1,    177,	eaccum_v2,	compton_e,   2,   49
V1495,	       	1,    178,	eaccum_v2,	compton_e,   2,   50
V1495,	       	1,    179,	eaccum_v2,	compton_e,   2,   51
V1495,	       	1,    180,	eaccum_v2,	compton_e,   2,   52
V1495,	       	1,    181,	eaccum_v2,	compton_e,   2,   53
V1495,	       	1,    182,	eaccum_v2,	compton_e,   2,   54
V1495,	       	1,    183,	eaccum_v2,	compton_e,   2,   55
V1495,	       	1,    184,	eaccum_v2,	compton_e,   2,   56
V1495,	       	1,    185,	eaccum_v2,	compton_e,   2,   57
V1495,	       	1,    186,	eaccum_v2,	compton_e,   2,   58
V1495,	       	1,    187,	eaccum_v2,	compton_e,   2,   59
V1495,	       	1,    188,	eaccum_v2,	compton_e,   2,   60
V1495,	       	1,    189,	eaccum_v2,	compton_e,   2,   61
V1495,	       	1,    190,	eaccum_v2,	compton_e,   2,   62
V1495,	       	1,    191,	eaccum_v2,	compton_e,   2,   63
V1495,	       	1,    192,	eaccum_v2,	compton_e,   3,   32
V1495,	       	1,    193,	eaccum_v2,	compton_e,   3,   33
V1495,	       	1,    194,	eaccum_v2,	compton_e,   3,   34
V1495,	       	1,    195,	eaccum_v2,	compton_e,   3,   35
V1495,	       	1,    196,	eaccum_v2,	compton_e,   3,   36
V1495,	       	1,    197,	eaccum_v2,	compton_e,   3,   37
V1495,	       	1,    198,	eaccum_v2,	compton_e,   3,   38
V1495,	       	1,    199,	eaccum_v2,	compton_e,   3,   39
V1495,	       	1,    200,	eaccum_v2,	compton_e,   3,   40
V1495,	       	1,    201,	eaccum_v2,	compton_e,   3,   41
V1495,	       	1,    202,	eaccum_v2,	compton_e,   3,   42
V1495,	       	1,    203,	eaccum_v2,	compton_e,   3,   43
V1495,	       	1,    204,	eaccum_v2,	compton_e,   3,   44
V1495,	       	1,    205,	eaccum_v2,	compton_e,   3,   45
V1495,	       	1,    206,	eaccum_v2,	compton_e,   3,   46
V1495,	       	1,    207,	eaccum_v2,	compton_e,   3,   47
V1495,	       	1,    208,	eaccum_v2,	compton_e,   3,   48
V1495,	       	1,    209,	eaccum_v2,	compton_e,   3,   49
V1495,	       	1,    210,	eaccum_v2,	compton_e,   3,   50
V1495,	       	1,    211,	eaccum_v2,	compton_e,   3,   51
V1495,	        1,    212,	eaccum_v2,	compton_e,   3,   52
V1495,	       	1,    213,	eaccum_v2,	compton_e,   3,   53
V1495,	       	1,    214,	eaccum_v2,	compton_e,   3,   54
V1495,	       	1,    215,	eaccum_v2,	compton_e,   3,   55
V1495,	       	1,    216,	eaccum_v2,	compton_e,   3,   56
V1495,	       	1,    217,	eaccum_v2,	compton_e,   3,   57
V1495,	       	1,    218,	eaccum_v2,	compton_e,   3,   58
V1495,	       	1,    219,	eaccum_v2,	compton_e,   3,   59
V1495,	       	1,    220,	eaccum_v2,	compton_e,   3,   60
V1495,	       	1,    221,	eaccum_v2,	compton_e,   3,   61
V1495,	       	1,    222,	eaccum_v2,	compton_e,   3,   62
V1495,	       	1,    223,	eaccum_v2,	compton_e,   3,   63
V1495,	       	1,    224,	eaccum_v2,	compton_e,   4,   32
V1495,	       	1,    225,	eaccum_v2,	compton_e,   4,   33
V1495,	       	1,    226,	eaccum_v2,	compton_e,   4,   34
V1495,	       	1,    227,	eaccum_v2,	compton_e,   4,   35
V1495,	       	1,    228,	eaccum_v2,	compton_e,   4,   36
V1495,	       	1,    229,	eaccum_v2,	compton_e,   4,   37
V1495,	       	1,    230,	eaccum_v2,	compton_e,   4,   38
V1495,	       	1,    231,	eaccum_v2,	compton_e,   4,   39
V1495,	       	1,    232,	eaccum_v2,	compton_e,   4,   40
V1495,	       	1,    233,	eaccum_v2,	compton_e,   4,   41
V1495,	       	1,    234,	eaccum_v2,	compton_e,   4,   42
V1495,	       	1,    235,	eaccum_v2,	compton_e,   4,   43
V1495,	       	1,    236,	eaccum_v2,	compton_e,   4,   44
V1495,	       	1,    237,	eaccum_v2,	compton_e,   4,   45
V1495,	       	1,    238,	eaccum_v2,	compton_e,   4,   46
V1495,	       	1,    239,	eaccum_v2,	compton_e,   4,   47
V1495,	       	1,    240,	eaccum_v2,	compton_e,   4,   48
V1495,	       	1,    241,	eaccum_v2,	compton_e,   4,   49
V1495,	       	1,    242,	eaccum_v2,	compton_e,   4,   50
V1495,	       	1,    243	eaccum_v2,	compton_e,   4,   51
V1495,	       	1,    244,	eaccum_v2,	compton_e,   4,   52
V1495,	       	1,    245,	eaccum_v2,	compton_e,   4,   53
V1495,	       	1,    246,	eaccum_v2,	compton_e,   4,   54
V1495,	       	1,    247,	eaccum_v2,	compton_e,   4,   55
V1495,	       	1,    248,	eaccum_v2,	compton_e,   4,   56
V1495,	       	1,    249,	eaccum_v2,	compton_e,   4,   57
V1495,	       	1,    250,	eaccum_v2,	compton_e,   4,   58
V1495,	       	1,    251,	eaccum_v2,	compton_e,   4,   59
V1495,	       	1,    252,	eaccum_v2,	compton_e,   4,   60
V1495,	       	1,    253,	eaccum_v2,	compton_e,   4,   61
V1495,	       	1,    254,	eaccum_v2,	compton_e,   4,   62
V1495,	       	1,    255,	eaccum_v2,	compton_e,   4,   63

!note that we never took data with version2 slave 3, so no subbank for it

!Bank=0x0207
!V1495 slave 1, edet DAQ settings info saved once per run
! module.type, module.num,	channel.num	det.type,	det.name
!V1495,	       	0,    0,	eDAQ_info,	compton_e

!Bank=0x0208
!V1495 slave 2, edet DAQ settings info saved once per run
! module.type, module.num,	channel.num	det.type,	det.name
!V1495,	       	1,    1,	eDAQ_info,	compton_e

! End of ROC2 map
