! this file contains the pedestals for the ADCS
! respect the format of the file
! name of chanel, pedestal, gain
! if this is a Triumf ADC enter the hardware sum pedestal
! the pedestal will be subtracted to the data
C20AXM    ,   0 ,  1
C20AXP    ,   0 ,  1
C20AYP    ,   0 ,  1
C20AYM    ,   0 ,  1
H00_XP    ,   0 ,  1
H00_XM    ,   0 ,  1
H00_YP    ,   0 ,  1
H00_YM    ,   0 ,  1
BattDn    ,   0 ,  1
TermUp    ,   0 ,  1
SpareA    ,   0 ,  1 
SpareB	  ,   0 ,  1
AmpCh1	  ,   0 ,  1
AmpCh2	  ,   0 ,  1
SpareE	  ,   0 ,  1
TermDn	  ,   0 ,  1
SEBattDn  ,   0 ,  1
SETermUp  ,   0 ,  1
SESpareA  ,   0 ,  1
SESpareB  ,   0 ,  1
SEAmpCh1  ,   0 ,  1
SEAmpCh2  ,   0 ,  1
SESpareE  ,   0 ,  1
SETermDn  ,   0 ,  1
QWK_linar1 ,      -285.5 , 1.
QWK_linar2 ,      -447, 1.
QWK_linar3 ,      -368.3 , 1.
QWK_linar4 ,      -195.4 , 1.
QWK_linar5 ,      -118.9 , 1.
QWK_linar6 ,      -200.1 , 1.
QWK_linar7 ,      -395.1 , 1.
QWK_linar8 ,      -180.6 , 1.
QWK_1i02XP ,      300.5 , 1.0 
QWK_1i02XM ,      202.0 , 1.0 
QWK_1i02YP ,      122.5 , 1.0 
QWK_1i02YM ,      320.0 , 1.0 
QWK_1i04XP ,      453.5 , 1.0 
QWK_1i04XM ,      467.9 , 1.0 
QWK_1i04YP ,      329.5 , 1.0 
QWK_1i04YM ,      492.5 , 1.0 
QWK_1i06XP ,      609.5 , 1.0 
QWK_1i06XM ,      432.8 , 1.0 
QWK_1i06YP ,      -194.8 , 1.0 
QWK_1i06YM ,      -191.1 , 1.0 
QWK_0i02XP ,       386.0 , 1.0 
QWK_0i02XM ,       213.1 , 1.0 
QWK_0i02YP ,       584 , 1.0 
QWK_0i02YM ,       727 , 1.0 
QWK_0i02aXP ,	   386.0 , 1.0 
QWK_0i02aXM ,	   213.1 , 1.0 
QWK_0i02aYP ,	   584 , 1.0 
QWK_0i02aYM ,	   726.6 , 1.0 
QWK_0i05XP ,       1493.4 , 1.0  
QWK_0i05XM ,       1044.7 , 1.0 
QWK_0i05YP ,       1027.6 , 1.0 
QWK_0i05YM ,       1109.9 , 1.0 
QWK_0i07XP ,      948.1 , 1.0 
QWK_0i07XM ,      1423.3 , 1.0 
QWK_0i07YP ,      1016.6 , 1.0 
QWK_0i07YM ,      958.0 , 1.0 
QWK_0l01XP ,       1160.8 , 1.0 
QWK_0l01XM ,       1190.1 , 1.0 
QWK_0l01YP ,       869.4 , 1.0 
QWK_0l01YM ,       1226.7 , 1.0 
QWK_0l02XP ,      715.0 , 1.0 
QWK_0l02XM ,      753.3 , 1.0 
QWK_0l02YP ,      435.8 , 1.0 
QWK_0l02YM ,      751.2 , 1.0 
QWK_0l03XP ,      744.4 , 1.0 
QWK_0l03XM ,      1120.1 , 1.0 
QWK_0l03YP ,      766.2 , 1.0 
QWK_0l03YM ,      762.8 , 1.0 
QWK_0l04XP ,       -31.4 , 1.0 
QWK_0l04XM ,       -60.0 , 1.0 
QWK_0l04YP ,       -33.6 , 1.0 
QWK_0l04YM ,       -8.2 , 1.0 
QWK_0l05XP ,      138.8 , 1.0 
QWK_0l05XM ,      146.2 , 1.0 
QWK_0l05YP ,      167.3 , 1.0 
QWK_0l05YM ,      160.3 , 1.0 
QWK_0l06XP ,     -114.3 , 1.0 
QWK_0l06XM ,     -52.9 , 1.0 
QWK_0l06YP ,     -23.1 , 1.0 
QWK_0l06YM ,     21.0 , 1.0 
QWK_0l07XP ,     143.8 , 1.0 
QWK_0l07XM ,     172.5 , 1.0 
QWK_0l07YP ,     -248.8 , 1.0 
QWK_0l07YM ,     -229.2 , 1.0 
QWK_0l08XP ,      -91.6 , 1.0 
QWK_0l08XM ,      -44.4  , 1.0 
QWK_0l08YP ,      80.1  , 1.0 
QWK_0l08YM ,      183.9 , 1.0 
QWK_0l09XP ,     -335.1 , 1.0 
QWK_0l09XM ,     -208.7 , 1.0 
QWK_0l09YP ,     -151.3 , 1.0 
QWK_0l09YM ,     -153.5 , 1.0 
QWK_0l10XP ,     82.5 , 1.0 
QWK_0l10XM ,     95.6 , 1.0 
QWK_0l10YP ,     89.2 , 1.0 
QWK_0l10YM ,     81.9 , 1.0 
QWK_0r01XP ,     -104.3 , 1.0 
QWK_0r01XM ,     -122.4 , 1.0 
QWK_0r01YP ,     -109.0 , 1.0 
QWK_0r01YM ,     -67.2 , 1.0 
QWK_0r01aXP ,      -1 , 1.0 
QWK_0r01aXM ,      -1 , 1.0 
QWK_0r01aYP ,      -1 , 1.0 
QWK_0r01aYM ,      -1 , 1.0 
QWK_0r03XP ,      -36.4 , 1.0 
QWK_0r03XM ,      -129.1 , 1.0 
QWK_0r03YP ,      81.8 , 1.0 
QWK_0r03YM ,      91.8 , 1.0 
QWK_0r04XP ,     112.0 , 1.0 
QWK_0r04XM ,     100.9 , 1.0 
QWK_0r04YP ,     -11.4 , 1.0 
QWK_0r04YM ,     15.4 , 1.0 
QWK_0r05XP ,     -59.1 , 1.0 
QWK_0r05XM ,     -74.4 , 1.0 
QWK_0r05YP ,     -295.6 , 1.0 
QWK_0r05YM ,     -269.3 , 1.0 
QWK_0r06XP ,       69.1 , 1.0 
QWK_0r06XM ,       172.1 , 1.0 
QWK_0r06YP ,       171.3 , 1.0 
QWK_0r06YM ,       159.8 , 1.0 
QWK_0l10XP ,      23.71 , 1.0 
QWK_0l10XM ,      80.63 , 1.0 
QWK_0l10YP ,     -156.9 , 1.0 
QWK_0l10YM ,     -84.82 , 1.0 
QWK_bcm0l02,     -92.05 , 1.0 
QWK_Batery6 ,	 -2.496e+06     ,  1.0
QWK_Batery7 ,	 -5.735e+06     ,  1.0
QWK_Batext1 ,	 -7.740e+06     ,  1.0
QWK_Batext2 ,	 -3.733e+06     ,  1.0
QWK_PhaseMo ,	  0.0 1         ,
!END	    		        
	    
