!
!
!
ROC=4
Bank=0x0401
!
! same sample size for ADCs in a given bank
!
sample_size=400
!
!
!
! physical module/channel
!
! ModuleType, Module#, Chan#, DetType, DetName
  VQWK, 0, 0,  IntegrationPMT,  MD1Neg
  VQWK, 0, 1,  IntegrationPMT,  MD2Neg
  VQWK, 0, 2,  IntegrationPMT,  MD3Neg
  VQWK, 0, 3,  IntegrationPMT,  MD4Neg
  VQWK, 0, 4,  IntegrationPMT,  MD5Neg
  VQWK, 0, 5,  IntegrationPMT,  MD6Neg
  VQWK, 0, 6,  IntegrationPMT,  MD7Neg
  VQWK, 0, 7,  IntegrationPMT,  MD8Neg
!
! ModuleType, Module#, Chan#, DetType, DetName
  VQWK, 1, 0,  IntegrationPMT,  MD1Pos
  VQWK, 1, 1,  IntegrationPMT,  MD2Pos
  VQWK, 1, 2,  IntegrationPMT,  MD3Pos
  VQWK, 1, 3,  IntegrationPMT,  MD4Pos
  VQWK, 1, 4,  IntegrationPMT,  MD5Pos
  VQWK, 1, 5,  IntegrationPMT,  MD6Pos
  VQWK, 1, 6,  IntegrationPMT,  MD7Pos
  VQWK, 1, 7,  IntegrationPMT,  MD8Pos
!
! ModuleType, Module#, Chan#, DetType, DetName
  VQWK, 2, 0,  IntegrationPMT,  MD0Neg
  VQWK, 2, 1,  IntegrationPMT,  MD0Pos
  VQWK, 2, 2,  IntegrationPMT,  Spare1
  VQWK, 2, 3,  IntegrationPMT,  AnciD1
  VQWK, 2, 4,  IntegrationPMT,  AnciD2
  VQWK, 2, 5,  IntegrationPMT,  AnciD3
  VQWK, 2, 6,  IntegrationPMT,  Spare2
  VQWK, 2, 7,  IntegrationPMT,  Spare3
!
!
! "virtual" channels for PMT combination, it supports any combination of physical channels
! when naming the DetName, do not use arithmetic and logic operators, such as +,-, &, and so on
!
! ModuleType, Chan#, NumberOfCombinedChan's, DetType, DetName, PhysicalChanNames, WeightNumbers,
  VPMT, 0, 2,  CombinationPMT,  MD1Neg_MD5Neg,  MD1Neg,  MD5Neg, 1.0,  1.0
  VPMT, 1, 2,  CombinationPMT,  MD2Neg_MD6Neg,  MD2Neg,  MD6Neg, 1.0,  1.0
  VPMT, 2, 2,  CombinationPMT,  MD3Neg_MD7Neg,  MD3Neg,  MD7Neg, 1.0,  1.0
  VPMT, 3, 2,  CombinationPMT,  MD4Neg_MD8Neg,  MD4Neg,  MD8Neg, 1.0,  1.0
  VPMT, 4, 2,  CombinationPMT,  MD1Pos_MD5Pos,  MD1Pos,  MD5Pos, 1.0,  1.0
  VPMT, 5, 2,  CombinationPMT,  MD2Pos_MD6Pos,  MD2Pos,  MD6Pos, 1.0,  1.0
  VPMT, 6, 2,  CombinationPMT,  MD3Pos_MD7Pos,  MD3Pos,  MD7Pos, 1.0,  1.0
  VPMT, 7, 2,  CombinationPMT,  MD4Pos_MD8Pos,  MD4Pos,  MD8Pos, 1.0,  1.0
  VPMT, 8, 16, CombinationPMT,  CombinationAllMD, MD1Neg, MD1Pos, MD2Neg, MD2Pos, MD3Neg, MD3Pos, MD4Neg, MD4Pos, MD5Neg, MD5Pos, MD6Neg, MD6Pos, MD7Neg, MD7Pos, MD8Neg, MD8Pos, 1.0, 1.0, 1.0, 1.0, 1.0, 1.0, 1.0, 1.0, 1.0, 1.0, 1.0, 1.0, 1.0, 1.0, 1.0, 1.0
!
!
!
! The original channel map as below
!
!
!
!!!ROC=0
!!!Bank=0x6110
!!!!
!!!!
!!!! module.type, module.chan, det.type, det.name
!!!  VQWK, 0, 0,  IntegrationPMT,  C20AXM
!!!  VQWK, 0, 1,  IntegrationPMT,  C20AXP
!!!  VQWK, 0, 2,  IntegrationPMT,  C20AYP
!!!  VQWK, 0, 3,  IntegrationPMT,  C20AYM
!!!  VQWK, 0, 4,  IntegrationPMT,  H00_XP
!!!  VQWK, 0, 5,  IntegrationPMT,  H00_XM
!!!  VQWK, 0, 6,  IntegrationPMT,  H00_YP
!!!  VQWK, 0, 7,  IntegrationPMT,  H00_YM
!!!! module.type, module.chan, det.type, det.name
!!!  VQWK, 1, 0,  IntegrationPMT,  BattDn
!!!  VQWK, 1, 1,  IntegrationPMT,  TermUp
!!!  VQWK, 1, 2,  IntegrationPMT,  SpareA
!!!  VQWK, 1, 3,  IntegrationPMT,  SpareB
!!!  VQWK, 1, 4,  IntegrationPMT,  AmpCh1
!!!  VQWK, 1, 5,  IntegrationPMT,  AmpCh2
!!!  VQWK, 1, 6,  IntegrationPMT,  SpareE
!!!  VQWK, 1, 7,  IntegrationPMT,  TermDn
!!!! module.type, module.chan, det.type, det.name
!!!  VQWK, 2, 0,  IntegrationPMT,  SEBattDn
!!!  VQWK, 2, 1,  IntegrationPMT,  SETermUp
!!!  VQWK, 2, 2,  IntegrationPMT,  SESpareA
!!!  VQWK, 2, 3,  IntegrationPMT,  SESpareB
!!!  VQWK, 2, 4,  IntegrationPMT,  SEAmpCh1
!!!  VQWK, 2, 5,  IntegrationPMT,  SEAmpCh2
!!!  VQWK, 2, 6,  IntegrationPMT,  SESpareE
!!!  VQWK, 2, 7,  IntegrationPMT,  SETermDn
!!!!
!!!ROC=1
!!!!
!!!!
!!!! module.type, module.chan, det.type, det.name
!!!  VQWK, 0, 0,  IntegrationPMT,  MD1Neg
!!!  VQWK, 0, 1,  IntegrationPMT,  MD2Neg
!!!  VQWK, 0, 2,  IntegrationPMT,  MD3Neg
!!!  VQWK, 0, 3,  IntegrationPMT,  MD4Neg
!!!  VQWK, 0, 4,  IntegrationPMT,  MD1Pos
!!!  VQWK, 0, 5,  IntegrationPMT,  MD2Pos
!!!  VQWK, 0, 6,  IntegrationPMT,  MD3Pos
!!!  VQWK, 0, 7,  IntegrationPMT,  MD4Pos
!!!! module.type, module.chan, det.type, det.name
!!!  VQWK, 1, 0,  IntegrationPMT,  MD5Neg
!!!  VQWK, 1, 1,  IntegrationPMT,  MD6Neg
!!!  VQWK, 1, 2,  IntegrationPMT,  MD7Neg
!!!  VQWK, 1, 3,  IntegrationPMT,  MD8Neg
!!!  VQWK, 1, 4,  IntegrationPMT,  MD5Pos
!!!  VQWK, 1, 5,  IntegrationPMT,  MD6Pos
!!!  VQWK, 1, 6,  IntegrationPMT,  MD7Pos
!!!  VQWK, 1, 7,  IntegrationPMT,  MD8Pos
!!!! module.type, module.chan, det.type, det.name
!!!  VQWK, 2, 0,  IntegrationPMT,  C20AXM
!!!  VQWK, 2, 1,  IntegrationPMT,  Spare1
!!!  VQWK, 2, 2,  IntegrationPMT,  C20AXP
!!!  VQWK, 2, 3,  IntegrationPMT,  Spare2
!!!  VQWK, 2, 4,  IntegrationPMT,  C20AYP
!!!  VQWK, 2, 5,  IntegrationPMT,  Spare3
!!!  VQWK, 2, 6,  IntegrationPMT,  C20AYM
!!!  VQWK, 2, 7,  IntegrationPMT,  Spare4

!!!
!END
