
ROC=1
Bank=0x0102
!same sample size for ADCs in a given bank
sample_size=400
!
!
! module.type, module.num  chan.num, det.type, det.name, if unrotated then last column ->UNROTATED


!ADC0
!  VQWK, 0, 0,  integrationpmt,  qwk_dslumi1
!  VQWK, 0, 1,  integrationpmt,  qwk_dslumi2
!  VQWK, 0, 2,  integrationpmt,  qwk_dslumi3
!  VQWK, 0, 3,  integrationpmt,  qwk_dslumi4
!  VQWK, 0, 4,  integrationpmt,  qwk_dslumi5
!  VQWK, 0, 5,  integrationpmt,  qwk_dslumi6
!  VQWK, 0, 6,  integrationpmt,  qwk_dslumi7
!  VQWK, 0, 7,  integrationpmt,  qwk_dslumi8

!ADC1
!  VQWK, 1, 0,  integrationpmt,  qwk_uslumi1neg
!  VQWK, 1, 1,  integrationpmt,  qwk_uslumi1pos
!  VQWK, 1, 2,  integrationpmt,  qwk_uslumi3neg
!  VQWK, 1, 3,  integrationpmt,  qwk_uslumi3pos
!  VQWK, 1, 4,  integrationpmt,  qwk_uslumi5neg
!  VQWK, 1, 5,  integrationpmt,  qwk_uslumi5pos
!  VQWK, 1, 6,  integrationpmt,  qwk_uslumi7neg
!  VQWK, 1, 7,  integrationpmt,  qwk_uslumi7pos

!ADC0
  VQWK, 0, 0,  integrationpmt,  dlumi1
  VQWK, 0, 1,  integrationpmt,  dlumi2
  VQWK, 0, 2,  integrationpmt,  dlumi3
  VQWK, 0, 3,  integrationpmt,  dlumi4
  VQWK, 0, 4,  integrationpmt,  dlumi5
  VQWK, 0, 5,  integrationpmt,  dlumi6
  VQWK, 0, 6,  integrationpmt,  dlumi7
  VQWK, 0, 7,  integrationpmt,  dlumi8

!ADC1
  VQWK, 1, 0,  integrationpmt,  ulumi1
  VQWK, 1, 1,  integrationpmt,  ulumi2
  VQWK, 1, 2,  integrationpmt,  ulumi3
  VQWK, 1, 3,  integrationpmt,  ulumi4
  VQWK, 1, 4,  integrationpmt,  ulumi5
  VQWK, 1, 5,  integrationpmt,  ulumi6
  VQWK, 1, 6,  integrationpmt,  ulumi7
  VQWK, 1, 7,  integrationpmt,  ulumi8