# Rules for this file
# - no repeating dependent variables in the same section
#   (probably also not in different sections, come to think of it)

# This is a simple case:
#  two dependent variables
#  two independent variables
[diff:qwk_md1neg, diff:qwk_md1pos]
diff:x_targ, 0.11, -0.11
diff:y_targ, 0.12, -0.12

#  four independent variables
#  asymmetry for dependent variables
[asym:qwk_md2neg, asym:qwk_md2pos]
diff:x_targ, 0.11, -0.11
diff:y_targ, 0.12, -0.12
diff:xp_targ, 0.10, -0.10
diff:yp_targ, 0.09, -0.09

#  four dependent variables
[diff:qwk_md3neg, diff:qwk_md3pos, diff:qwk_md4neg, diff:qwk_md4pos]
diff:x_targ, 0.11, -0.11, 0.11, -0.11
diff:y_targ, 0.12, -0.12, 0.12, -0.12
diff:xp_targ, 0.10, -0.10, 0.10, -0.10
diff:yp_targ, 0.09, -0.09, 0.09, -0.09

#  eight dependent variables
[diff:qwk_md5neg, diff:qwk_md5pos, diff:qwk_md6neg, diff:qwk_md6pos, diff:qwk_md7neg, diff:qwk_md7pos, diff:qwk_md8neg, diff:qwk_md8pos]
diff:x_targ, 0.11, -0.11, 0.11, -0.11, 0.11, -0.11, 0.11, -0.11
diff:y_targ, 0.12, -0.12, 0.12, -0.12, 0.12, -0.12, 0.12, -0.12
diff:xp_targ, 0.10, -0.10, 0.10, -0.10, 0.10, -0.10, 0.10, -0.10
diff:yp_targ, 0.09, -0.09, 0.09, -0.09, 0.09, -0.09, 0.09, -0.09


# This is an event case:
#  two dependent variables
#  two independent variables
[mps:qwk_md1neg, mps:qwk_md1pos]
mps:x_targ, 0.11, -0.11
mps:y_targ, 0.12, -0.12

