<area shape="rect" href="$classMQwV775TDC.html#7ffbe2e25fd8553afe314574b4bd38c6" title="MQwV775TDC::DecodeV775Word" alt="" coords="321,5,540,29">
<area shape="rect" href="$classQwTriggerScintillator.html#4c778def01a4f3ad0db49f298554efaa" title="QwTriggerScintillator::FillRawWord" alt="" coords="321,101,540,125">
<area shape="rect" href="$classQwTriggerScintillator.html#240f086deadcfd3fb3b4fadbebe50368" title="QwTriggerScintillator::GetModuleIndex" alt="" coords="609,101,852,125">
<area shape="rect" href="$classVQwSubsystem.html#cb38c9858757485e5f6a0f884932aa34" title="VQwSubsystem::GetSubbankIndex" alt="" coords="317,344,544,368">
<area shape="rect" href="$classMQwV775TDC.html#eb84d59921e872f8f28ca9d7ecf6a0a9" title="MQwV775TDC::GetV775ChannelNumber" alt="" coords="301,200,560,224">
<area shape="rect" href="$classMQwV775TDC.html#73156fb7ed59beb82f190a8744b94178" title="MQwV775TDC::GetV775Data" alt="" coords="335,248,527,272">
<area shape="rect" href="$classMQwV775TDC.html#79dc6ea9bee2f36d106ef0d763b013cf" title="MQwV775TDC::GetV775SlotNumber" alt="" coords="313,296,548,320">
<area shape="rect" href="$classQwTriggerScintillator.html#9d70e2f9f695de286f3b95a28a5ffe1d" title="QwTriggerScintillator::IsSlotRegistered" alt="" coords="309,53,552,77">
<area shape="rect" href="$classMQwV775TDC.html#30852beac14ddb03faf2027482b8658a" title="MQwV775TDC::IsV775ValidData" alt="" coords="325,392,536,416">
<area shape="rect" href="$classVQwSubsystem.html#e57b4759315720add5e1afc7c7d5ad60" title="VQwSubsystem::SetDataLoaded" alt="" coords="325,440,536,464">
<area shape="rect" href="$classVQwSubsystem.html#ece5a7e167f38e1da39fcf57a291573c" title="VQwSubsystem::FindIndex" alt="" coords="641,344,820,368">
