<area shape="rect" href="$classVQwDataElement.html#8f4d721c3e7eded6c1f98f70f21e3f56" title="VQwDataElement::GetElementName" alt="" coords="607,108,841,132">
<area shape="rect" href="$classQwVQWK__Channel.html#2b8e8ccf575ad7fd758d4175cc2d6ffd" title="QwVQWK_Channel::IsGoodEvent" alt="" coords="288,29,507,53">
<area shape="rect" href="$classQwVQWK__Channel.html#263cbe4e181d4481752277ef21f8e327" title="QwVQWK_Channel::MatchNumberOfSamples" alt="" coords="253,128,541,152">
<area shape="rect" href="$classQwVQWK__Channel.html#335f66f3565e8ff93befdd2a5f3dc9e4" title="QwVQWK_Channel::MatchSequenceNumber" alt="" coords="257,176,537,200">
<area shape="rect" href="$classQwVQWK__Channel.html#510655113c9ddc516575f0c91b690bdc" title="QwVQWK_Channel::GetRawHardwareSum" alt="" coords="589,53,859,77">
<area shape="rect" href="$classQwVQWK__Channel.html#ba6f625545eb80243c89fa5c411374e5" title="QwVQWK_Channel::GetRawSoftwareSum" alt="" coords="591,5,857,29">
<area shape="rect" href="$classVQwDataElement.html#c42c7cf940fec7edc6915ddc111db3cf" title="VQwDataElement::IsNameEmpty" alt="" coords="616,169,832,193">
