<area shape="rect" href="$classQwDriftChamber.html#4660098e184e23217dcb4aa123877fa3" title="QwDriftChamber::AddChannelDefinition" alt="" coords="284,6,532,30">
<area shape="rect" href="$classQwDriftChamber.html#305d2dd963d8c461cd4e7cfdd0204fa5" title="QwDriftChamber::BuildWireDataStructure" alt="" coords="279,54,537,78">
<area shape="rect" href="$classQwDriftChamber.html#b9839b836df82877b4f392f46af17222" title="QwDriftChamber::RegisterROCNumber" alt="" coords="285,102,531,126">
<area shape="rect" href="$classQwDriftChamber.html#4583c8903f827a210f19431e17441f1f" title="QwDriftChamber::RegisterSlotNumber" alt="" coords="288,150,528,174">
<area shape="rect" href="$classQwDriftChamber.html#3ed47699bc734415bb727dd4216a4a36" title="QwDriftChamber::ReportConfiguration" alt="" coords="289,198,527,222">
<area shape="rect" href="$classVQwSubsystem.html#cb38c9858757485e5f6a0f884932aa34" title="VQwSubsystem::GetSubbankIndex" alt="" coords="596,78,823,102">
<area shape="rect" href="$classVQwSubsystem.html#c319a96632658bde5ac66526d8961a8e" title="VQwSubsystem::RegisterROCNumber" alt="" coords="588,126,831,150">
<area shape="rect" href="$classVQwSubsystem.html#ece5a7e167f38e1da39fcf57a291573c" title="VQwSubsystem::FindIndex" alt="" coords="881,102,1060,126">
