<area shape="rect" href="$classQwPMT__Channel.html#a5d5a98956dd4bab2bc4a52caf84f2ff" title="QwPMT_Channel::InitializeChannel" alt="" coords="295,5,519,29">
<area shape="rect" href="$classQwBPMStripline.html#dc0c3f69e2e05c991a5d7c436c452d25" title="QwBPMStripline::InitializeChannel" alt="" coords="592,56,811,80">
<area shape="rect" href="$classQwBCM.html#32b8a41be4cc00565e797ee6c6e9c569" title="QwBCM::InitializeChannel" alt="" coords="616,152,787,176">
<area shape="rect" href="$classQwVQWK__Channel.html#b57fa6e25b216c4cfcc6e9a17100cfc6" title="QwVQWK_Channel::InitializeChannel" alt="" coords="288,104,525,128">
<area shape="rect" href="$classQwPMT__Channel.html#4c95b51769a0eb16489a3e647463d368" title="QwPMT_Channel::QwPMT_Channel" alt="" coords="585,5,817,29">
<area shape="rect" href="$classQwBPMStripline.html#cf73879bdcf6bfb3d41abb8a2a0a31f0" title="QwBPMStripline::QwBPMStripline" alt="" coords="879,56,1097,80">
<area shape="rect" href="$classQwBCM.html#2617e71a2bfe6da9869095059308fb7c" title="QwBCM::QwBCM" alt="" coords="925,152,1051,176">
<area shape="rect" href="$classQwVQWK__Channel.html#87390e066a1674462a54dc8f9e21d561" title="QwVQWK_Channel::QwVQWK_Channel" alt="" coords="573,104,829,128">
