<area shape="rect" href="$classQwVQWK__Channel.html#84a5cd37a88b07407885cf9c56bf1d9b" title="QwVQWK_Channel::FillHistograms" alt="" coords="321,6,545,30">
<area shape="rect" href="$classQwVQWK__Channel.html#2b8e8ccf575ad7fd758d4175cc2d6ffd" title="QwVQWK_Channel::IsGoodEvent" alt="" coords="324,54,543,78">
<area shape="rect" href="$classQwBCM.html#66884ab1fcefcd0f1acc3e5754f19638" title="QwBCM::FillHistograms" alt="" coords="615,6,775,30">
<area shape="rect" href="$classQwBPMStripline.html#046669114a199518cee3152dbb5b4108" title="QwBPMStripline::IsGoodEvent" alt="" coords="595,54,795,78">
<area shape="rect" href="$classQwBCM.html#f7845203b1de280cdc73d3bb1770ee19" title="QwBCM::IsGoodEvent" alt="" coords="619,102,771,126">
<area shape="rect" href="$classQwBPMStripline.html#0fef02be814cba4e228116ed7ba92b8c" title="QwBPMStripline::ProcessEvent" alt="" coords="844,54,1049,78">
<area shape="rect" href="$classQwBCM.html#f574ab9c449b6d36c8bcaad9f6fecfc4" title="QwBCM::ProcessEvent" alt="" coords="867,102,1027,126">
