<area shape="rect" href="$classMQwV775TDC.html#7ffbe2e25fd8553afe314574b4bd38c6" title="MQwV775TDC::DecodeV775Word" alt="" coords="297,5,516,29">
<area shape="rect" href="$classQwMainDetector.html#b91f456f5df127fb34aa6e756a9f0082" title="QwMainDetector::FillRawWord" alt="" coords="308,101,505,125">
<area shape="rect" href="$classQwMainDetector.html#69226659d26c2ae77bb0b8bee583c37c" title="QwMainDetector::GetModuleIndex" alt="" coords="585,101,804,125">
<area shape="rect" href="$classVQwSubsystem.html#cb38c9858757485e5f6a0f884932aa34" title="VQwSubsystem::GetSubbankIndex" alt="" coords="293,344,520,368">
<area shape="rect" href="$classMQwV775TDC.html#eb84d59921e872f8f28ca9d7ecf6a0a9" title="MQwV775TDC::GetV775ChannelNumber" alt="" coords="277,200,536,224">
<area shape="rect" href="$classMQwV775TDC.html#73156fb7ed59beb82f190a8744b94178" title="MQwV775TDC::GetV775Data" alt="" coords="311,248,503,272">
<area shape="rect" href="$classMQwV775TDC.html#79dc6ea9bee2f36d106ef0d763b013cf" title="MQwV775TDC::GetV775SlotNumber" alt="" coords="289,296,524,320">
<area shape="rect" href="$classQwMainDetector.html#31daefc9c28429b518830586a8869145" title="QwMainDetector::IsSlotRegistered" alt="" coords="296,53,517,77">
<area shape="rect" href="$classMQwV775TDC.html#30852beac14ddb03faf2027482b8658a" title="MQwV775TDC::IsV775ValidData" alt="" coords="301,392,512,416">
<area shape="rect" href="$classVQwSubsystem.html#e57b4759315720add5e1afc7c7d5ad60" title="VQwSubsystem::SetDataLoaded" alt="" coords="301,440,512,464">
<area shape="rect" href="$classVQwSubsystem.html#ece5a7e167f38e1da39fcf57a291573c" title="VQwSubsystem::FindIndex" alt="" coords="605,344,784,368">
