<area shape="rect" href="$classQwDriftChamber.html#41d2ee53d4e010c8b34993c273b332d7" title="QwDriftChamber::ConstructHistograms" alt="" coords="300,6,545,30">
<area shape="rect" href="$classQwHelicity.html#04e8e75706c67563454597f9bfd53d2a" title="QwHelicity::Copy" alt="" coords="363,54,483,78">
<area shape="rect" href="$classQwBeamLine.html#ac39ca73411fd512fad0b428d08e9ae9" title="QwBeamLine::Copy" alt="" coords="355,102,491,126">
<area shape="rect" href="$classQwHelicity.html#8755969742c428786983dcea0527eb7f" title="QwHelicity::operator+=" alt="" coords="345,150,500,174">
<area shape="rect" href="$classQwSubsystemArray.html#275c47dbaa3e2620938e2ae698bf8bfe" title="QwSubsystemArray::push_back" alt="" coords="319,198,527,222">
<area shape="rect" href="$classQwHelicity.html#2502c917072bf42df54f57f79d8cac2c" title="QwHelicity::Copy" alt="" coords="640,54,760,78">
<area shape="rect" href="$classQwBeamLine.html#e6d70dfb4b1545dcb66b9d703db6b85c" title="QwBeamLine::Copy" alt="" coords="632,102,768,126">
<area shape="rect" href="$classQwSubsystemArrayParity.html#0258d936d103a14c6e0dd4db2865182a" title="QwSubsystemArrayParity::Copy" alt="" coords="596,174,804,198">
<area shape="rect" href="$group__QwAnalysis__ADC.html#ge4197a831fcd9d4713c53bbd2fd759e4" title="main" alt="" coords="676,222,724,246">
<area shape="rect" href="$classQwHelicityPattern.html#4be6659baf07dbd0742d7220d71309e2" title="QwHelicityPattern::QwHelicityPattern" alt="" coords="853,174,1091,198">
