<area shape="rect" href="$classQwHelicity.html#494aad74c47fc3f3286eefea70554107" title="QwHelicity::GetRandbit" alt="" coords="256,6,411,30">
<area shape="rect" href="$classQwHelicity.html#fa87f6a0faee5fb237bfd20812ec5496" title="QwHelicity::GetRandomSeed" alt="" coords="239,54,428,78">
<area shape="rect" href="$classQwHelicity.html#f20da4e8ddb99cc3dc15cb509702bfe2" title="QwHelicity::IsContinuous" alt="" coords="249,102,417,126">
<area shape="rect" href="$classQwHelicity.html#08bdade3dd11d1f3aa94cf7048b64633" title="QwHelicity::ResetPredictor" alt="" coords="245,150,421,174">
<area shape="rect" href="$classQwHelicity.html#6b894840b8c1dfe7d5fb66be4de8c7bc" title="QwHelicity::IsGoodEventNumber" alt="" coords="483,54,693,78">
<area shape="rect" href="$classQwHelicity.html#44121c5e002851b52f6d2231724da7a6" title="QwHelicity::IsGoodPatternNumber" alt="" coords="479,102,697,126">
<area shape="rect" href="$classQwHelicity.html#48007d087bdde98a57ba16c0b50f20ac" title="QwHelicity::IsGoodPhaseNumber" alt="" coords="480,150,696,174">
<area shape="rect" href="$classQwHelicity.html#43afa6304bf6c70e34e0fc576734ff12" title="QwHelicity::Print" alt="" coords="748,102,865,126">
