<area shape="rect" href="$classQwHelicity.html#fd7d3d7ec6a79d61549226f8c2e5768d" title="QwHelicity::PredictHelicity" alt="" coords="227,139,403,163">
<area shape="rect" href="$classQwHelicity.html#43afa6304bf6c70e34e0fc576734ff12" title="QwHelicity::Print" alt="" coords="1193,235,1311,259">
<area shape="rect" href="$classQwHelicity.html#08bdade3dd11d1f3aa94cf7048b64633" title="QwHelicity::ResetPredictor" alt="" coords="691,114,867,138">
<area shape="rect" href="$classQwHelicity.html#7e12ec1e4b29449e3f20f1765ad2e07e" title="QwHelicity::CollectRandBits" alt="" coords="451,211,635,235">
<area shape="rect" href="$classQwHelicity.html#282d42e8efd4971d3ac689e81a9958a9" title="QwHelicity::IsGoodHelicity" alt="" coords="455,64,631,88">
<area shape="rect" href="$classQwHelicity.html#68e72967f153b415dd11efe2077f69ca" title="QwHelicity::RunPredictor" alt="" coords="460,163,625,187">
<area shape="rect" href="$classQwHelicity.html#494aad74c47fc3f3286eefea70554107" title="QwHelicity::GetRandbit" alt="" coords="701,163,856,187">
<area shape="rect" href="$classQwHelicity.html#fa87f6a0faee5fb237bfd20812ec5496" title="QwHelicity::GetRandomSeed" alt="" coords="684,259,873,283">
<area shape="rect" href="$classQwHelicity.html#f20da4e8ddb99cc3dc15cb509702bfe2" title="QwHelicity::IsContinuous" alt="" coords="695,211,863,235">
<area shape="rect" href="$classQwHelicity.html#6b894840b8c1dfe7d5fb66be4de8c7bc" title="QwHelicity::IsGoodEventNumber" alt="" coords="928,163,1139,187">
<area shape="rect" href="$classQwHelicity.html#44121c5e002851b52f6d2231724da7a6" title="QwHelicity::IsGoodPatternNumber" alt="" coords="924,211,1143,235">
<area shape="rect" href="$classQwHelicity.html#48007d087bdde98a57ba16c0b50f20ac" title="QwHelicity::IsGoodPhaseNumber" alt="" coords="925,259,1141,283">
