<area shape="rect" href="$classtreecombine.html#23b0d192021af391ed1233ddd64a58cd" title="treecombine::chi_hashclear" alt="" coords="239,152,417,176">
<area shape="rect" href="$classtreesort.html#78002e2c13b2669965843341b57be977" title="treesort::rcTreeConnSort" alt="" coords="247,200,409,224">
<area shape="rect" href="$classtreecombine.html#f1cc9db90b20d4b9ec21605000c615d4" title="treecombine::TlCheckForX" alt="" coords="240,392,416,416">
<area shape="rect" href="$classtreecombine.html#6506bb389eedf4e09dc89fdb688d7f70" title="number of tree layers" alt="" coords="243,488,413,512">
<area shape="rect" href="$classtreesort.html#cc1790e552cc55fd13ea38afb9d75e89" title="treesort::bestconnected" alt="" coords="483,5,640,29">
<area shape="rect" href="$classtreesort.html#ad0df2762b486dc0bb0bf0e8fa7b238b" title="treesort::connectiv" alt="" coords="957,30,1085,54">
<area shape="rect" href="$classtreesort.html#fb2d550e0c5590fe91f8bdd566ba8531" title="treesort::bestunconnected" alt="" coords="476,104,647,128">
<area shape="rect" href="$classtreesort.html#70e2a271af232561351c66bfe097e84f" title="treesort::chiweight" alt="" coords="497,152,625,176">
<area shape="rect" href="$classtreesort.html#24f71a4065fea59a70565889fcef114f" title="treesort::connectarray" alt="" coords="488,200,635,224">
<area shape="rect" href="$classtreesort.html#dc6a312f95ac4ea06807be75242ad255" title="treesort::rcCommonWires" alt="" coords="477,248,645,272">
<area shape="rect" href="$classtreesort.html#601235c8ef45bdc900ce2e836932d7dc" title="treesort::rcCommonWires_r3" alt="" coords="468,296,655,320">
<area shape="rect" href="$classtreesort.html#c7475908a2be5f1be185f263f49fc71f" title="treesort::globalconnectiv" alt="" coords="715,5,877,29">
<area shape="rect" href="$classtreecombine.html#0ea5ad433192ea6378a4079e0bbd5a17" title="treecombine::bestx" alt="" coords="496,488,627,512">
<area shape="rect" href="$classtreecombine.html#e04b2fd5b43e73f05e1a2e0c6bbdf449" title="treecombine::mul_do" alt="" coords="491,344,632,368">
<area shape="rect" href="$classtreecombine.html#5c9135dc9fca01944a4cefa3e7c39054" title="treecombine::selectx" alt="" coords="491,392,632,416">
<area shape="rect" href="$classtreecombine.html#6e7a3fecba421a2a58a7c002d25e2665" title="treecombine::weight_lsq" alt="" coords="481,440,641,464">
<area shape="rect" href="$classtreecombine.html#444c59c675336276e5c3da117583cb7c" title="treecombine::contains" alt="" coords="721,392,871,416">
<area shape="rect" href="$classtreecombine.html#f3a22bc8b2f6ef5cca9ffd068e879ac4" title="treecombine::chi_hashinsert" alt="" coords="704,440,888,464">
<area shape="rect" href="$classtreecombine.html#0670f5580d3d2adcb980230f4640f347" title="treecombine::chi_hashval" alt="" coords="937,440,1105,464">
<area shape="rect" href="$classtreecombine.html#42929bc69a4e9fb680fbc3cd780a0c89" title="treecombine::weight_lsq_r3" alt="" coords="472,536,651,560">
