<area shape="rect" href="$classQwHelicityPattern.html#bc1bfa0dfb3b1ed678eb1dc97f69b4e9" title="QwHelicityPattern::ClearEventData" alt="" coords="291,6,515,30">
<area shape="rect" href="$classQwSubsystemArrayParity.html#0258d936d103a14c6e0dd4db2865182a" title="QwSubsystemArrayParity::Copy" alt="" coords="299,54,507,78">
<area shape="rect" href="$classQwSubsystemArray.html#c51af8bcbe779db32750b2999447ad69" title="QwSubsystemArray::ClearEventData" alt="" coords="564,6,799,30">
<area shape="rect" href="$classVQwSubsystem.html#b08dfc89a7d05597e2537a26e98f781e" title="VQwSubsystem::ClearEventData" alt="" coords="864,6,1077,30">
<area shape="rect" href="$classVQwSubsystemParity.html#298c6ce0f56359c2cd8d0cfebec4b510" title="VQwSubsystemParity::Copy" alt="" coords="588,54,775,78">
<area shape="rect" href="$classQwSubsystemArray.html#275c47dbaa3e2620938e2ae698bf8bfe" title="QwSubsystemArray::push_back" alt="" coords="577,102,785,126">
<area shape="rect" href="$classQwSubsystemArray.html#95892ecb5324a1e19136604126bb59fc" title="QwSubsystemArray::GetSubsystem" alt="" coords="855,78,1087,102">
<area shape="rect" href="$classVQwSubsystem.html#d5a8723d1b3456a602ce255e1679c2fb" title="VQwSubsystem::GetSubsystemName" alt="" coords="849,126,1092,150">
