<area shape="rect" href="$classQwBCM.html#32b8a41be4cc00565e797ee6c6e9c569" title="QwBCM::InitializeChannel" alt="" coords="180,78,351,102">
<area shape="rect" href="$classQwVQWK__Channel.html#b57fa6e25b216c4cfcc6e9a17100cfc6" title="QwVQWK_Channel::InitializeChannel" alt="" coords="400,54,637,78">
<area shape="rect" href="$classVQwDataElement.html#89a6d665c78b9ffc0327b45fb73aaf28" title="VQwDataElement::SetElementName" alt="" coords="707,6,941,30">
<area shape="rect" href="$classQwBCM.html#639c1b53d6179d7437111b453d7c7392" title="QwBCM::SetCalibrationFactor" alt="" coords="421,102,616,126">
<area shape="rect" href="$classQwBCM.html#9a90482508d67e93ce6b3d4dbc108121" title="QwBCM::SetPedestal" alt="" coords="445,150,592,174">
<area shape="rect" href="$classVQwDataElement.html#78bd62b9f3d4902922f6a43d89394dfd" title="VQwDataElement::SetNumberOfDataWords" alt="" coords="687,54,961,78">
<area shape="rect" href="$classQwVQWK__Channel.html#abe3b8d5211c9101c643faddbfc9dd23" title="QwVQWK_Channel::SetCalibrationFactor" alt="" coords="695,102,953,126">
<area shape="rect" href="$classQwVQWK__Channel.html#e62f3a63faad9968381d95dca036f893" title="QwVQWK_Channel::SetPedestal" alt="" coords="717,150,931,174">
