<area shape="rect" href="$classtreecombine.html#0ea5ad433192ea6378a4079e0bbd5a17" title="treecombine::bestx" alt="" coords="245,6,376,30">
<area shape="rect" href="$classtreecombine.html#e04b2fd5b43e73f05e1a2e0c6bbdf449" title="treecombine::mul_do" alt="" coords="240,54,381,78">
<area shape="rect" href="$classtreecombine.html#5c9135dc9fca01944a4cefa3e7c39054" title="treecombine::selectx" alt="" coords="240,102,381,126">
<area shape="rect" href="$classtreecombine.html#6e7a3fecba421a2a58a7c002d25e2665" title="treecombine::weight_lsq" alt="" coords="231,150,391,174">
<area shape="rect" href="$classtreecombine.html#444c59c675336276e5c3da117583cb7c" title="treecombine::contains" alt="" coords="457,102,607,126">
<area shape="rect" href="$classtreecombine.html#f3a22bc8b2f6ef5cca9ffd068e879ac4" title="treecombine::chi_hashinsert" alt="" coords="440,150,624,174">
<area shape="rect" href="$classtreecombine.html#0670f5580d3d2adcb980230f4640f347" title="treecombine::chi_hashval" alt="" coords="673,150,841,174">
