<area shape="rect" href="$classQwHelicityPattern.html#bc1bfa0dfb3b1ed678eb1dc97f69b4e9" title="QwHelicityPattern::ClearEventData" alt="" coords="317,5,541,29">
<area shape="rect" href="$classQwSubsystemArray.html#c51af8bcbe779db32750b2999447ad69" title="QwSubsystemArray::ClearEventData" alt="" coords="599,30,833,54">
<area shape="rect" href="$classQwSubsystemArrayParity.html#0cf4599ae8601a521e490705f8bab486" title="QwSubsystemArrayParity::Difference" alt="" coords="311,104,548,128">
<area shape="rect" href="$classQwSubsystemArrayParity.html#150942870d022b2b38df79d85968c8c4" title="QwSubsystemArrayParity::Ratio" alt="" coords="325,152,533,176">
<area shape="rect" href="$classQwSubsystemArrayParity.html#50416433e3279afd768b1b8504a276b4" title="QwSubsystemArrayParity::Sum" alt="" coords="327,200,532,224">
<area shape="rect" href="$classVQwSubsystem.html#b08dfc89a7d05597e2537a26e98f781e" title="VQwSubsystem::ClearEventData" alt="" coords="884,30,1097,54">
<area shape="rect" href="$classVQwSubsystemParity.html#364ddba0d361373151d0b34b60f2931a" title="VQwSubsystemParity::Ratio" alt="" coords="623,152,809,176">
