<area shape="rect" href="$classQwEventBuffer.html#9823b600da74bdd636a5c017585ef226" title="QwEventBuffer::CloseThisSegment" alt="" coords="255,66,481,90">
<area shape="rect" href="$classTHaCodaData.html#1e94ea9f79a931713d5132be851413b3" title="THaCodaData::codaRead" alt="" coords="284,162,452,186">
<area shape="rect" href="$classQwEventBuffer.html#0a1bf2002a4867ea20133faee582e96e" title="QwEventBuffer::DecodeEventIDBank" alt="" coords="249,210,487,234">
<area shape="rect" href="$classTHaCodaData.html#d37d5823001af618941a7df6135cb96a" title="THaCodaData::getEvBuffer" alt="" coords="279,258,457,282">
<area shape="rect" href="$classQwEventBuffer.html#c5d57d6e1368bf61d2f5978dc7d22299" title="QwEventBuffer::OpenNextSegment" alt="" coords="255,330,481,354">
<area shape="rect" href="$classQwEventBuffer.html#aa13652628bb594bc57b9df70c07b5f8" title="QwEventBuffer::CloseDataFile" alt="" coords="581,23,779,47">
<area shape="rect" href="$classTHaCodaData.html#9d6f126b41e6cba203c3cf5a74c3339e" title="THaCodaData::codaClose" alt="" coords="916,6,1087,30">
<area shape="rect" href="$classMQwCodaControlEvent.html#f6811ebe92a326d61694e9e3d687c350" title="MQwCodaControlEvent::ProcessControlEvent" alt="" coords="536,126,824,150">
<area shape="rect" href="$classQwEventBuffer.html#d5c0f4653446d77868f00ffed423459c" title="QwEventBuffer::SetEventLength" alt="" coords="575,174,785,198">
<area shape="rect" href="$classQwEventBuffer.html#df85712c283cb3391f4c801535a23184" title="QwEventBuffer::SetEventType" alt="" coords="580,222,780,246">
<area shape="rect" href="$classQwEventBuffer.html#7b918759750258aa5ef8da020354a913" title="QwEventBuffer::SetWordsSoFar" alt="" coords="576,270,784,294">
<area shape="rect" href="$classMQwCodaControlEvent.html#d1326288df4ddf70db3f6d0abbb053b0" title="MQwCodaControlEvent::ProcessEnd" alt="" coords="884,54,1119,78">
<area shape="rect" href="$classMQwCodaControlEvent.html#56ec2607b035c7f48f132649657834aa" title="MQwCodaControlEvent::ProcessGo" alt="" coords="887,102,1116,126">
<area shape="rect" href="$classMQwCodaControlEvent.html#38fa3d16ced0774ccfddc1c5ea723a21" title="MQwCodaControlEvent::ProcessPause" alt="" coords="877,150,1125,174">
<area shape="rect" href="$classMQwCodaControlEvent.html#a056a32a6fb267ec913afc12a8671ef0" title="MQwCodaControlEvent::ProcessPrestart" alt="" coords="872,198,1131,222">
<area shape="rect" href="$classMQwCodaControlEvent.html#ab93cf58ce07b1e6956e498529bf7020" title="MQwCodaControlEvent::ProcessSync" alt="" coords="880,246,1123,270">
<area shape="rect" href="$classQwEventBuffer.html#70983ebf855e75fbb7f5739ebd631fc1" title="QwEventBuffer::DataFile" alt="" coords="597,318,763,342">
<area shape="rect" href="$classQwEventBuffer.html#c135a1d116d411405182c17db2eac4dc" title="QwEventBuffer::OpenDataFile" alt="" coords="583,366,777,390">
