<area shape="rect" href="$classQwTriggerScintillator.html#def06321a504e4d46f7746a3d0cd3aa3" title="QwTriggerScintillator::FillHistograms" alt="" coords="281,6,513,30">
<area shape="rect" href="$classQwMainDetector.html#44cbdb24f4c4168b5447d15a70976719" title="QwMainDetector::FillHistograms" alt="" coords="293,54,501,78">
<area shape="rect" href="$classQwDriftChamber.html#acc23fb4708e65e6a16004083c774a73" title="QwDriftChamber::FillHistograms" alt="" coords="293,102,501,126">
<area shape="rect" href="$classQwTriggerScintillator.html#5c96d4a3aca54b38022517b0c7846de2" title="QwTriggerScintillator::FillTreeVector" alt="" coords="284,150,511,174">
<area shape="rect" href="$classQwMainDetector.html#6221040aee83a8d2736c7343f5935857" title="QwMainDetector::FillTreeVector" alt="" coords="296,198,499,222">
<area shape="rect" href="$classQwTriggerScintillator.html#7a81d845f91b6a537cd2fca53a61a909" title="QwTriggerScintillator::ProcessEvent" alt="" coords="283,246,512,270">
<area shape="rect" href="$classQwMainDetector.html#ef06db4fe77e445da514f03498299fec" title="QwMainDetector::ProcessEvent" alt="" coords="293,294,501,318">
<area shape="rect" href="$classQwDriftChamberVDC.html#6b4ffaa4b381044e62f455bc00e5eb4a" title="QwDriftChamberVDC::ProcessEvent" alt="" coords="281,342,513,366">
<area shape="rect" href="$classQwDriftChamberHDC.html#90fa252b63b61defde9ed2eef80ce26c" title="QwDriftChamberHDC::ProcessEvent" alt="" coords="281,390,513,414">
<area shape="rect" href="$classQwGasElectronMultiplier.html#e32dd6c637be7fcce2035e838e7a14a2" title="QwGasElectronMultiplier::ProcessEvent" alt="" coords="271,438,524,462">
