<area shape="rect" href="$classQwVQWK__Channel.html#bde38aa22c0ce7e727c9251560365a56" title="QwVQWK_Channel::Difference" alt="" coords="295,5,495,29">
<area shape="rect" href="$classQwVQWK__Channel.html#883edb35b75d5afeffb415317ac1d706" title="QwVQWK_Channel::GetHardwareSum" alt="" coords="273,53,516,77">
<area shape="rect" href="$classQwVQWK__Channel.html#7d87a5d5b9b339a50f7169de896c03ff" title="QwVQWK_Channel::GetSequenceNumber" alt="" coords="261,101,528,125">
<area shape="rect" href="$classQwBPMStripline.html#046669114a199518cee3152dbb5b4108" title="QwBPMStripline::IsGoodEvent" alt="" coords="295,149,495,173">
<area shape="rect" href="$classQwVQWK__Channel.html#a6a0a5704119827a35bbc91269266419" title="QwVQWK_Channel::Ratio" alt="" coords="635,224,805,248">
<area shape="rect" href="$classQwVQWK__Channel.html#184b96f6735e12df4fd0699cc28a2ced" title="QwVQWK_Channel::Scale" alt="" coords="632,272,808,296">
<area shape="rect" href="$classQwVQWK__Channel.html#5370aebd9749a6aa3e75fe19f6a0f7a8" title="QwVQWK_Channel::Sum" alt="" coords="311,299,479,323">
<area shape="rect" href="$classVQwDataElement.html#8f4d721c3e7eded6c1f98f70f21e3f56" title="VQwDataElement::GetElementName" alt="" coords="929,115,1164,139">
<area shape="rect" href="$classQwVQWK__Channel.html#2b8e8ccf575ad7fd758d4175cc2d6ffd" title="QwVQWK_Channel::IsGoodEvent" alt="" coords="611,29,829,53">
<area shape="rect" href="$classQwVQWK__Channel.html#263cbe4e181d4481752277ef21f8e327" title="QwVQWK_Channel::MatchNumberOfSamples" alt="" coords="576,128,864,152">
<area shape="rect" href="$classQwVQWK__Channel.html#335f66f3565e8ff93befdd2a5f3dc9e4" title="QwVQWK_Channel::MatchSequenceNumber" alt="" coords="580,176,860,200">
<area shape="rect" href="$classQwVQWK__Channel.html#510655113c9ddc516575f0c91b690bdc" title="QwVQWK_Channel::GetRawHardwareSum" alt="" coords="912,5,1181,29">
<area shape="rect" href="$classQwVQWK__Channel.html#ba6f625545eb80243c89fa5c411374e5" title="QwVQWK_Channel::GetRawSoftwareSum" alt="" coords="913,53,1180,77">
<area shape="rect" href="$classVQwDataElement.html#c42c7cf940fec7edc6915ddc111db3cf" title="VQwDataElement::IsNameEmpty" alt="" coords="939,200,1155,224">
