<area shape="rect" href="$classQwQuartzBar.html#f4c50528cd370556ef6d5add51a29257" title="QwQuartzBar::LoadChannelMap" alt="" coords="636,5,844,29">
<area shape="rect" href="$classQwHelicity.html#981b6d4272d32467972583a5d68c7ce6" title="QwHelicity::LoadChannelMap" alt="" coords="644,68,836,92">
<area shape="rect" href="$classQwBeamLine.html#b07c76277d66df78c276d1f0d052e66a" title="QwBeamLine::LoadChannelMap" alt="" coords="637,141,843,165">
<area shape="rect" href="$classQwTriggerScintillator.html#cf602d9c1cfc9ed41410674a91b2f723" title="QwTriggerScintillator::RegisterROCNumber" alt="" coords="299,200,568,224">
<area shape="rect" href="$classQwMainDetector.html#bd65d721d7adadd730d7593fc62dc2a4" title="QwMainDetector::RegisterROCNumber" alt="" coords="311,248,556,272">
<area shape="rect" href="$classQwDriftChamber.html#b9839b836df82877b4f392f46af17222" title="QwDriftChamber::RegisterROCNumber" alt="" coords="311,296,556,320">
<area shape="rect" href="$classVQwSubsystem.html#acb5477b2c102bc3db56821c9a2ceb8b" title="VQwSubsystem::RegisterSubbank" alt="" coords="323,152,544,176">
<area shape="rect" href="$classQwTriggerScintillator.html#f8e62399cb84fd1926f6cd5a198686e4" title="QwTriggerScintillator::LoadChannelMap" alt="" coords="616,196,864,220">
<area shape="rect" href="$classQwMainDetector.html#c41d9994db5cbcfdc8e0c7d18d94ffec" title="QwMainDetector::LoadChannelMap" alt="" coords="628,248,852,272">
<area shape="rect" href="$classQwDriftChamber.html#a5e43912f5fd37105202b0f61973cdb9" title="QwDriftChamber::LoadChannelMap" alt="" coords="628,296,852,320">
