<area shape="rect" href="$treenode_8h.html" title="Tracking/include/treenode.h" alt="" coords="276,156,455,180">
<area shape="rect" href="$tree_8h.html" title="Tracking/include/tree.h" alt="" coords="761,306,913,330">
<area shape="rect" href="$QwAnalysis_8h.html" title="Tracking/include/QwAnalysis.h" alt="" coords="5,82,205,106">
<area shape="rect" href="$shorttree_8h.html" title="Tracking/include/shorttree.h" alt="" coords="780,82,961,106">
<area shape="rect" href="$treeregion_8h.html" title="Tracking/include/treeregion.h" alt="" coords="1103,231,1289,255">
<area shape="rect" href="$treesearch_8h.html" title="Tracking/include/treesearch.h" alt="" coords="1821,306,2013,330">
<area shape="rect" href="$tracking_8h.html" title="Tracking/include/tracking.h" alt="" coords="1323,231,1499,255">
<area shape="rect" href="$nodenode_8h.html" title="Tracking/include/nodenode.h" alt="" coords="245,231,432,255">
<area shape="rect" href="$tree_8cc.html" title="Tracking/src/tree.cc" alt="" coords="220,380,356,404">
<area shape="rect" href="$treenode_8cc.html" title="Tracking/src/treenode.cc" alt="" coords="59,231,221,255">
<area shape="rect" href="$nodenode_8cc.html" title="Tracking/src/nodenode.cc" alt="" coords="131,306,301,330">
<area shape="rect" href="$QwAnalysis__ADC_8cc.html" title="main(...) function for the QwAnalysis_ADC executable" alt="" coords="868,604,1079,628">
<area shape="rect" href="$uv2xy_8h.html" title="Tracking/include/uv2xy.h" alt="" coords="1039,380,1201,404">
<area shape="rect" href="$treedo_8h.html" title="Tracking/include/treedo.h" alt="" coords="1311,530,1476,554">
<area shape="rect" href="$QwAnalysis_8cc.html" title="main(...) function for the QwAnalysis executable" alt="" coords="652,604,844,628">
<area shape="rect" href="$QwTracking_8cc.html" title="This is the main program which simply executes a series of commands." alt="" coords="1152,604,1344,628">
<area shape="rect" href="$treematch_8h.html" title="Tracking/include/treematch.h" alt="" coords="1361,455,1548,479">
<area shape="rect" href="$treesort_8h.html" title="Tracking/include/treesort.h" alt="" coords="1681,380,1855,404">
<area shape="rect" href="$Qoptions_8cc.html" title="Qoptions is a generic ascii read&#45;in program for handling program options." alt="" coords="380,380,545,404">
<area shape="rect" href="$Qset_8cc.html" title="Qset is a generic data read&#45;in class that reads ascii to set up the detector geometry..." alt="" coords="569,380,711,404">
<area shape="rect" href="$treecombine_8h.html" title="Tracking/include/treecombine.h" alt="" coords="1572,455,1772,479">
<area shape="rect" href="$uv2xy_8cc.html" title="Tracking/src/uv2xy.cc" alt="" coords="1039,455,1185,479">
<area shape="rect" href="$treedo_8cc.html" title="Tracking/src/treedo.cc" alt="" coords="1967,604,2116,628">
<area shape="rect" href="$treecombine_8cc.html" title="Tracking/src/treecombine.cc" alt="" coords="1820,530,2004,554">
<area shape="rect" href="$treematch_8cc.html" title="This module matches track segments for individual wire planes." alt="" coords="1560,530,1731,554">
<area shape="rect" href="$treesort_8cc.html" title="This module is used to identify good track segments versus ghost tracks/hits." alt="" coords="1796,455,1953,479">
<area shape="rect" href="$shortnode_8h.html" title="Tracking/include/shortnode.h" alt="" coords="861,156,1048,180">
<area shape="rect" href="$shorttree_8cc.html" title="Tracking/src/shorttree.cc" alt="" coords="672,156,837,180">
<area shape="rect" href="$shortnode_8cc.html" title="Tracking/src/shortnode.cc" alt="" coords="747,231,917,255">
<area shape="rect" href="$treeregion_8cc.html" title="Tracking/src/treeregion.cc" alt="" coords="988,306,1159,330">
<area shape="rect" href="$treesearch_8cc.html" title="This module contains the code for performing the treesearch algorithm to generate..." alt="" coords="1980,380,2156,404">
