<area shape="rect" href="$classQwParameterFile.html#26f003c162fcaf02d532f85e8e9a45d7" title="QwParameterFile::AppendToSearchPath" alt="" coords="129,6,385,30">
<area shape="rect" href="$classQwEventBuffer.html#aa13652628bb594bc57b9df70c07b5f8" title="QwEventBuffer::CloseDataFile" alt="" coords="1128,131,1325,155">
<area shape="rect" href="$classQwSubsystemArray.html#1fa3c4fc810746c71595045004c7c8f2" title="QwSubsystemArray::ConstructHistograms" alt="" coords="124,107,391,131">
<area shape="rect" href="$classQwSubsystemArray.html#c4707e1a959cf99e01dab9f363373725" title="QwSubsystemArray::DeleteHistograms" alt="" coords="133,155,381,179">
<area shape="rect" href="$classQwSubsystemArray.html#f08c005745a12401fcc2665bf9f0d60a" title="QwSubsystemArray::FillHistograms" alt="" coords="144,203,371,227">
<area shape="rect" href="$classQwEventBuffer.html#e63f387506de6d71a9eee37eec6c444b" title="QwEventBuffer::FillSubsystemConfigurationData" alt="" coords="105,300,409,324">
<area shape="rect" href="$classQwEventBuffer.html#d16678356029f93cdade6a2778e1acc7" title="QwEventBuffer::FillSubsystemData" alt="" coords="144,251,371,275">
<area shape="rect" href="$classQwEventBuffer.html#3dded5f269d858615c68ee4dc7ac067f" title="QwEventBuffer::GetEvent" alt="" coords="172,348,343,372">
<area shape="rect" href="$classQwEventBuffer.html#c135a1d116d411405182c17db2eac4dc" title="QwEventBuffer::OpenDataFile" alt="" coords="1129,494,1324,518">
<area shape="rect" href="$classQwEventBuffer.html#1f1628732a5d1535f761c4652ed176b7" title="QwEventBuffer::GetEventNumber" alt="" coords="149,447,365,471">
<area shape="rect" href="$classQwCommandLine.html#763636811ed661b888aa122759ae22f1" title="QwCommandLine::GetFirstEvent" alt="" coords="152,495,363,519">
<area shape="rect" href="$classQwCommandLine.html#5be71d6324095b413736000941c3f4a3" title="QwCommandLine::GetFirstRun" alt="" coords="157,543,357,567">
<area shape="rect" href="$classQwCommandLine.html#bbf95ced4d2474a2b3c198b59272c564" title="QwCommandLine::GetLastEvent" alt="" coords="152,591,363,615">
<area shape="rect" href="$classQwCommandLine.html#cd498141a367217713606b94371ee0b4" title="QwCommandLine::GetLastRun" alt="" coords="157,639,357,663">
<area shape="rect" href="$classQwSubsystemArray.html#95892ecb5324a1e19136604126bb59fc" title="QwSubsystemArray::GetSubsystem" alt="" coords="487,760,719,784">
<area shape="rect" href="$classQwEventBuffer.html#db0d740abcf8c5c8acac3fa70d60d6f0" title="QwEventBuffer::IsPhysicsEvent" alt="" coords="153,738,361,762">
<area shape="rect" href="$classQwEventBuffer.html#acdfed386eb15489cedf7a57d8acd258" title="QwEventBuffer::IsROCConfigurationEvent" alt="" coords="124,786,391,810">
<area shape="rect" href="$classVQwSubsystem.html#21bfb1c5f9670689f68e38d316476d8a" title="VQwSubsystem::LoadChannelMap" alt="" coords="145,834,369,858">
<area shape="rect" href="$classQwHistogramHelper.html#fc25e5e9af8230d303b016a76ba82a60" title="QwHistogramHelper::LoadHistParamsFromFile" alt="" coords="112,930,403,954">
<area shape="rect" href="$classQwCommandLine.html#68b3908a462d757a0b5e2c41a45fab1f" title="QwCommandLine::Parse" alt="" coords="175,1026,340,1050">
<area shape="rect" href="$QwAnalysis__ADC_8h.html#9a94e57b567c3dcd53caab96ab2a0f57" title="PrintInfo" alt="" coords="223,978,292,1002">
<area shape="rect" href="$classQwSubsystemArray.html#275c47dbaa3e2620938e2ae698bf8bfe" title="QwSubsystemArray::push_back" alt="" coords="153,882,361,906">
<area shape="rect" href="$classMQwCodaControlEvent.html#28a567eb76e697ba303de59ab18629bd" title="MQwCodaControlEvent::ReportRunSummary" alt="" coords="117,1074,397,1098">
<area shape="rect" href="$classMQwCodaControlEvent.html#c6a2e0e930fdf8642f860e0347e05220" title="MQwCodaControlEvent::ResetControlParameters" alt="" coords="104,1122,411,1146">
<area shape="rect" href="$classTHaCodaData.html#9d6f126b41e6cba203c3cf5a74c3339e" title="THaCodaData::codaClose" alt="" coords="1452,131,1623,155">
<area shape="rect" href="$classVQwSubsystem.html#d10ff5d42cdec4366257c801f98b892b" title="VQwSubsystem::DeleteHistograms" alt="" coords="489,104,716,128">
<area shape="rect" href="$classVQwSubsystem.html#6643a98a022fc62b8e9ddb35dc565926" title="VQwSubsystem::FillHistograms" alt="" coords="500,152,705,176">
<area shape="rect" href="$classQwEventBuffer.html#2e3254aa97ba354809e4257477839ec4" title="QwEventBuffer::DecodeSubbankHeader" alt="" coords="476,251,729,275">
<area shape="rect" href="$classTHaCodaData.html#d37d5823001af618941a7df6135cb96a" title="THaCodaData::getEvBuffer" alt="" coords="825,206,1004,230">
<area shape="rect" href="$classQwEventBuffer.html#616f98ddf34fcc9447c279208437ab36" title="QwEventBuffer::GetEtEvent" alt="" coords="511,446,695,470">
<area shape="rect" href="$classQwEventBuffer.html#37010e710d583bec7db8e38798b68d99" title="QwEventBuffer::GetFileEvent" alt="" coords="507,350,699,374">
<area shape="rect" href="$classQwEventBuffer.html#3d8b49dd6e19c95be1a9e54060bb9661" title="QwEventBuffer::ResetFlags" alt="" coords="511,398,695,422">
<area shape="rect" href="$classQwEventBuffer.html#9823b600da74bdd636a5c017585ef226" title="QwEventBuffer::CloseThisSegment" alt="" coords="801,254,1028,278">
<area shape="rect" href="$classTHaCodaData.html#1e94ea9f79a931713d5132be851413b3" title="THaCodaData::codaRead" alt="" coords="831,302,999,326">
<area shape="rect" href="$classQwEventBuffer.html#0a1bf2002a4867ea20133faee582e96e" title="QwEventBuffer::DecodeEventIDBank" alt="" coords="796,350,1033,374">
<area shape="rect" href="$classQwEventBuffer.html#c5d57d6e1368bf61d2f5978dc7d22299" title="QwEventBuffer::OpenNextSegment" alt="" coords="801,446,1028,470">
<area shape="rect" href="$classMQwCodaControlEvent.html#f6811ebe92a326d61694e9e3d687c350" title="MQwCodaControlEvent::ProcessControlEvent" alt="" coords="1083,398,1371,422">
<area shape="rect" href="$classQwEventBuffer.html#d5c0f4653446d77868f00ffed423459c" title="QwEventBuffer::SetEventLength" alt="" coords="1121,254,1332,278">
<area shape="rect" href="$classQwEventBuffer.html#df85712c283cb3391f4c801535a23184" title="QwEventBuffer::SetEventType" alt="" coords="1127,302,1327,326">
<area shape="rect" href="$classQwEventBuffer.html#7b918759750258aa5ef8da020354a913" title="QwEventBuffer::SetWordsSoFar" alt="" coords="1123,350,1331,374">
<area shape="rect" href="$classMQwCodaControlEvent.html#d1326288df4ddf70db3f6d0abbb053b0" title="MQwCodaControlEvent::ProcessEnd" alt="" coords="1420,398,1655,422">
<area shape="rect" href="$classQwEventBuffer.html#70983ebf855e75fbb7f5739ebd631fc1" title="QwEventBuffer::DataFile" alt="" coords="1144,446,1309,470">
<area shape="rect" href="$classQwHistogramHelper.html#bfa7ece84075034e251104a82b041293" title="QwHistogramHelper::GetHistParamsFromLine" alt="" coords="459,930,747,954">
<area shape="rect" href="$classQwParameterFile.html#b17570b16b392d6fc1e12cd9a6f18a3b" title="QwParameterFile::GetNextToken" alt="" coords="809,930,1020,954">
<area shape="rect" href="$classQwCommandLine.html#6b96efa2bbe15bc701e832c690c7fabc" title="QwCommandLine::ParseRange" alt="" coords="501,1026,704,1050">
<area shape="rect" href="$classQwCommandLine.html#8075edd473680fc75984e6f4238fde5d" title="QwCommandLine::Usage" alt="" coords="519,978,687,1002">
<area shape="rect" href="$classVQwSubsystem.html#d5a8723d1b3456a602ce255e1679c2fb" title="VQwSubsystem::GetSubsystemName" alt="" coords="481,882,724,906">
<area shape="rect" href="$classMQwCodaControlEvent.html#3cac3647d8a1ee155f68e48f7eae3e58" title="MQwCodaControlEvent::GetEndSQLTime" alt="" coords="472,1122,733,1146">
<area shape="rect" href="$classMQwCodaControlEvent.html#651ccead7e5f3ea3f4d07b3a2139ce90" title="MQwCodaControlEvent::GetStartSQLTime" alt="" coords="469,1074,736,1098">
