<area shape="rect" href="$classQwHelicityPattern.html#9d5033ae0098418677cb70102e899f2d" title="QwHelicityPattern::CalculateAsymmetry" alt="" coords="131,126,384,150">
<area shape="rect" href="$classQwHelicityPattern.html#bc1bfa0dfb3b1ed678eb1dc97f69b4e9" title="QwHelicityPattern::ClearEventData" alt="" coords="473,200,697,224">
<area shape="rect" href="$classQwEventBuffer.html#aa13652628bb594bc57b9df70c07b5f8" title="QwEventBuffer::CloseDataFile" alt="" coords="159,478,356,502">
<area shape="rect" href="$classQwHelicityPattern.html#8c274ea6b441136cf49e23ece1c8d36f" title="QwHelicityPattern::ConstructBranchAndVector" alt="" coords="112,334,403,358">
<area shape="rect" href="$classQwSubsystemArray.html#95892ecb5324a1e19136604126bb59fc" title="QwSubsystemArray::GetSubsystem" alt="" coords="469,334,701,358">
<area shape="rect" href="$QwAnalysis_8h.html#35b45f9a841f590cb4706ee71f2ca89b" title="ConstructBranchAndVector" alt="" coords="168,526,347,550">
<area shape="rect" href="$classQwHelicityPattern.html#c61c51206113c947ece76d3446e0c195" title="QwHelicityPattern::ConstructHistograms" alt="" coords="129,574,385,598">
<area shape="rect" href="$classQwSubsystemArray.html#1fa3c4fc810746c71595045004c7c8f2" title="QwSubsystemArray::ConstructHistograms" alt="" coords="124,622,391,646">
<area shape="rect" href="$classQwHelicityPattern.html#1ea0b8dcc8ed2e09e43283db86b3df22" title="QwHelicityPattern::DeleteHistograms" alt="" coords="140,721,375,745">
<area shape="rect" href="$classQwSubsystemArray.html#c4707e1a959cf99e01dab9f363373725" title="QwSubsystemArray::DeleteHistograms" alt="" coords="461,696,709,720">
<area shape="rect" href="$classQwHelicityPattern.html#473ff81cbd177a56a3e7fe3c445bd5d9" title="QwHelicityPattern::FillHistograms" alt="" coords="149,820,365,844">
<area shape="rect" href="$classQwSubsystemArray.html#f08c005745a12401fcc2665bf9f0d60a" title="QwSubsystemArray::FillHistograms" alt="" coords="472,769,699,793">
<area shape="rect" href="$classQwEventBuffer.html#e63f387506de6d71a9eee37eec6c444b" title="QwEventBuffer::FillSubsystemConfigurationData" alt="" coords="105,868,409,892">
<area shape="rect" href="$classQwEventBuffer.html#d16678356029f93cdade6a2778e1acc7" title="QwEventBuffer::FillSubsystemData" alt="" coords="144,916,371,940">
<area shape="rect" href="$classQwHelicityPattern.html#796d12292a4c79b77fa2033ce95d073d" title="QwHelicityPattern::FillTreeVector" alt="" coords="152,382,363,406">
<area shape="rect" href="$QwAnalysis_8h.html#bd1cec1ca4dd328279ac3d5c555286a2" title="FillTreeVector" alt="" coords="208,1012,307,1036">
<area shape="rect" href="$classQwEventBuffer.html#3dded5f269d858615c68ee4dc7ac067f" title="QwEventBuffer::GetEvent" alt="" coords="172,964,343,988">
<area shape="rect" href="$classQwEventBuffer.html#1f1628732a5d1535f761c4652ed176b7" title="QwEventBuffer::GetEventNumber" alt="" coords="149,1060,365,1084">
<area shape="rect" href="$classQwCommandLine.html#763636811ed661b888aa122759ae22f1" title="QwCommandLine::GetFirstEvent" alt="" coords="152,1108,363,1132">
<area shape="rect" href="$classQwCommandLine.html#5be71d6324095b413736000941c3f4a3" title="QwCommandLine::GetFirstRun" alt="" coords="157,1156,357,1180">
<area shape="rect" href="$classQwCommandLine.html#bbf95ced4d2474a2b3c198b59272c564" title="QwCommandLine::GetLastEvent" alt="" coords="152,1204,363,1228">
<area shape="rect" href="$classQwCommandLine.html#cd498141a367217713606b94371ee0b4" title="QwCommandLine::GetLastRun" alt="" coords="157,1252,357,1276">
<area shape="rect" href="$classQwHelicityPattern.html#0b6e05cecfdda0e7f3c15e3428b8cdae" title="QwHelicityPattern::IsCompletePattern" alt="" coords="137,1300,377,1324">
<area shape="rect" href="$classQwEventBuffer.html#db0d740abcf8c5c8acac3fa70d60d6f0" title="QwEventBuffer::IsPhysicsEvent" alt="" coords="153,1348,361,1372">
<area shape="rect" href="$classQwEventBuffer.html#acdfed386eb15489cedf7a57d8acd258" title="QwEventBuffer::IsROCConfigurationEvent" alt="" coords="124,1396,391,1420">
<area shape="rect" href="$classVQwSubsystem.html#21bfb1c5f9670689f68e38d316476d8a" title="VQwSubsystem::LoadChannelMap" alt="" coords="145,1444,369,1468">
<area shape="rect" href="$classQwHelicityPattern.html#d1b65be5ce4ca18f5cc1d409489b06c5" title="QwHelicityPattern::LoadEventData" alt="" coords="147,236,368,260">
<area shape="rect" href="$classQwHistogramHelper.html#fc25e5e9af8230d303b016a76ba82a60" title="QwHistogramHelper::LoadHistParamsFromFile" alt="" coords="112,1492,403,1516">
<area shape="rect" href="$classVQwSubsystem.html#cee73edbf28725a13471127c827ba655" title="VQwSubsystem::LoadInputParameters" alt="" coords="133,1540,381,1564">
<area shape="rect" href="$classQwEventBuffer.html#c135a1d116d411405182c17db2eac4dc" title="QwEventBuffer::OpenDataFile" alt="" coords="160,1588,355,1612">
<area shape="rect" href="$classQwCommandLine.html#68b3908a462d757a0b5e2c41a45fab1f" title="QwCommandLine::Parse" alt="" coords="175,1636,340,1660">
<area shape="rect" href="$QwAnalysis__ADC_8h.html#9a94e57b567c3dcd53caab96ab2a0f57" title="PrintInfo" alt="" coords="223,1684,292,1708">
<area shape="rect" href="$classQwSubsystemArray.html#390eb6ee3fb630035935b2b554e2207e" title="QwSubsystemArray::ProcessEvent" alt="" coords="144,1732,371,1756">
<area shape="rect" href="$classQwSubsystemArray.html#275c47dbaa3e2620938e2ae698bf8bfe" title="QwSubsystemArray::push_back" alt="" coords="153,430,361,454">
<area shape="rect" href="$classMQwCodaControlEvent.html#28a567eb76e697ba303de59ab18629bd" title="MQwCodaControlEvent::ReportRunSummary" alt="" coords="117,1780,397,1804">
<area shape="rect" href="$classMQwCodaControlEvent.html#c6a2e0e930fdf8642f860e0347e05220" title="MQwCodaControlEvent::ResetControlParameters" alt="" coords="104,1828,411,1852">
<area shape="rect" href="$classQwSubsystemArray.html#c51af8bcbe779db32750b2999447ad69" title="QwSubsystemArray::ClearEventData" alt="" coords="761,128,996,152">
<area shape="rect" href="$classQwSubsystemArrayParity.html#0cf4599ae8601a521e490705f8bab486" title="QwSubsystemArrayParity::Difference" alt="" coords="467,104,704,128">
<area shape="rect" href="$classQwSubsystemArrayParity.html#150942870d022b2b38df79d85968c8c4" title="QwSubsystemArrayParity::Ratio" alt="" coords="481,152,689,176">
<area shape="rect" href="$classQwSubsystemArrayParity.html#50416433e3279afd768b1b8504a276b4" title="QwSubsystemArrayParity::Sum" alt="" coords="483,5,688,29">
<area shape="rect" href="$classTHaCodaData.html#9d6f126b41e6cba203c3cf5a74c3339e" title="THaCodaData::codaClose" alt="" coords="500,478,671,502">
<area shape="rect" href="$classVQwSubsystem.html#d10ff5d42cdec4366257c801f98b892b" title="VQwSubsystem::DeleteHistograms" alt="" coords="765,696,992,720">
<area shape="rect" href="$classVQwSubsystem.html#6643a98a022fc62b8e9ddb35dc565926" title="VQwSubsystem::FillHistograms" alt="" coords="776,769,981,793">
<area shape="rect" href="$classQwEventBuffer.html#2e3254aa97ba354809e4257477839ec4" title="QwEventBuffer::DecodeSubbankHeader" alt="" coords="459,868,712,892">
<area shape="rect" href="$classTHaCodaData.html#d37d5823001af618941a7df6135cb96a" title="THaCodaData::getEvBuffer" alt="" coords="789,917,968,941">
<area shape="rect" href="$classQwEventBuffer.html#616f98ddf34fcc9447c279208437ab36" title="QwEventBuffer::GetEtEvent" alt="" coords="493,1062,677,1086">
<area shape="rect" href="$classQwEventBuffer.html#37010e710d583bec7db8e38798b68d99" title="QwEventBuffer::GetFileEvent" alt="" coords="489,966,681,990">
<area shape="rect" href="$classQwEventBuffer.html#3d8b49dd6e19c95be1a9e54060bb9661" title="QwEventBuffer::ResetFlags" alt="" coords="493,1014,677,1038">
<area shape="rect" href="$classQwHelicity.html#6c2a70f33a0861dbe4291a6fded6fff7" title="QwHelicity::GetEventNumber" alt="" coords="489,248,681,272">
