<area shape="rect" href="$classQset.html#58dcb28412ed2c7cbbe1394292174d50" title="Qset::FillDetec" alt="" coords="187,5,293,29">
<area shape="rect" href="$classQoptions.html#545dbac0599a137985a375edde0803e5" title="Qoptions::Get" alt="" coords="189,53,291,77">
<area shape="rect" href="$classQwASCIIEventBuffer.html#7f2bd84fc8c19ae834c140970371ccb7" title="QwASCIIEventBuffer::GetEvent" alt="" coords="136,101,344,125">
<area shape="rect" href="$classQwASCIIEventBuffer.html#5fdcb2dd1c4b028d5470ecc5be28080a" title="QwASCIIEventBuffer::GetEventNumber" alt="" coords="115,149,365,173">
<area shape="rect" href="$classQwASCIIEventBuffer.html#06d1fa66c363216d14867ef80c8b8d91" title="QwASCIIEventBuffer::GetHitList" alt="" coords="135,197,345,221">
<area shape="rect" href="$classQwASCIIEventBuffer.html#6d4428c89e6878341b0abd68f9d2605e" title="QwASCIIEventBuffer::OpenDataFile" alt="" coords="124,245,356,269">
<area shape="rect" href="$classQwASCIIEventBuffer.html#887de6a0ac8556876fa014a709293aef" title="QwASCIIEventBuffer::ProcessHitContainer" alt="" coords="104,293,376,317">
<area shape="rect" href="$classtree.html#5faab5ac4ba6d8d38f8344e522bea70c" title="tree::rcInitTree" alt="" coords="188,341,292,365">
<area shape="rect" href="$classtreedo.html#fe1dc47cbca4060c4727b16db5f158da" title="treedo::rcTreeDo" alt="" coords="181,511,299,535">
<area shape="rect" href="$QwAnalysis_8h.html#9fc825f5d9b42604257df22cfaacf549" title="SaveHits" alt="" coords="203,559,277,583">
<area shape="rect" href="$classQwParameterFile.html#ad3c38a84406f8130bd189adbb252afe" title="QwParameterFile::GetUInt" alt="" coords="443,149,616,173">
<area shape="rect" href="$classQwParameterFile.html#4afcce9412a77f9d4edf7470c376ae2f" title="QwParameterFile::IsEOF" alt="" coords="445,53,613,77">
<area shape="rect" href="$classQwParameterFile.html#cd3c69fd1e4596cc6d331d9071b9ed20" title="QwParameterFile::ReadNextLine" alt="" coords="424,101,635,125">
<area shape="rect" href="$classQwHitContainer.html#23d0e2195537b95e48b6107c0159b332" title="QwHitContainer::Append" alt="" coords="448,197,611,221">
<area shape="rect" href="$classtree.html#9d49bdcbebccbe5da6432a309a1b7c7c" title="tree::inittree" alt="" coords="484,245,575,269">
<area shape="rect" href="$classtree.html#c4e73f3d0107bc2aac3d5e445486d06a" title="tree::readtree" alt="" coords="744,184,843,208">
<area shape="rect" href="$classtree.html#34483da09b96fd0dd5be5417132eb6c5" title="This function initializes the output file. It then calls the iterative _writetree..." alt="" coords="744,232,843,256">
<area shape="rect" href="$classtreesearch.html#8d5cfa1849817571d6ba923ca645fdc7" title="treesearch::BeginSearch" alt="" coords="448,956,611,980">
<area shape="rect" href="$classtreesearch.html#bedd6f4c92c02d26bdf7919abdded60f" title="treesearch::EndSearch" alt="" coords="452,319,607,343">
<area shape="rect" href="$classQwHit.html#e55b617f59cd35eff949c13381515477" title="QwHit::GetDetectorID" alt="" coords="456,367,603,391">
<area shape="rect" href="$classtreesearch.html#59a59ac8351743867f9a38de44470ec1" title="treesearch::GetListOfTreeLines" alt="" coords="428,415,631,439">
<area shape="rect" href="$classtreematch.html#0e3d3c00756f8614ededa8e7372f2b19" title="treematch::MatchR3" alt="" coords="460,463,599,487">
<area shape="rect" href="$classDet.html#c755cf1874696a6241dfc68b78381108" title="Det::print" alt="" coords="492,717,567,741">
<area shape="rect" href="$classtreesort.html#159b5d82356e2b33590937a6caa0b9b6" title="treesort::rcPartConnSort" alt="" coords="712,955,875,979">
<area shape="rect" href="$classtreecombine.html#996004503a57868aea6584f0784555ee" title="treecombine::TlTreeCombine" alt="" coords="436,619,623,643">
<area shape="rect" href="$classtreecombine.html#02689ae85f4ab6306789e81901421ee2" title="treecombine::TlTreeLineSort" alt="" coords="437,511,621,535">
<area shape="rect" href="$classtreesearch.html#d28d992176b8564cd6b83c43e2b7b673" title="treesearch::TsSearch" alt="" coords="457,765,601,789">
<area shape="rect" href="$classtreesearch.html#822cf976c4c92209b89687bbe49e129f" title="treesearch::TsSetPoint" alt="" coords="452,908,607,932">
<area shape="rect" href="$treematch_8cc.html#68f61b4275da629bcf013244ed752bec" title="bestWireHit" alt="" coords="749,331,837,355">
<area shape="rect" href="$classtreecombine.html#42929bc69a4e9fb680fbc3cd780a0c89" title="treecombine::weight_lsq_r3" alt="" coords="956,331,1135,355">
<area shape="rect" href="$classtreesort.html#fb2d550e0c5590fe91f8bdd566ba8531" title="treesort::bestunconnected" alt="" coords="960,715,1131,739">
<area shape="rect" href="$classtreesort.html#24f71a4065fea59a70565889fcef114f" title="treesort::connectarray" alt="" coords="972,811,1119,835">
<area shape="rect" href="$classtreesort.html#ad0df2762b486dc0bb0bf0e8fa7b238b" title="treesort::connectiv" alt="" coords="981,475,1109,499">
<area shape="rect" href="$classtreesort.html#72704e182c0590b5ea259277c7971dbd" title="treesort::ptchiweight" alt="" coords="976,931,1115,955">
<area shape="rect" href="$classtreesort.html#2d07d43fa6993ab04214e6b310140ff3" title="treesort::rcPTCommonWires" alt="" coords="953,979,1137,1003">
<area shape="rect" href="$classtreecombine.html#d1bdb2e6454005db57b7faaaac976dac" title="treecombine::checkR3" alt="" coords="717,571,869,595">
<area shape="rect" href="$classtreecombine.html#23b0d192021af391ed1233ddd64a58cd" title="treecombine::chi_hashclear" alt="" coords="704,475,883,499">
<area shape="rect" href="$classtreecombine.html#436a5f2f70ca829d0fc02e36ef7a4e70" title="treecombine::inAcceptance" alt="" coords="704,619,883,643">
<area shape="rect" href="$classtreecombine.html#5d23457e9a5c9aaf5ba9d1223cf36cd4" title="treecombine::TcTreeLineCombine" alt="" coords="687,667,900,691">
<area shape="rect" href="$classtreecombine.html#f0d1f04ed3be34017b8d47d63b5b719e" title="treecombine::TcTreeLineCombine2" alt="" coords="683,715,904,739">
<area shape="rect" href="$classtreecombine.html#f1cc9db90b20d4b9ec21605000c615d4" title="treecombine::TlCheckForX" alt="" coords="705,523,881,547">
<area shape="rect" href="$treecombine_8cc.html#d4a4d5f2602944e96412428c2cbcef88" title="uv2x" alt="" coords="769,763,817,787">
<area shape="rect" href="$classUv2xy.html#09cd245bd07081c8c2fa2331b1eee0b1" title="Uv2xy::uv2x" alt="" coords="747,811,840,835">
<area shape="rect" href="$treecombine_8cc.html#bcb71a9189a069da34a7a2e13d62c5aa" title="uv2y" alt="" coords="769,859,817,883">
<area shape="rect" href="$classUv2xy.html#81ccb8fc390692ff9cfa0077cd1eb934" title="Uv2xy::uv2y" alt="" coords="747,907,840,931">
<area shape="rect" href="$classtreesort.html#78002e2c13b2669965843341b57be977" title="treesort::rcTreeConnSort" alt="" coords="712,427,875,451">
<area shape="rect" href="$classtreecombine.html#6506bb389eedf4e09dc89fdb688d7f70" title="number of tree layers" alt="" coords="708,379,879,403">
<area shape="rect" href="$classtreesearch.html#b530645483340c4821992cab2928b767" title="treesearch::setpoint" alt="" coords="725,1003,861,1027">
<area shape="rect" href="$classtreesearch.html#bbd357cbfcf8e3b0c36ea62769729878" title="treesearch::wireselection" alt="" coords="711,1051,876,1075">
