<area shape="rect" href="$classMQwF1TDC.html" title="MQwF1TDC" alt="" coords="208,30,299,54">
<area shape="rect" href="$classQwDriftChamber.html" title="QwDriftChamber" alt="" coords="409,30,524,54">
<area shape="rect" href="$classQwDriftChamberHDC.html" title="QwDriftChamberHDC" alt="" coords="597,6,741,30">
<area shape="rect" href="$classQwDriftChamberVDC.html" title="QwDriftChamberVDC" alt="" coords="597,54,741,78">
<area shape="rect" href="$classMQwV775TDC.html" title="MQwV775TDC" alt="" coords="200,174,307,198">
<area shape="rect" href="$classQwMainDetector.html" title="QwMainDetector" alt="" coords="408,174,525,198">
<area shape="rect" href="$classQwTriggerScintillator.html" title="QwTriggerScintillator" alt="" coords="397,126,536,150">
<area shape="rect" href="$classVQwSubsystem.html" title="VQwSubsystem" alt="" coords="7,174,121,198">
<area shape="rect" href="$classVQwSubsystemParity.html" title="VQwSubsystemParity" alt="" coords="179,246,328,270">
<area shape="rect" href="$classVQwSubsystemTracking.html" title="VQwSubsystemTracking" alt="" coords="172,126,335,150">
<area shape="rect" href="$classQwBeamLine.html" title="QwBeamLine" alt="" coords="417,222,516,246">
<area shape="rect" href="$classQwHelicity.html" title="QwHelicity" alt="" coords="425,270,508,294">
<area shape="rect" href="$classQwQuartzBar.html" title="QwQuartzBar" alt="" coords="417,318,516,342">
<area shape="rect" href="$classQwGasElectronMultiplier.html" title="QwGasElectronMultiplier" alt="" coords="385,78,548,102">
