<area shape="rect" href="$Qoptions_8h.html" title="Qoptions.h" alt="" coords="508,81,591,105">
<area shape="rect" href="$options_8h.html" title="options.h" alt="" coords="1377,156,1452,180">
<area shape="rect" href="$tree_8h.html" title="tree.h" alt="" coords="695,81,748,105">
<area shape="rect" href="$QwTypes_8h.html" title="QwTypes.h" alt="" coords="1116,454,1201,478">
<area shape="rect" href="$treenode_8h.html" title="treenode.h" alt="" coords="360,156,443,180">
<area shape="rect" href="$nodenode_8h.html" title="nodenode.h" alt="" coords="357,230,445,254">
<area shape="rect" href="$globals_8h.html" title="globals.h" alt="" coords="5,380,77,404">
<area shape="rect" href="$shortnode_8h.html" title="shortnode.h" alt="" coords="92,230,180,254">
<area shape="rect" href="$shorttree_8h.html" title="shorttree.h" alt="" coords="95,305,177,329">
<area shape="rect" href="$treeregion_8h.html" title="treeregion.h" alt="" coords="43,156,131,180">
<area shape="rect" href="$Det_8h.html" title="Det.h" alt="" coords="1252,305,1303,329">
<area shape="rect" href="$tracking_8h.html" title="tracking.h" alt="" coords="683,156,760,180">
<area shape="rect" href="$QwHit_8h.html" title="Draft skeleton for the decoding&#45;to&#45;QTR interface class." alt="" coords="1135,380,1201,404">
<area shape="rect" href="$Hit_8h.html" title="Hit.h" alt="" coords="520,305,568,329">
<area shape="rect" href="$QwASCIIEventBuffer_8h.html" title="QwASCIIEventBuffer.h" alt="" coords="740,230,895,254">
<area shape="rect" href="$QwEventBuffer_8h.html" title="QwEventBuffer.h" alt="" coords="592,305,712,329">
<area shape="rect" href="$QwParameterFile_8h.html" title="QwParameterFile.h" alt="" coords="1117,529,1248,553">
<area shape="rect" href="$QwHitContainer_8h.html" title="QwHitContainer.h" alt="" coords="936,305,1056,329">
<area shape="rect" href="$QwDetectorInfo_8h.html" title="QwDetectorInfo.h" alt="" coords="695,380,817,404">
<area shape="rect" href="$THaCodaData_8h.html" title="THaCodaData.h" alt="" coords="168,529,280,553">
<area shape="rect" href="$MQwCodaControlEvent_8h.html" title="MQwCodaControlEvent.h" alt="" coords="355,529,523,553">
<area shape="rect" href="$QwSubsystemArray_8h.html" title="QwSubsystemArray.h" alt="" coords="423,380,569,404">
<area shape="rect" href="$VQwSubsystem_8h.html" title="VQwSubsystem.h" alt="" coords="824,454,949,478">
