<area shape="rect" href="$QwAnalysis__ADC_8h.html" title="QwAnalysis_ADC.h" alt="" coords="1083,81,1219,105">
<area shape="rect" href="$Det_8h.html" title="Det.h" alt="" coords="1904,305,1955,329">
<area shape="rect" href="$Qset_8h.html" title="Qset.h" alt="" coords="1992,81,2051,105">
<area shape="rect" href="$Qevent_8h.html" title="Qevent.h" alt="" coords="2077,305,2152,329">
<area shape="rect" href="$Qoptions_8h.html" title="Qoptions.h" alt="" coords="2125,81,2208,105">
<area shape="rect" href="$options_8h.html" title="options.h" alt="" coords="1979,305,2053,329">
<area shape="rect" href="$treeregion_8h.html" title="treeregion.h" alt="" coords="2891,305,2979,329">
<area shape="rect" href="$treedo_8h.html" title="treedo.h" alt="" coords="2309,81,2376,105">
<area shape="rect" href="$tree_8h.html" title="tree.h" alt="" coords="2405,231,2459,255">
<area shape="rect" href="$QwCommandLine_8h.html" title="QwCommandLine.h" alt="" coords="1717,380,1851,404">
<area shape="rect" href="$QwEventBuffer_8h.html" title="QwEventBuffer.h" alt="" coords="944,156,1064,180">
<area shape="rect" href="$QwSubsystemArray_8h.html" title="QwSubsystemArray.h" alt="" coords="795,231,941,255">
<area shape="rect" href="$QwHistogramHelper_8h.html" title="QwHistogramHelper.h" alt="" coords="240,305,387,329">
<area shape="rect" href="$QwQuartzBar_8h.html" title="QwQuartzBar.h" alt="" coords="84,231,193,255">
<area shape="rect" href="$THaCodaData_8h.html" title="THaCodaData.h" alt="" coords="1429,380,1541,404">
<area shape="rect" href="$MQwCodaControlEvent_8h.html" title="MQwCodaControlEvent.h" alt="" coords="1136,380,1304,404">
<area shape="rect" href="$VQwSubsystem_8h.html" title="VQwSubsystem.h" alt="" coords="867,305,992,329">
<area shape="rect" href="$QwParameterFile_8h.html" title="QwParameterFile.h" alt="" coords="981,380,1112,404">
<area shape="rect" href="$QwTypes_8h.html" title="QwTypes.h" alt="" coords="1976,380,2061,404">
<area shape="rect" href="$Hit_8h.html" title="Hit.h" alt="" coords="2557,380,2605,404">
<area shape="rect" href="$shortnode_8h.html" title="shortnode.h" alt="" coords="2789,380,2877,404">
<area shape="rect" href="$globals_8h.html" title="globals.h" alt="" coords="2637,529,2709,553">
<area shape="rect" href="$shorttree_8h.html" title="shorttree.h" alt="" coords="2765,455,2848,479">
<area shape="rect" href="$treesearch_8h.html" title="treesearch.h" alt="" coords="2604,231,2697,255">
<area shape="rect" href="$treecombine_8h.html" title="treecombine.h" alt="" coords="2277,231,2381,255">
<area shape="rect" href="$treematch_8h.html" title="treematch.h" alt="" coords="2297,156,2388,180">
<area shape="rect" href="$treenode_8h.html" title="treenode.h" alt="" coords="2379,305,2461,329">
<area shape="rect" href="$nodenode_8h.html" title="nodenode.h" alt="" coords="2445,380,2533,404">
<area shape="rect" href="$tracking_8h.html" title="tracking.h" alt="" coords="2536,305,2613,329">
