<area shape="rect" href="$QwHitContainer_8h.html" title="Tracking/include/QwHitContainer.h" alt="" coords="1429,82,1648,106">
<area shape="rect" href="$tracking_8h.html" title="Tracking/include/tracking.h" alt="" coords="2599,231,2775,255">
<area shape="rect" href="$treecombine_8h.html" title="Tracking/include/treecombine.h" alt="" coords="2940,455,3140,479">
<area shape="rect" href="$treesearch_8h.html" title="Tracking/include/treesearch.h" alt="" coords="3108,306,3300,330">
<area shape="rect" href="$treesearch_8cc.html" title="This module contains the code for performing the treesearch algorithm to generate..." alt="" coords="3497,380,3673,404">
<area shape="rect" href="$QwGasElectronMultiplier_8h.html" title="Tracking/include/QwGasElectronMultiplier.h" alt="" coords="5,231,277,255">
<area shape="rect" href="$QwDriftChamber_8h.html" title="Tracking/include/QwDriftChamber.h" alt="" coords="1215,231,1439,255">
<area shape="rect" href="$QwASCIIEventBuffer_8h.html" title="Tracking/include/QwASCIIEventBuffer.h" alt="" coords="1464,156,1715,180">
<area shape="rect" href="$QwAnalysis_8cc.html" title="main(...) function for the QwAnalysis executable" alt="" coords="1712,604,1904,628">
<area shape="rect" href="$QwSubsystemArrayTracking_8h.html" title="Tracking/include/QwSubsystemArrayTracking.h" alt="" coords="301,231,597,255">
<area shape="rect" href="$VQwSubsystemTracking_8h.html" title="Tracking/include/VQwSubsystemTracking.h" alt="" coords="779,156,1051,180">
<area shape="rect" href="$QwAnalysis_8h.html" title="Tracking/include/QwAnalysis.h" alt="" coords="903,380,1103,404">
<area shape="rect" href="$QwASCIIEventBuffer_8cc.html" title="Tracking/src/QwASCIIEventBuffer.cc" alt="" coords="1520,231,1755,255">
<area shape="rect" href="$tree_8h.html" title="Tracking/include/tree.h" alt="" coords="2395,306,2547,330">
<area shape="rect" href="$QwTracking_8cc.html" title="This is the main program which simply executes a series of commands." alt="" coords="1928,604,2120,628">
<area shape="rect" href="$treedo_8cc.html" title="Tracking/src/treedo.cc" alt="" coords="2875,604,3024,628">
<area shape="rect" href="$QwAnalysis__ADC_8cc.html" title="main(...) function for the QwAnalysis_ADC executable" alt="" coords="2320,604,2531,628">
<area shape="rect" href="$uv2xy_8h.html" title="Tracking/include/uv2xy.h" alt="" coords="2715,380,2877,404">
<area shape="rect" href="$treedo_8h.html" title="Tracking/include/treedo.h" alt="" coords="2403,530,2568,554">
<area shape="rect" href="$treematch_8h.html" title="Tracking/include/treematch.h" alt="" coords="2508,455,2695,479">
<area shape="rect" href="$treesort_8h.html" title="Tracking/include/treesort.h" alt="" coords="3156,380,3329,404">
<area shape="rect" href="$Qoptions_8cc.html" title="Qoptions is a generic ascii read&#45;in program for handling program options." alt="" coords="2048,380,2213,404">
<area shape="rect" href="$Qset_8cc.html" title="Qset is a generic data read&#45;in class that reads ascii to set up the detector geometry..." alt="" coords="2237,380,2379,404">
<area shape="rect" href="$tree_8cc.html" title="Tracking/src/tree.cc" alt="" coords="2403,380,2539,404">
<area shape="rect" href="$uv2xy_8cc.html" title="Tracking/src/uv2xy.cc" alt="" coords="2719,455,2865,479">
<area shape="rect" href="$treecombine_8cc.html" title="Tracking/src/treecombine.cc" alt="" coords="3112,530,3296,554">
<area shape="rect" href="$treematch_8cc.html" title="This module matches track segments for individual wire planes." alt="" coords="2681,530,2852,554">
<area shape="rect" href="$treesort_8cc.html" title="This module is used to identify good track segments versus ghost tracks/hits." alt="" coords="3164,455,3321,479">
<area shape="rect" href="$QwTriggerScintillator_8h.html" title="Tracking/include/QwTriggerScintillator.h" alt="" coords="869,231,1117,255">
<area shape="rect" href="$QwMainDetector_8h.html" title="Tracking/include/QwMainDetector.h" alt="" coords="621,231,845,255">
<area shape="rect" href="$QwDriftChamberHDC_8h.html" title="Tracking/include/QwDriftChamberHDC.h" alt="" coords="1195,306,1445,330">
<area shape="rect" href="$QwDriftChamberVDC_8h.html" title="Tracking/include/QwDriftChamberVDC.h" alt="" coords="1520,306,1771,330">
<area shape="rect" href="$QwDriftChamber_8cc.html" title="Tracking/src/QwDriftChamber.cc" alt="" coords="963,306,1171,330">
<area shape="rect" href="$QwDriftChamberHDC_8cc.html" title="Tracking/src/QwDriftChamberHDC.cc" alt="" coords="1203,380,1437,404">
<area shape="rect" href="$QwDriftChamberVDC_8cc.html" title="Tracking/src/QwDriftChamberVDC.cc" alt="" coords="1528,380,1763,404">
<area shape="rect" href="$QwTriggerScintillator_8cc.html" title="Tracking/src/QwTriggerScintillator.cc" alt="" coords="656,306,888,330">
<area shape="rect" href="$QwMainDetector_8cc.html" title="Tracking/src/QwMainDetector.cc" alt="" coords="424,306,632,330">
