<area shape="rect" href="$VQwSubsystemTracking_8h.html" title="VQwSubsystemTracking.h" alt="" coords="480,82,656,106">
<area shape="rect" href="$MQwV775TDC_8h.html" title="MQwV775TDC.h" alt="" coords="120,82,237,106">
<area shape="rect" href="$QwPMT__Channel_8h.html" title="QwPMT_Channel.h" alt="" coords="896,82,1029,106">
<area shape="rect" href="$VQwSubsystem_8h.html" title="VQwSubsystem.h" alt="" coords="592,156,717,180">
<area shape="rect" href="$QwHitContainer_8h.html" title="QwHitContainer.h" alt="" coords="200,156,320,180">
<area shape="rect" href="$QwDetectorInfo_8h.html" title="QwDetectorInfo.h" alt="" coords="393,231,516,255">
<area shape="rect" href="$QwParameterFile_8h.html" title="QwParameterFile.h" alt="" coords="1207,231,1337,255">
<area shape="rect" href="$QwTypes_8h.html" title="QwTypes.h" alt="" coords="352,306,437,330">
<area shape="rect" href="$QwHit_8h.html" title="Draft skeleton for the decoding&#45;to&#45;QTR interface class." alt="" coords="303,231,369,255">
<area shape="rect" href="$VQwDataElement_8h.html" title="VQwDataElement.h" alt="" coords="895,231,1031,255">
<area shape="rect" href="$QwHistogramHelper_8h.html" title="QwHistogramHelper.h" alt="" coords="1048,156,1195,180">
