<area shape="rect" href="$Qset_8h.html" title="Qset.h" alt="" coords="443,82,501,106">
<area shape="rect" href="$Qevent_8h.html" title="Qevent.h" alt="" coords="1839,455,1913,479">
<area shape="rect" href="$Qoptions_8h.html" title="Qoptions.h" alt="" coords="576,82,659,106">
<area shape="rect" href="$options_8h.html" title="options.h" alt="" coords="733,380,808,404">
<area shape="rect" href="$Det_8h.html" title="Det.h" alt="" coords="632,530,683,554">
<area shape="rect" href="$tracking_8h.html" title="tracking.h" alt="" coords="1535,380,1612,404">
<area shape="rect" href="$treeregion_8h.html" title="treeregion.h" alt="" coords="5,380,93,404">
<area shape="rect" href="$treedo_8h.html" title="treedo.h" alt="" coords="815,82,881,106">
<area shape="rect" href="$tree_8h.html" title="tree.h" alt="" coords="489,306,543,330">
<area shape="rect" href="$QwParameterFile_8h.html" title="QwParameterFile.h" alt="" coords="1676,754,1807,778">
<area shape="rect" href="$Hit_8h.html" title="Hit.h" alt="" coords="1727,530,1775,554">
<area shape="rect" href="$QwTypes_8h.html" title="QwTypes.h" alt="" coords="617,679,703,703">
<area shape="rect" href="$globals_8h.html" title="globals.h" alt="" coords="269,604,341,628">
<area shape="rect" href="$QwHit_8h.html" title="Draft skeleton for the decoding&#45;to&#45;QTR interface class." alt="" coords="1648,604,1715,628">
<area shape="rect" href="$QwASCIIEventBuffer_8h.html" title="QwASCIIEventBuffer.h" alt="" coords="1089,455,1244,479">
<area shape="rect" href="$QwEventBuffer_8h.html" title="QwEventBuffer.h" alt="" coords="1203,530,1323,554">
<area shape="rect" href="$QwHitContainer_8h.html" title="QwHitContainer.h" alt="" coords="985,530,1105,554">
<area shape="rect" href="$QwDetectorInfo_8h.html" title="QwDetectorInfo.h" alt="" coords="733,604,856,628">
<area shape="rect" href="$THaCodaData_8h.html" title="THaCodaData.h" alt="" coords="828,754,940,778">
<area shape="rect" href="$MQwCodaControlEvent_8h.html" title="MQwCodaControlEvent.h" alt="" coords="1065,754,1233,778">
<area shape="rect" href="$QwSubsystemArray_8h.html" title="QwSubsystemArray.h" alt="" coords="1325,604,1472,628">
<area shape="rect" href="$VQwSubsystem_8h.html" title="VQwSubsystem.h" alt="" coords="1585,679,1711,703">
<area shape="rect" href="$shortnode_8h.html" title="shortnode.h" alt="" coords="155,455,243,479">
<area shape="rect" href="$shorttree_8h.html" title="shorttree.h" alt="" coords="157,530,240,554">
<area shape="rect" href="$treesearch_8h.html" title="treesearch.h" alt="" coords="1599,306,1692,330">
<area shape="rect" href="$treecombine_8h.html" title="treecombine.h" alt="" coords="1445,156,1549,180">
<area shape="rect" href="$treematch_8h.html" title="treematch.h" alt="" coords="792,231,883,255">
<area shape="rect" href="$treenode_8h.html" title="treenode.h" alt="" coords="323,380,405,404">
<area shape="rect" href="$nodenode_8h.html" title="nodenode.h" alt="" coords="368,455,456,479">
<area shape="rect" href="$uv2xy_8h.html" title="uv2xy.h" alt="" coords="915,231,981,255">
