<area shape="rect" href="$Det_8h.html" title="Tracking/include/Det.h" alt="" coords="3796,156,3945,180">
<area shape="rect" href="$QwASCIIEventBuffer_8h.html" title="Tracking/include/QwASCIIEventBuffer.h" alt="" coords="2033,230,2284,254">
<area shape="rect" href="$tree_8h.html" title="Tracking/include/tree.h" alt="" coords="3037,380,3189,404">
<area shape="rect" href="$uv2xy_8h.html" title="Tracking/include/uv2xy.h" alt="" coords="2809,454,2972,478">
<area shape="rect" href="$tree_8cc.html" title="Tracking/src/tree.cc" alt="" coords="2649,454,2785,478">
<area shape="rect" href="$Qevent_8cc.html" title="Qevent is a generic data read&#45;in class." alt="" coords="4217,230,4372,254">
<area shape="rect" href="$options_8h.html" title="Tracking/include/options.h" alt="" coords="3532,305,3703,329">
<area shape="rect" href="$QwHitContainer_8h.html" title="Tracking/include/QwHitContainer.h" alt="" coords="1783,156,2001,180">
<area shape="rect" href="$QwGasElectronMultiplier_8h.html" title="Tracking/include/QwGasElectronMultiplier.h" alt="" coords="1551,305,1823,329">
<area shape="rect" href="$QwDriftChamber_8h.html" title="Tracking/include/QwDriftChamber.h" alt="" coords="463,305,687,329">
<area shape="rect" href="$QwHit_8h.html" title="Draft skeleton for the decoding&#45;to&#45;QTR interface class." alt="" coords="2305,81,2471,105">
<area shape="rect" href="$QwDetectorInfo_8h.html" title="Tracking/include/QwDetectorInfo.h" alt="" coords="1333,156,1552,180">
<area shape="rect" href="$QwAnalysis__ADC_8cc.html" title="main(...) function for the QwAnalysis_ADC executable" alt="" coords="3892,678,4103,702">
<area shape="rect" href="$QwTracking_8cc.html" title="This is the main program which simply executes a series of commands." alt="" coords="3623,678,3815,702">
<area shape="rect" href="$treedo_8cc.html" title="Tracking/src/treedo.cc" alt="" coords="2728,678,2877,702">
<area shape="rect" href="$treecombine_8cc.html" title="Tracking/src/treecombine.cc" alt="" coords="3208,604,3392,628">
<area shape="rect" href="$Det_8cc.html" title="Tracking/src/Det.cc" alt="" coords="4009,230,4143,254">
<area shape="rect" href="$QwAnalysis_8h.html" title="Tracking/include/QwAnalysis.h" alt="" coords="1136,454,1336,478">
<area shape="rect" href="$tracking_8h.html" title="Tracking/include/tracking.h" alt="" coords="2207,305,2383,329">
<area shape="rect" href="$QwASCIIEventBuffer_8cc.html" title="Tracking/src/QwASCIIEventBuffer.cc" alt="" coords="1948,305,2183,329">
<area shape="rect" href="$QwAnalysis_8cc.html" title="main(...) function for the QwAnalysis executable" alt="" coords="2351,678,2543,702">
<area shape="rect" href="$treecombine_8h.html" title="Tracking/include/treecombine.h" alt="" coords="2201,529,2401,553">
<area shape="rect" href="$treesearch_8h.html" title="Tracking/include/treesearch.h" alt="" coords="2221,380,2413,404">
<area shape="rect" href="$treedo_8h.html" title="Tracking/include/treedo.h" alt="" coords="2780,604,2945,628">
<area shape="rect" href="$treematch_8h.html" title="Tracking/include/treematch.h" alt="" coords="2831,529,3017,553">
<area shape="rect" href="$treesort_8h.html" title="Tracking/include/treesort.h" alt="" coords="2452,454,2625,478">
<area shape="rect" href="$Qoptions_8cc.html" title="Qoptions is a generic ascii read&#45;in program for handling program options." alt="" coords="3415,454,3580,478">
<area shape="rect" href="$Qset_8cc.html" title="Qset is a generic data read&#45;in class that reads ascii to set up the detector geometry..." alt="" coords="3097,454,3239,478">
<area shape="rect" href="$uv2xy_8cc.html" title="Tracking/src/uv2xy.cc" alt="" coords="3092,529,3239,553">
<area shape="rect" href="$treematch_8cc.html" title="This module matches track segments for individual wire planes." alt="" coords="2535,604,2705,628">
<area shape="rect" href="$treesort_8cc.html" title="This module is used to identify good track segments versus ghost tracks/hits." alt="" coords="2476,529,2633,553">
<area shape="rect" href="$treesearch_8cc.html" title="This module contains the code for performing the treesearch algorithm to generate..." alt="" coords="2252,454,2428,478">
<area shape="rect" href="$QwSubsystemArrayTracking_8h.html" title="Tracking/include/QwSubsystemArrayTracking.h" alt="" coords="1231,305,1527,329">
<area shape="rect" href="$VQwSubsystemTracking_8h.html" title="Tracking/include/VQwSubsystemTracking.h" alt="" coords="1243,230,1515,254">
<area shape="rect" href="$QwTriggerScintillator_8h.html" title="Tracking/include/QwTriggerScintillator.h" alt="" coords="959,305,1207,329">
<area shape="rect" href="$QwMainDetector_8h.html" title="Tracking/include/QwMainDetector.h" alt="" coords="711,305,935,329">
<area shape="rect" href="$QwDriftChamberHDC_8h.html" title="Tracking/include/QwDriftChamberHDC.h" alt="" coords="5,380,256,404">
<area shape="rect" href="$QwDriftChamberVDC_8h.html" title="Tracking/include/QwDriftChamberVDC.h" alt="" coords="512,380,763,404">
<area shape="rect" href="$QwDriftChamber_8cc.html" title="Tracking/src/QwDriftChamber.cc" alt="" coords="280,380,488,404">
<area shape="rect" href="$QwDriftChamberHDC_8cc.html" title="Tracking/src/QwDriftChamberHDC.cc" alt="" coords="13,454,248,478">
<area shape="rect" href="$QwDriftChamberVDC_8cc.html" title="Tracking/src/QwDriftChamberVDC.cc" alt="" coords="520,454,755,478">
<area shape="rect" href="$QwTriggerScintillator_8cc.html" title="Tracking/src/QwTriggerScintillator.cc" alt="" coords="1120,380,1352,404">
<area shape="rect" href="$QwMainDetector_8cc.html" title="Tracking/src/QwMainDetector.cc" alt="" coords="787,380,995,404">
