<area shape="rect" href="$QwVQWK__Module_8h.html" title="Parity/include/QwVQWK_Module.h" alt="" coords="235,81,459,105">
<area shape="rect" href="$QwBPMStripline_8h.html" title="Parity/include/QwBPMStripline.h" alt="" coords="483,81,693,105">
<area shape="rect" href="$QwBCM_8h.html" title="Parity/include/QwBCM.h" alt="" coords="717,81,880,105">
<area shape="rect" href="$QwVQWK__Channel_8cc.html" title="Parity/src/QwVQWK_Channel.cc" alt="" coords="904,81,1115,105">
<area shape="rect" href="$QwQuartzBar_8h.html" title="Parity/include/QwQuartzBar.h" alt="" coords="29,156,221,180">
<area shape="rect" href="$QwVQWK__Module_8cc.html" title="Parity/src/QwVQWK_Module.cc" alt="" coords="245,156,453,180">
<area shape="rect" href="$QwAnalysis__ADC_8h.html" title="Parity/include/QwAnalysis_ADC.h" alt="" coords="5,231,224,255">
<area shape="rect" href="$QwQuartzBar_8cc.html" title="Parity/src/QwQuartzBar.cc" alt="" coords="248,231,424,255">
<area shape="rect" href="$QwAnalysis__ADC_8cc.html" title="main(...) function for the QwAnalysis_ADC executable" alt="" coords="9,305,220,329">
<area shape="rect" href="$QwBeamLine_8h.html" title="Parity/include/QwBeamLine.h" alt="" coords="700,156,892,180">
<area shape="rect" href="$QwBPMStripline_8cc.html" title="Parity/src/QwBPMStripline.cc" alt="" coords="481,156,676,180">
<area shape="rect" href="$QwAnalysis__BeamLine_8h.html" title="Parity/include/QwAnalysis_BeamLine.h" alt="" coords="468,231,716,255">
<area shape="rect" href="$QwBeamLine_8cc.html" title="Parity/src/QwBeamLine.cc" alt="" coords="740,231,916,255">
<area shape="rect" href="$QwAnalysis__BeamLine_8cc.html" title="main(...) function for the qwanalysis_beamline executable" alt="" coords="357,305,600,329">
<area shape="rect" href="$QwHelicityPattern_8cc.html" title="Parity/src/QwHelicityPattern.cc" alt="" coords="624,305,827,329">
<area shape="rect" href="$QwBCM_8cc.html" title="Parity/src/QwBCM.cc" alt="" coords="916,156,1063,180">
