<area shape="rect" href="$evio_8C.html#766f1f755e0cdef5857f8357b7112777" title="evOpen" alt="" coords="179,5,245,29">
<area shape="rect" href="$evio_8C.html#be132f796d95446f479aca2d9adb0e10" title="evOpenSearch" alt="" coords="159,53,265,77">
<area shape="rect" href="$evio_8C.html#ae53b841132876e9eab000a5ba55ed89" title="evRead" alt="" coords="180,101,244,125">
<area shape="rect" href="$classTHaCodaFile.html#33f15bab9c7c6a63500f1cb5c3e71a24" title="THaCodaFile::codaOpen" alt="" coords="316,5,479,29">
<area shape="rect" href="$classTHaCodaFile.html#5c89e85ce4b9c61e3a7643c2a239a892" title="THaCodaFile::THaCodaFile" alt="" coords="529,5,708,29">
<area shape="rect" href="$classTHaCodaFile.html#58c2eadbf5b8cf89e6726fd05756ed91" title="THaCodaFile::codaRead" alt="" coords="316,101,479,125">
<area shape="rect" href="$classTHaCodaFile.html#7f65242c236e5fecf404516bf3a8b2af" title="THaCodaFile::filterToFile" alt="" coords="537,77,700,101">
<area shape="rect" href="$tstio__main_8C.html#0ddf1224851353fc92bfbff6f499fa97" title="main" alt="" coords="759,103,807,127">
