<area shape="rect" href="$evio_8C.html#766f1f755e0cdef5857f8357b7112777" title="evOpen" alt="" coords="200,6,267,30">
<area shape="rect" href="$swap__util_8C.html#1627998f1b63734c69533d83c4fc6874" title="swapped_fread" alt="" coords="180,54,287,78">
<area shape="rect" href="$swap__util_8C.html#9e2251d7aa2d337c66fc00c94d936f6b" title="swapped_memcpy" alt="" coords="169,102,297,126">
<area shape="rect" href="$classTHaCodaFile.html#33f15bab9c7c6a63500f1cb5c3e71a24" title="THaCodaFile::codaOpen" alt="" coords="348,6,511,30">
<area shape="rect" href="$classTHaCodaFile.html#5c89e85ce4b9c61e3a7643c2a239a892" title="THaCodaFile::THaCodaFile" alt="" coords="561,6,740,30">
<area shape="rect" href="$evio_8C.html#ae53b841132876e9eab000a5ba55ed89" title="evRead" alt="" coords="397,102,461,126">
<area shape="rect" href="$classTHaCodaFile.html#58c2eadbf5b8cf89e6726fd05756ed91" title="THaCodaFile::codaRead" alt="" coords="569,102,732,126">
<area shape="rect" href="$classTHaCodaFile.html#7f65242c236e5fecf404516bf3a8b2af" title="THaCodaFile::filterToFile" alt="" coords="791,76,953,100">
<area shape="rect" href="$tstio__main_8C.html#0ddf1224851353fc92bfbff6f499fa97" title="main" alt="" coords="1004,102,1052,126">
