<area shape="rect" href="$tree_8h.html" title="tree.h" alt="" coords="1628,82,1681,106">
<area shape="rect" href="$treenode_8h.html" title="treenode.h" alt="" coords="1692,156,1775,180">
<area shape="rect" href="$nodenode_8h.html" title="nodenode.h" alt="" coords="1689,231,1777,255">
<area shape="rect" href="$globals_8h.html" title="globals.h" alt="" coords="1829,380,1901,404">
<area shape="rect" href="$shortnode_8h.html" title="shortnode.h" alt="" coords="1953,231,2041,255">
<area shape="rect" href="$shorttree_8h.html" title="shorttree.h" alt="" coords="1929,306,2012,330">
<area shape="rect" href="$treeregion_8h.html" title="treeregion.h" alt="" coords="2004,156,2092,180">
<area shape="rect" href="$QwTypes_8h.html" title="QwTypes.h" alt="" coords="1484,455,1569,479">
<area shape="rect" href="$options_8h.html" title="options.h" alt="" coords="1540,231,1615,255">
<area shape="rect" href="$Det_8h.html" title="Det.h" alt="" coords="613,306,664,330">
<area shape="rect" href="$tracking_8h.html" title="tracking.h" alt="" coords="1164,156,1241,180">
<area shape="rect" href="$QwHit_8h.html" title="Draft skeleton for the decoding&#45;to&#45;QTR interface class." alt="" coords="1180,380,1247,404">
<area shape="rect" href="$Hit_8h.html" title="Hit.h" alt="" coords="688,306,736,330">
<area shape="rect" href="$QwASCIIEventBuffer_8h.html" title="QwASCIIEventBuffer.h" alt="" coords="975,231,1129,255">
<area shape="rect" href="$QwEventBuffer_8h.html" title="QwEventBuffer.h" alt="" coords="811,306,931,330">
<area shape="rect" href="$QwParameterFile_8h.html" title="QwParameterFile.h" alt="" coords="351,530,481,554">
<area shape="rect" href="$QwHitContainer_8h.html" title="QwHitContainer.h" alt="" coords="1240,306,1360,330">
<area shape="rect" href="$QwDetectorInfo_8h.html" title="QwDetectorInfo.h" alt="" coords="1615,380,1737,404">
<area shape="rect" href="$THaCodaData_8h.html" title="THaCodaData.h" alt="" coords="900,530,1012,554">
<area shape="rect" href="$MQwCodaControlEvent_8h.html" title="MQwCodaControlEvent.h" alt="" coords="657,530,825,554">
<area shape="rect" href="$QwSubsystemArray_8h.html" title="QwSubsystemArray.h" alt="" coords="908,380,1055,404">
<area shape="rect" href="$VQwSubsystem_8h.html" title="VQwSubsystem.h" alt="" coords="807,455,932,479">
