<area shape="rect" href="$treesort_8h.html" title="treesort.h" alt="" coords="1231,81,1305,105">
<area shape="rect" href="$tree_8h.html" title="tree.h" alt="" coords="661,156,715,180">
<area shape="rect" href="$treesearch_8h.html" title="treesearch.h" alt="" coords="1221,156,1315,180">
<area shape="rect" href="$treenode_8h.html" title="treenode.h" alt="" coords="324,230,407,254">
<area shape="rect" href="$nodenode_8h.html" title="nodenode.h" alt="" coords="243,305,331,329">
<area shape="rect" href="$globals_8h.html" title="globals.h" alt="" coords="280,454,352,478">
<area shape="rect" href="$shortnode_8h.html" title="shortnode.h" alt="" coords="644,305,732,329">
<area shape="rect" href="$shorttree_8h.html" title="shorttree.h" alt="" coords="605,380,688,404">
<area shape="rect" href="$treeregion_8h.html" title="treeregion.h" alt="" coords="481,230,569,254">
<area shape="rect" href="$QwTypes_8h.html" title="QwTypes.h" alt="" coords="1425,529,1511,553">
<area shape="rect" href="$options_8h.html" title="options.h" alt="" coords="1400,305,1475,329">
<area shape="rect" href="$Det_8h.html" title="Det.h" alt="" coords="857,380,908,404">
<area shape="rect" href="$tracking_8h.html" title="tracking.h" alt="" coords="1229,230,1307,254">
<area shape="rect" href="$QwHit_8h.html" title="Draft skeleton for the decoding&#45;to&#45;QTR interface class." alt="" coords="1748,454,1815,478">
<area shape="rect" href="$Hit_8h.html" title="Hit.h" alt="" coords="1649,380,1697,404">
<area shape="rect" href="$QwASCIIEventBuffer_8h.html" title="QwASCIIEventBuffer.h" alt="" coords="1191,305,1345,329">
<area shape="rect" href="$QwEventBuffer_8h.html" title="QwEventBuffer.h" alt="" coords="983,380,1103,404">
<area shape="rect" href="$QwParameterFile_8h.html" title="QwParameterFile.h" alt="" coords="332,604,463,628">
<area shape="rect" href="$QwHitContainer_8h.html" title="QwHitContainer.h" alt="" coords="1505,380,1625,404">
<area shape="rect" href="$QwDetectorInfo_8h.html" title="QwDetectorInfo.h" alt="" coords="1207,454,1329,478">
<area shape="rect" href="$THaCodaData_8h.html" title="THaCodaData.h" alt="" coords="1076,604,1188,628">
<area shape="rect" href="$MQwCodaControlEvent_8h.html" title="MQwCodaControlEvent.h" alt="" coords="1212,604,1380,628">
<area shape="rect" href="$QwSubsystemArray_8h.html" title="QwSubsystemArray.h" alt="" coords="833,454,980,478">
<area shape="rect" href="$VQwSubsystem_8h.html" title="VQwSubsystem.h" alt="" coords="604,529,729,553">
