<area shape="rect" href="$tree_8h.html" title="tree.h" alt="" coords="877,231,931,255">
<area shape="rect" href="$treesearch_8h.html" title="treesearch.h" alt="" coords="1199,231,1292,255">
<area shape="rect" href="$treecombine_8h.html" title="treecombine.h" alt="" coords="1435,81,1539,105">
<area shape="rect" href="$treematch_8h.html" title="treematch.h" alt="" coords="1048,156,1139,180">
<area shape="rect" href="$treenode_8h.html" title="treenode.h" alt="" coords="639,305,721,329">
<area shape="rect" href="$nodenode_8h.html" title="nodenode.h" alt="" coords="636,380,724,404">
<area shape="rect" href="$globals_8h.html" title="globals.h" alt="" coords="115,529,187,553">
<area shape="rect" href="$shortnode_8h.html" title="shortnode.h" alt="" coords="271,380,359,404">
<area shape="rect" href="$shorttree_8h.html" title="shorttree.h" alt="" coords="232,455,315,479">
<area shape="rect" href="$treeregion_8h.html" title="treeregion.h" alt="" coords="372,305,460,329">
<area shape="rect" href="$QwTypes_8h.html" title="QwTypes.h" alt="" coords="1285,604,1371,628">
<area shape="rect" href="$options_8h.html" title="options.h" alt="" coords="1165,380,1240,404">
<area shape="rect" href="$Det_8h.html" title="Det.h" alt="" coords="743,455,793,479">
<area shape="rect" href="$tracking_8h.html" title="tracking.h" alt="" coords="1271,305,1348,329">
<area shape="rect" href="$QwHit_8h.html" title="Draft skeleton for the decoding&#45;to&#45;QTR interface class." alt="" coords="1608,529,1675,553">
<area shape="rect" href="$Hit_8h.html" title="Hit.h" alt="" coords="1560,455,1608,479">
<area shape="rect" href="$QwASCIIEventBuffer_8h.html" title="QwASCIIEventBuffer.h" alt="" coords="987,380,1141,404">
<area shape="rect" href="$QwEventBuffer_8h.html" title="QwEventBuffer.h" alt="" coords="868,455,988,479">
<area shape="rect" href="$QwParameterFile_8h.html" title="QwParameterFile.h" alt="" coords="208,679,339,703">
<area shape="rect" href="$QwHitContainer_8h.html" title="QwHitContainer.h" alt="" coords="1365,455,1485,479">
<area shape="rect" href="$QwDetectorInfo_8h.html" title="QwDetectorInfo.h" alt="" coords="1016,529,1139,553">
<area shape="rect" href="$THaCodaData_8h.html" title="THaCodaData.h" alt="" coords="883,679,995,703">
<area shape="rect" href="$MQwCodaControlEvent_8h.html" title="MQwCodaControlEvent.h" alt="" coords="1069,679,1237,703">
<area shape="rect" href="$QwSubsystemArray_8h.html" title="QwSubsystemArray.h" alt="" coords="643,529,789,553">
<area shape="rect" href="$VQwSubsystem_8h.html" title="VQwSubsystem.h" alt="" coords="464,604,589,628">
<area shape="rect" href="$uv2xy_8h.html" title="uv2xy.h" alt="" coords="1453,156,1520,180">
