<area shape="rect" href="$nodenode_8h.html" title="Tracking/include/nodenode.h" alt="" coords="1213,81,1400,105">
<area shape="rect" href="$tree_8h.html" title="Tracking/include/tree.h" alt="" coords="1027,156,1179,180">
<area shape="rect" href="$tree_8cc.html" title="Tracking/src/tree.cc" alt="" coords="1372,230,1508,254">
<area shape="rect" href="$treenode_8cc.html" title="Tracking/src/treenode.cc" alt="" coords="1499,81,1661,105">
<area shape="rect" href="$nodenode_8cc.html" title="Tracking/src/nodenode.cc" alt="" coords="1253,156,1424,180">
<area shape="rect" href="$QwAnalysis__ADC_8cc.html" title="main(...) function for the QwAnalysis_ADC executable" alt="" coords="736,454,947,478">
<area shape="rect" href="$uv2xy_8h.html" title="Tracking/include/uv2xy.h" alt="" coords="541,230,704,254">
<area shape="rect" href="$treedo_8h.html" title="Tracking/include/treedo.h" alt="" coords="741,380,907,404">
<area shape="rect" href="$QwAnalysis_8cc.html" title="main(...) function for the QwAnalysis executable" alt="" coords="1005,454,1197,478">
<area shape="rect" href="$QwTracking_8cc.html" title="This is the main program which simply executes a series of commands." alt="" coords="1231,454,1423,478">
<area shape="rect" href="$treematch_8h.html" title="Tracking/include/treematch.h" alt="" coords="720,305,907,329">
<area shape="rect" href="$treesort_8h.html" title="Tracking/include/treesort.h" alt="" coords="120,305,293,329">
<area shape="rect" href="$Qoptions_8cc.html" title="Qoptions is a generic ascii read&#45;in program for handling program options." alt="" coords="865,230,1031,254">
<area shape="rect" href="$Qset_8cc.html" title="Qset is a generic data read&#45;in class that reads ascii to set up the detector geometry..." alt="" coords="1055,230,1196,254">
<area shape="rect" href="$treecombine_8h.html" title="Tracking/include/treecombine.h" alt="" coords="325,305,525,329">
<area shape="rect" href="$uv2xy_8cc.html" title="Tracking/src/uv2xy.cc" alt="" coords="549,305,696,329">
<area shape="rect" href="$treedo_8cc.html" title="Tracking/src/treedo.cc" alt="" coords="464,454,613,478">
<area shape="rect" href="$treecombine_8cc.html" title="Tracking/src/treecombine.cc" alt="" coords="237,380,421,404">
<area shape="rect" href="$treematch_8cc.html" title="This module matches track segments for individual wire planes." alt="" coords="496,380,667,404">
<area shape="rect" href="$treesort_8cc.html" title="This module is used to identify good track segments versus ghost tracks/hits." alt="" coords="5,380,163,404">
