<area shape="rect" href="$QwHit_8h.html" title="Draft skeleton for the decoding&#45;to&#45;QTR interface class." alt="" coords="771,454,837,478">
<area shape="rect" href="$tracking_8h.html" title="tracking.h" alt="" coords="872,230,949,254">
<area shape="rect" href="$uv2xy_8h.html" title="uv2xy.h" alt="" coords="675,81,741,105">
<area shape="rect" href="$QwTypes_8h.html" title="QwTypes.h" alt="" coords="883,529,968,553">
<area shape="rect" href="$globals_8h.html" title="globals.h" alt="" coords="253,454,325,478">
<area shape="rect" href="$Hit_8h.html" title="Hit.h" alt="" coords="896,380,944,404">
<area shape="rect" href="$QwASCIIEventBuffer_8h.html" title="QwASCIIEventBuffer.h" alt="" coords="1024,305,1179,329">
<area shape="rect" href="$QwEventBuffer_8h.html" title="QwEventBuffer.h" alt="" coords="1649,380,1769,404">
<area shape="rect" href="$QwParameterFile_8h.html" title="QwParameterFile.h" alt="" coords="1248,604,1379,628">
<area shape="rect" href="$Det_8h.html" title="Det.h" alt="" coords="771,380,821,404">
<area shape="rect" href="$QwHitContainer_8h.html" title="QwHitContainer.h" alt="" coords="1019,380,1139,404">
<area shape="rect" href="$QwDetectorInfo_8h.html" title="QwDetectorInfo.h" alt="" coords="1256,454,1379,478">
<area shape="rect" href="$THaCodaData_8h.html" title="THaCodaData.h" alt="" coords="2115,604,2227,628">
<area shape="rect" href="$MQwCodaControlEvent_8h.html" title="MQwCodaControlEvent.h" alt="" coords="1605,604,1773,628">
<area shape="rect" href="$QwSubsystemArray_8h.html" title="QwSubsystemArray.h" alt="" coords="1765,454,1912,478">
<area shape="rect" href="$VQwSubsystem_8h.html" title="VQwSubsystem.h" alt="" coords="1555,529,1680,553">
<area shape="rect" href="$tree_8h.html" title="tree.h" alt="" coords="555,156,608,180">
<area shape="rect" href="$treenode_8h.html" title="treenode.h" alt="" coords="461,230,544,254">
<area shape="rect" href="$nodenode_8h.html" title="nodenode.h" alt="" coords="459,305,547,329">
<area shape="rect" href="$shortnode_8h.html" title="shortnode.h" alt="" coords="245,305,333,329">
<area shape="rect" href="$shorttree_8h.html" title="shorttree.h" alt="" coords="248,380,331,404">
<area shape="rect" href="$treeregion_8h.html" title="treeregion.h" alt="" coords="195,230,283,254">
<area shape="rect" href="$options_8h.html" title="options.h" alt="" coords="621,305,696,329">
