<area shape="rect" href="$QwAnalysis__ADC_8cc.html" title="main(...) function for the QwAnalysis_ADC executable" alt="" coords="131,305,341,329">
<area shape="rect" href="$uv2xy_8h.html" title="Tracking/include/uv2xy.h" alt="" coords="757,81,920,105">
<area shape="rect" href="$treedo_8h.html" title="Tracking/include/treedo.h" alt="" coords="788,231,953,255">
<area shape="rect" href="$QwAnalysis_8cc.html" title="main(...) function for the QwAnalysis executable" alt="" coords="760,305,952,329">
<area shape="rect" href="$QwTracking_8cc.html" title="This is the main program which simply executes a series of commands." alt="" coords="976,305,1168,329">
<area shape="rect" href="$treematch_8h.html" title="Tracking/include/treematch.h" alt="" coords="339,156,525,180">
<area shape="rect" href="$treesort_8h.html" title="Tracking/include/treesort.h" alt="" coords="141,156,315,180">
<area shape="rect" href="$Qoptions_8cc.html" title="Qoptions is a generic ascii read&#45;in program for handling program options." alt="" coords="1096,81,1261,105">
<area shape="rect" href="$Qset_8cc.html" title="Qset is a generic data read&#45;in class that reads ascii to set up the detector geometry..." alt="" coords="1285,81,1427,105">
<area shape="rect" href="$tree_8cc.html" title="Tracking/src/tree.cc" alt="" coords="1451,81,1587,105">
<area shape="rect" href="$treecombine_8h.html" title="Tracking/include/treecombine.h" alt="" coords="549,156,749,180">
<area shape="rect" href="$uv2xy_8cc.html" title="Tracking/src/uv2xy.cc" alt="" coords="773,156,920,180">
<area shape="rect" href="$treedo_8cc.html" title="Tracking/src/treedo.cc" alt="" coords="404,305,553,329">
<area shape="rect" href="$treecombine_8cc.html" title="Tracking/src/treecombine.cc" alt="" coords="335,231,519,255">
<area shape="rect" href="$treematch_8cc.html" title="This module matches track segments for individual wire planes." alt="" coords="543,231,713,255">
<area shape="rect" href="$treesort_8cc.html" title="This module is used to identify good track segments versus ghost tracks/hits." alt="" coords="52,231,209,255">
