<area shape="rect" href="$treedo_8h.html" title="treedo.h" alt="" coords="725,81,792,105">
<area shape="rect" href="$treeregion_8h.html" title="treeregion.h" alt="" coords="1648,380,1736,404">
<area shape="rect" href="$options_8h.html" title="options.h" alt="" coords="1549,380,1624,404">
<area shape="rect" href="$Det_8h.html" title="Det.h" alt="" coords="296,529,347,553">
<area shape="rect" href="$tracking_8h.html" title="tracking.h" alt="" coords="791,380,868,404">
<area shape="rect" href="$Hit_8h.html" title="Hit.h" alt="" coords="560,529,608,553">
<area shape="rect" href="$treesearch_8h.html" title="treesearch.h" alt="" coords="867,305,960,329">
<area shape="rect" href="$treecombine_8h.html" title="treecombine.h" alt="" coords="467,156,571,180">
<area shape="rect" href="$treematch_8h.html" title="treematch.h" alt="" coords="651,156,741,180">
<area shape="rect" href="$Qoptions_8h.html" title="Qoptions.h" alt="" coords="1552,81,1635,105">
<area shape="rect" href="$treesort_8h.html" title="treesort.h" alt="" coords="917,231,992,255">
<area shape="rect" href="$tree_8h.html" title="tree.h" alt="" coords="1040,305,1093,329">
<area shape="rect" href="$treenode_8h.html" title="treenode.h" alt="" coords="1036,380,1119,404">
<area shape="rect" href="$nodenode_8h.html" title="nodenode.h" alt="" coords="1032,455,1120,479">
<area shape="rect" href="$globals_8h.html" title="globals.h" alt="" coords="1656,604,1728,628">
<area shape="rect" href="$shortnode_8h.html" title="shortnode.h" alt="" coords="1423,455,1511,479">
<area shape="rect" href="$shorttree_8h.html" title="shorttree.h" alt="" coords="1427,529,1509,553">
<area shape="rect" href="$QwTypes_8h.html" title="QwTypes.h" alt="" coords="573,679,659,703">
<area shape="rect" href="$QwHit_8h.html" title="Draft skeleton for the decoding&#45;to&#45;QTR interface class." alt="" coords="397,604,464,628">
<area shape="rect" href="$QwASCIIEventBuffer_8h.html" title="QwASCIIEventBuffer.h" alt="" coords="752,455,907,479">
<area shape="rect" href="$QwEventBuffer_8h.html" title="QwEventBuffer.h" alt="" coords="1080,529,1200,553">
<area shape="rect" href="$QwParameterFile_8h.html" title="QwParameterFile.h" alt="" coords="1248,753,1379,777">
<area shape="rect" href="$QwHitContainer_8h.html" title="QwHitContainer.h" alt="" coords="733,529,853,553">
<area shape="rect" href="$QwDetectorInfo_8h.html" title="QwDetectorInfo.h" alt="" coords="488,604,611,628">
<area shape="rect" href="$THaCodaData_8h.html" title="THaCodaData.h" alt="" coords="1504,753,1616,777">
<area shape="rect" href="$MQwCodaControlEvent_8h.html" title="MQwCodaControlEvent.h" alt="" coords="637,753,805,777">
<area shape="rect" href="$QwSubsystemArray_8h.html" title="QwSubsystemArray.h" alt="" coords="1232,604,1379,628">
<area shape="rect" href="$VQwSubsystem_8h.html" title="VQwSubsystem.h" alt="" coords="835,679,960,703">
<area shape="rect" href="$uv2xy_8h.html" title="uv2xy.h" alt="" coords="456,231,523,255">
