<area shape="rect" href="$treecombine_8h.html" title="Tracking/include/treecombine.h" alt="" coords="673,81,873,105">
<area shape="rect" href="$uv2xy_8cc.html" title="Tracking/src/uv2xy.cc" alt="" coords="897,81,1044,105">
<area shape="rect" href="$treedo_8h.html" title="Tracking/include/treedo.h" alt="" coords="469,156,635,180">
<area shape="rect" href="$treedo_8cc.html" title="Tracking/src/treedo.cc" alt="" coords="672,230,821,254">
<area shape="rect" href="$treecombine_8cc.html" title="Tracking/src/treecombine.cc" alt="" coords="747,156,931,180">
<area shape="rect" href="$treematch_8cc.html" title="This module matches track segments for individual wire planes." alt="" coords="955,156,1125,180">
<area shape="rect" href="$QwAnalysis__ADC_8cc.html" title="main(...) function for the QwAnalysis_ADC executable" alt="" coords="5,230,216,254">
<area shape="rect" href="$QwAnalysis_8cc.html" title="main(...) function for the QwAnalysis executable" alt="" coords="240,230,432,254">
<area shape="rect" href="$QwTracking_8cc.html" title="This is the main program which simply executes a series of commands." alt="" coords="456,230,648,254">
