<area shape="rect" href="$QwSubsystemArrayTracking_8h.html" title="Tracking/include/QwSubsystemArrayTracking.h" alt="" coords="821,81,1117,105">
<area shape="rect" href="$QwGasElectronMultiplier_8h.html" title="Tracking/include/QwGasElectronMultiplier.h" alt="" coords="525,81,797,105">
<area shape="rect" href="$QwDriftChamber_8h.html" title="Tracking/include/QwDriftChamber.h" alt="" coords="1141,81,1365,105">
<area shape="rect" href="$QwTriggerScintillator_8h.html" title="Tracking/include/QwTriggerScintillator.h" alt="" coords="5,81,253,105">
<area shape="rect" href="$QwMainDetector_8h.html" title="Tracking/include/QwMainDetector.h" alt="" coords="277,81,501,105">
<area shape="rect" href="$QwAnalysis_8h.html" title="Tracking/include/QwAnalysis.h" alt="" coords="597,231,797,255">
<area shape="rect" href="$QwAnalysis_8cc.html" title="main(...) function for the QwAnalysis executable" alt="" coords="601,305,793,329">
<area shape="rect" href="$QwDriftChamberHDC_8h.html" title="Tracking/include/QwDriftChamberHDC.h" alt="" coords="992,156,1243,180">
<area shape="rect" href="$QwDriftChamberVDC_8h.html" title="Tracking/include/QwDriftChamberVDC.h" alt="" coords="1267,156,1517,180">
<area shape="rect" href="$QwDriftChamber_8cc.html" title="Tracking/src/QwDriftChamber.cc" alt="" coords="760,156,968,180">
<area shape="rect" href="$QwDriftChamberHDC_8cc.html" title="Tracking/src/QwDriftChamberHDC.cc" alt="" coords="1000,231,1235,255">
<area shape="rect" href="$QwDriftChamberVDC_8cc.html" title="Tracking/src/QwDriftChamberVDC.cc" alt="" coords="1275,231,1509,255">
<area shape="rect" href="$QwTriggerScintillator_8cc.html" title="Tracking/src/QwTriggerScintillator.cc" alt="" coords="120,156,352,180">
<area shape="rect" href="$QwMainDetector_8cc.html" title="Tracking/src/QwMainDetector.cc" alt="" coords="427,156,635,180">
